stm32l0xx_it.c:77:6:ledprogram_syncfade	8	static
stm32l0xx_it.c:116:6:ledprogram_panfade	8	static
stm32l0xx_it.c:174:6:NMI_Handler	8	static
stm32l0xx_it.c:187:6:HardFault_Handler	8	static
stm32l0xx_it.c:202:6:SVC_Handler	8	static
stm32l0xx_it.c:215:6:PendSV_Handler	8	static
stm32l0xx_it.c:228:6:SysTick_Handler	8	static
stm32l0xx_it.c:249:6:EXTI4_15_IRQHandler	16	static
stm32l0xx_it.c:271:6:DMA1_Channel1_IRQHandler	8	static
stm32l0xx_it.c:285:6:LPTIM1_IRQHandler	8	static
stm32l0xx_it.c:304:6:TIM21_IRQHandler	8	static
