stm32l0xx_it.c:77:6:ledprogram_syncfade	8	static
stm32l0xx_it.c:116:6:ledprogram_panfade	8	static
stm32l0xx_it.c:175:6:NMI_Handler	8	static
stm32l0xx_it.c:188:6:HardFault_Handler	8	static
stm32l0xx_it.c:203:6:SVC_Handler	8	static
stm32l0xx_it.c:216:6:PendSV_Handler	8	static
stm32l0xx_it.c:229:6:SysTick_Handler	8	static
stm32l0xx_it.c:250:6:EXTI4_15_IRQHandler	16	static
stm32l0xx_it.c:272:6:DMA1_Channel1_IRQHandler	8	static
stm32l0xx_it.c:286:6:LPTIM1_IRQHandler	8	static
stm32l0xx_it.c:305:6:TIM21_IRQHandler	8	static
