core_cm0plus.h:745:22:NVIC_EnableIRQ	16	static
core_cm0plus.h:804:22:NVIC_SetPriority	24	static
stm32l0xx_ll_lptim.h:380:22:LL_LPTIM_SetUpdateMode	16	static
stm32l0xx_ll_lptim.h:479:22:LL_LPTIM_SetCounterMode	16	static
stm32l0xx_ll_lptim.h:555:22:LL_LPTIM_SetPolarity	16	static
stm32l0xx_ll_lptim.h:593:22:LL_LPTIM_SetPrescaler	16	static
stm32l0xx_ll_lptim.h:674:22:LL_LPTIM_TrigSw	16	static
stm32l0xx_ll_lptim.h:785:22:LL_LPTIM_SetClockSource	16	static
stm32l0xx_ll_bus.h:440:22:LL_APB1_GRP1_EnableClock	24	static
lptim.c:28:6:MX_LPTIM1_Init	8	static
