core_cm0plus.h:846:22:NVIC_SystemReset	8	static,ignoring_inline_asm
stm32l0xx_ll_exti.h:891:26:LL_EXTI_IsActiveFlag_0_31	16	static
stm32l0xx_ll_exti.h:971:22:LL_EXTI_ClearFlag_0_31	16	static
stm32l0xx_it.c:78:6:NMI_Handler	8	static
stm32l0xx_it.c:91:6:HardFault_Handler	8	static
stm32l0xx_it.c:106:6:SVC_Handler	8	static
stm32l0xx_it.c:119:6:PendSV_Handler	8	static
stm32l0xx_it.c:132:6:SysTick_Handler	8	static
stm32l0xx_it.c:153:6:EXTI4_15_IRQHandler	16	static
stm32l0xx_it.c:192:6:LPTIM1_IRQHandler	8	static
stm32l0xx_it.c:208:6:TIM21_IRQHandler	8	static
