Archive member included to satisfy reference by file (symbol)

/home/chris/st/stm32cubeide_1.2.0/plugins/com.st.stm32cube.ide.mcu.externaltools.gnu-tools-for-stm32.7-2018-q2-update.linux64_1.0.0.201904181610/tools/bin/../lib/gcc/arm-none-eabi/7.3.1/../../../../arm-none-eabi/lib/thumb/v6-m/libc_nano.a(lib_a-errno.o)
                              Core/Src/syscalls.o (__errno)
/home/chris/st/stm32cubeide_1.2.0/plugins/com.st.stm32cube.ide.mcu.externaltools.gnu-tools-for-stm32.7-2018-q2-update.linux64_1.0.0.201904181610/tools/bin/../lib/gcc/arm-none-eabi/7.3.1/../../../../arm-none-eabi/lib/thumb/v6-m/libc_nano.a(lib_a-exit.o)
                              /home/chris/st/stm32cubeide_1.2.0/plugins/com.st.stm32cube.ide.mcu.externaltools.gnu-tools-for-stm32.7-2018-q2-update.linux64_1.0.0.201904181610/tools/bin/../lib/gcc/arm-none-eabi/7.3.1/../../../../arm-none-eabi/lib/thumb/v6-m/crt0.o (exit)
/home/chris/st/stm32cubeide_1.2.0/plugins/com.st.stm32cube.ide.mcu.externaltools.gnu-tools-for-stm32.7-2018-q2-update.linux64_1.0.0.201904181610/tools/bin/../lib/gcc/arm-none-eabi/7.3.1/../../../../arm-none-eabi/lib/thumb/v6-m/libc_nano.a(lib_a-impure.o)
                              /home/chris/st/stm32cubeide_1.2.0/plugins/com.st.stm32cube.ide.mcu.externaltools.gnu-tools-for-stm32.7-2018-q2-update.linux64_1.0.0.201904181610/tools/bin/../lib/gcc/arm-none-eabi/7.3.1/../../../../arm-none-eabi/lib/thumb/v6-m/libc_nano.a(lib_a-exit.o) (_global_impure_ptr)
/home/chris/st/stm32cubeide_1.2.0/plugins/com.st.stm32cube.ide.mcu.externaltools.gnu-tools-for-stm32.7-2018-q2-update.linux64_1.0.0.201904181610/tools/bin/../lib/gcc/arm-none-eabi/7.3.1/../../../../arm-none-eabi/lib/thumb/v6-m/libc_nano.a(lib_a-init.o)
                              /home/chris/st/stm32cubeide_1.2.0/plugins/com.st.stm32cube.ide.mcu.externaltools.gnu-tools-for-stm32.7-2018-q2-update.linux64_1.0.0.201904181610/tools/bin/../lib/gcc/arm-none-eabi/7.3.1/../../../../arm-none-eabi/lib/thumb/v6-m/crt0.o (__libc_init_array)
/home/chris/st/stm32cubeide_1.2.0/plugins/com.st.stm32cube.ide.mcu.externaltools.gnu-tools-for-stm32.7-2018-q2-update.linux64_1.0.0.201904181610/tools/bin/../lib/gcc/arm-none-eabi/7.3.1/../../../../arm-none-eabi/lib/thumb/v6-m/libc_nano.a(lib_a-memset.o)
                              /home/chris/st/stm32cubeide_1.2.0/plugins/com.st.stm32cube.ide.mcu.externaltools.gnu-tools-for-stm32.7-2018-q2-update.linux64_1.0.0.201904181610/tools/bin/../lib/gcc/arm-none-eabi/7.3.1/../../../../arm-none-eabi/lib/thumb/v6-m/crt0.o (memset)
/home/chris/st/stm32cubeide_1.2.0/plugins/com.st.stm32cube.ide.mcu.externaltools.gnu-tools-for-stm32.7-2018-q2-update.linux64_1.0.0.201904181610/tools/bin/../lib/gcc/arm-none-eabi/7.3.1/thumb/v6-m/libgcc.a(_udivsi3.o)
                              Core/Src/system_stm32l0xx.o (__aeabi_uidiv)
/home/chris/st/stm32cubeide_1.2.0/plugins/com.st.stm32cube.ide.mcu.externaltools.gnu-tools-for-stm32.7-2018-q2-update.linux64_1.0.0.201904181610/tools/bin/../lib/gcc/arm-none-eabi/7.3.1/thumb/v6-m/libgcc.a(_dvmd_tls.o)
                              /home/chris/st/stm32cubeide_1.2.0/plugins/com.st.stm32cube.ide.mcu.externaltools.gnu-tools-for-stm32.7-2018-q2-update.linux64_1.0.0.201904181610/tools/bin/../lib/gcc/arm-none-eabi/7.3.1/thumb/v6-m/libgcc.a(_udivsi3.o) (__aeabi_idiv0)

Discarded input sections

 .text          0x0000000000000000        0x0 /home/chris/st/stm32cubeide_1.2.0/plugins/com.st.stm32cube.ide.mcu.externaltools.gnu-tools-for-stm32.7-2018-q2-update.linux64_1.0.0.201904181610/tools/bin/../lib/gcc/arm-none-eabi/7.3.1/thumb/v6-m/crti.o
 .data          0x0000000000000000        0x0 /home/chris/st/stm32cubeide_1.2.0/plugins/com.st.stm32cube.ide.mcu.externaltools.gnu-tools-for-stm32.7-2018-q2-update.linux64_1.0.0.201904181610/tools/bin/../lib/gcc/arm-none-eabi/7.3.1/thumb/v6-m/crti.o
 .bss           0x0000000000000000        0x0 /home/chris/st/stm32cubeide_1.2.0/plugins/com.st.stm32cube.ide.mcu.externaltools.gnu-tools-for-stm32.7-2018-q2-update.linux64_1.0.0.201904181610/tools/bin/../lib/gcc/arm-none-eabi/7.3.1/thumb/v6-m/crti.o
 .data          0x0000000000000000        0x4 /home/chris/st/stm32cubeide_1.2.0/plugins/com.st.stm32cube.ide.mcu.externaltools.gnu-tools-for-stm32.7-2018-q2-update.linux64_1.0.0.201904181610/tools/bin/../lib/gcc/arm-none-eabi/7.3.1/thumb/v6-m/crtbegin.o
 .text          0x0000000000000000       0x78 /home/chris/st/stm32cubeide_1.2.0/plugins/com.st.stm32cube.ide.mcu.externaltools.gnu-tools-for-stm32.7-2018-q2-update.linux64_1.0.0.201904181610/tools/bin/../lib/gcc/arm-none-eabi/7.3.1/../../../../arm-none-eabi/lib/thumb/v6-m/crt0.o
 .data          0x0000000000000000        0x0 /home/chris/st/stm32cubeide_1.2.0/plugins/com.st.stm32cube.ide.mcu.externaltools.gnu-tools-for-stm32.7-2018-q2-update.linux64_1.0.0.201904181610/tools/bin/../lib/gcc/arm-none-eabi/7.3.1/../../../../arm-none-eabi/lib/thumb/v6-m/crt0.o
[...]
Memory Configuration

Name             Origin             Length             Attributes
RAM              0x0000000020000000 0x0000000000000800 xrw
FLASH            0x0000000008000000 0x0000000000004000 xr
*default*        0x0000000000000000 0xffffffffffffffff

Linker script and memory map

LOAD /home/chris/st/stm32cubeide_1.2.0/plugins/com.st.stm32cube.ide.mcu.externaltools.gnu-tools-for-stm32.7-2018-q2-update.linux64_1.0.0.201904181610/tools/bin/../lib/gcc/arm-none-eabi/7.3.1/thumb/v6-m/crti.o
LOAD /home/chris/st/stm32cubeide_1.2.0/plugins/com.st.stm32cube.ide.mcu.externaltools.gnu-tools-for-stm32.7-2018-q2-update.linux64_1.0.0.201904181610/tools/bin/../lib/gcc/arm-none-eabi/7.3.1/thumb/v6-m/crtbegin.o
LOAD /home/chris/st/stm32cubeide_1.2.0/plugins/com.st.stm32cube.ide.mcu.externaltools.gnu-tools-for-stm32.7-2018-q2-update.linux64_1.0.0.201904181610/tools/bin/../lib/gcc/arm-none-eabi/7.3.1/../../../../arm-none-eabi/lib/thumb/v6-m/crt0.o
LOAD Core/Src/gpio.o
LOAD Core/Src/ledprograms.o
LOAD Core/Src/lptim.o
LOAD Core/Src/main.o
LOAD Core/Src/stm32l0xx_it.o
LOAD Core/Src/syscalls.o
LOAD Core/Src/sysmem.o
LOAD Core/Src/system_stm32l0xx.o
LOAD Core/Src/tim.o
LOAD Core/Startup/startup_stm32l011d4px.o
LOAD Drivers/STM32L0xx_HAL_Driver/Src/stm32l0xx_ll_dma.o
LOAD Drivers/STM32L0xx_HAL_Driver/Src/stm32l0xx_ll_exti.o
LOAD Drivers/STM32L0xx_HAL_Driver/Src/stm32l0xx_ll_gpio.o
LOAD Drivers/STM32L0xx_HAL_Driver/Src/stm32l0xx_ll_lptim.o
LOAD Drivers/STM32L0xx_HAL_Driver/Src/stm32l0xx_ll_pwr.o
LOAD Drivers/STM32L0xx_HAL_Driver/Src/stm32l0xx_ll_rcc.o
LOAD Drivers/STM32L0xx_HAL_Driver/Src/stm32l0xx_ll_tim.o
LOAD Drivers/STM32L0xx_HAL_Driver/Src/stm32l0xx_ll_utils.o
START GROUP
LOAD /home/chris/st/stm32cubeide_1.2.0/plugins/com.st.stm32cube.ide.mcu.externaltools.gnu-tools-for-stm32.7-2018-q2-update.linux64_1.0.0.201904181610/tools/bin/../lib/gcc/arm-none-eabi/7.3.1/../../../../arm-none-eabi/lib/thumb/v6-m/libc_nano.a
LOAD /home/chris/st/stm32cubeide_1.2.0/plugins/com.st.stm32cube.ide.mcu.externaltools.gnu-tools-for-stm32.7-2018-q2-update.linux64_1.0.0.201904181610/tools/bin/../lib/gcc/arm-none-eabi/7.3.1/../../../../arm-none-eabi/lib/thumb/v6-m/libm.a
END GROUP
START GROUP
LOAD /home/chris/st/stm32cubeide_1.2.0/plugins/com.st.stm32cube.ide.mcu.externaltools.gnu-tools-for-stm32.7-2018-q2-update.linux64_1.0.0.201904181610/tools/bin/../lib/gcc/arm-none-eabi/7.3.1/thumb/v6-m/libgcc.a
LOAD /home/chris/st/stm32cubeide_1.2.0/plugins/com.st.stm32cube.ide.mcu.externaltools.gnu-tools-for-stm32.7-2018-q2-update.linux64_1.0.0.201904181610/tools/bin/../lib/gcc/arm-none-eabi/7.3.1/../../../../arm-none-eabi/lib/thumb/v6-m/libc_nano.a
END GROUP
START GROUP
LOAD /home/chris/st/stm32cubeide_1.2.0/plugins/com.st.stm32cube.ide.mcu.externaltools.gnu-tools-for-stm32.7-2018-q2-update.linux64_1.0.0.201904181610/tools/bin/../lib/gcc/arm-none-eabi/7.3.1/thumb/v6-m/libgcc.a
LOAD /home/chris/st/stm32cubeide_1.2.0/plugins/com.st.stm32cube.ide.mcu.externaltools.gnu-tools-for-stm32.7-2018-q2-update.linux64_1.0.0.201904181610/tools/bin/../lib/gcc/arm-none-eabi/7.3.1/../../../../arm-none-eabi/lib/thumb/v6-m/libc_nano.a
LOAD /home/chris/st/stm32cubeide_1.2.0/plugins/com.st.stm32cube.ide.mcu.externaltools.gnu-tools-for-stm32.7-2018-q2-update.linux64_1.0.0.201904181610/tools/bin/../lib/gcc/arm-none-eabi/7.3.1/../../../../arm-none-eabi/lib/thumb/v6-m/libnosys.a
END GROUP
START GROUP
LOAD /home/chris/st/stm32cubeide_1.2.0/plugins/com.st.stm32cube.ide.mcu.externaltools.gnu-tools-for-stm32.7-2018-q2-update.linux64_1.0.0.201904181610/tools/bin/../lib/gcc/arm-none-eabi/7.3.1/thumb/v6-m/libgcc.a
LOAD /home/chris/st/stm32cubeide_1.2.0/plugins/com.st.stm32cube.ide.mcu.externaltools.gnu-tools-for-stm32.7-2018-q2-update.linux64_1.0.0.201904181610/tools/bin/../lib/gcc/arm-none-eabi/7.3.1/../../../../arm-none-eabi/lib/thumb/v6-m/libc_nano.a
LOAD /home/chris/st/stm32cubeide_1.2.0/plugins/com.st.stm32cube.ide.mcu.externaltools.gnu-tools-for-stm32.7-2018-q2-update.linux64_1.0.0.201904181610/tools/bin/../lib/gcc/arm-none-eabi/7.3.1/../../../../arm-none-eabi/lib/thumb/v6-m/libnosys.a
END GROUP
LOAD /home/chris/st/stm32cubeide_1.2.0/plugins/com.st.stm32cube.ide.mcu.externaltools.gnu-tools-for-stm32.7-2018-q2-update.linux64_1.0.0.201904181610/tools/bin/../lib/gcc/arm-none-eabi/7.3.1/thumb/v6-m/crtend.o
LOAD /home/chris/st/stm32cubeide_1.2.0/plugins/com.st.stm32cube.ide.mcu.externaltools.gnu-tools-for-stm32.7-2018-q2-update.linux64_1.0.0.201904181610/tools/bin/../lib/gcc/arm-none-eabi/7.3.1/thumb/v6-m/crtn.o
                0x0000000020000800                _estack = (ORIGIN (RAM) + LENGTH (RAM))
                0x0000000000000200                _Min_Heap_Size = 0x200
                0x0000000000000400                _Min_Stack_Size = 0x400

.isr_vector     0x0000000008000000       0xc0
                0x0000000008000000                . = ALIGN (0x4)
 *(.isr_vector)
 .isr_vector    0x0000000008000000       0xc0 Core/Startup/startup_stm32l011d4px.o
                0x0000000008000000                g_pfnVectors
                0x00000000080000c0                . = ALIGN (0x4)

.text           0x00000000080000c0     0x1dbc
                0x00000000080000c0                . = ALIGN (0x4)
 *(.text)
 .text          0x00000000080000c0       0x48 /home/chris/st/stm32cubeide_1.2.0/plugins/com.st.stm32cube.ide.mcu.externaltools.gnu-tools-for-stm32.7-2018-q2-update.linux64_1.0.0.201904181610/tools/bin/../lib/gcc/arm-none-eabi/7.3.1/thumb/v6-m/crtbegin.o
 .text          0x0000000008000108      0x114 /home/chris/st/stm32cubeide_1.2.0/plugins/com.st.stm32cube.ide.mcu.externaltools.gnu-tools-for-stm32.7-2018-q2-update.linux64_1.0.0.201904181610/tools/bin/../lib/gcc/arm-none-eabi/7.3.1/thumb/v6-m/libgcc.a(_udivsi3.o)
                0x0000000008000108                __udivsi3
                0x0000000008000108                __aeabi_uidiv
                0x0000000008000214                __aeabi_uidivmod
 .text          0x000000000800021c        0x4 /home/chris/st/stm32cubeide_1.2.0/plugins/com.st.stm32cube.ide.mcu.externaltools.gnu-tools-for-stm32.7-2018-q2-update.linux64_1.0.0.201904181610/tools/bin/../lib/gcc/arm-none-eabi/7.3.1/thumb/v6-m/libgcc.a(_dvmd_tls.o)
                0x000000000800021c                __aeabi_ldiv0
                0x000000000800021c                __aeabi_idiv0
 *(.text*)
 .text.NVIC_EnableIRQ
                0x0000000008000220       0x2c Core/Src/gpio.o
 .text.NVIC_SetPriority
                0x000000000800024c       0xdc Core/Src/gpio.o
 .text.LL_IOP_GRP1_EnableClock
                0x0000000008000328       0x2c Core/Src/gpio.o
 .text.LL_SYSCFG_SetEXTISource
                0x0000000008000354       0x4c Core/Src/gpio.o
 .text.LL_GPIO_SetPinMode
                0x00000000080003a0       0x3a Core/Src/gpio.o
 .text.LL_GPIO_SetPinPull
                0x00000000080003da       0x3a Core/Src/gpio.o
 .text.LL_GPIO_ResetOutputPin
                0x0000000008000414       0x18 Core/Src/gpio.o
 .text.MX_GPIO_Init
                0x000000000800042c      0x108 Core/Src/gpio.o
                0x000000000800042c                MX_GPIO_Init
 .text.ledprogram_symcontfade
                0x0000000008000534       0x84 Core/Src/ledprograms.o
                0x0000000008000534                ledprogram_symcontfade
 .text.ledprogram_resetall
                0x00000000080005b8       0x24 Core/Src/ledprograms.o
                0x00000000080005b8                ledprogram_resetall
 .text.ledprogram_flash
                0x00000000080005dc       0x68 Core/Src/ledprograms.o
                0x00000000080005dc                ledprogram_flash
 .text.NVIC_EnableIRQ
                0x0000000008000644       0x2c Core/Src/lptim.o
 .text.NVIC_SetPriority
                0x0000000008000670       0xdc Core/Src/lptim.o
 .text.LL_LPTIM_SetUpdateMode
                0x000000000800074c       0x28 Core/Src/lptim.o
 .text.LL_LPTIM_SetCounterMode
                0x0000000008000774       0x28 Core/Src/lptim.o
 .text.LL_LPTIM_SetPolarity
                0x000000000800079c       0x28 Core/Src/lptim.o
 .text.LL_LPTIM_SetPrescaler
                0x00000000080007c4       0x28 Core/Src/lptim.o
 .text.LL_LPTIM_TrigSw
                0x00000000080007ec       0x20 Core/Src/lptim.o
 .text.LL_LPTIM_SetClockSource
                0x000000000800080c       0x24 Core/Src/lptim.o
 .text.LL_APB1_GRP1_EnableClock
                0x0000000008000830       0x2c Core/Src/lptim.o
 .text.MX_LPTIM1_Init
                0x000000000800085c       0x64 Core/Src/lptim.o
                0x000000000800085c                MX_LPTIM1_Init
 .text.LL_RCC_HSI_Enable
                0x00000000080008c0       0x1c Core/Src/main.o
 .text.LL_RCC_HSI_IsReady
                0x00000000080008dc       0x20 Core/Src/main.o
 .text.LL_RCC_HSI_SetCalibTrimming
                0x00000000080008fc       0x2c Core/Src/main.o
 .text.LL_RCC_SetSysClkSource
                0x0000000008000928       0x28 Core/Src/main.o
 .text.LL_RCC_GetSysClkSource
                0x0000000008000950       0x18 Core/Src/main.o
 .text.LL_RCC_SetAHBPrescaler
                0x0000000008000968       0x28 Core/Src/main.o
 .text.LL_RCC_SetAPB1Prescaler
                0x0000000008000990       0x2c Core/Src/main.o
 .text.LL_RCC_SetAPB2Prescaler
                0x00000000080009bc       0x2c Core/Src/main.o
 .text.LL_RCC_SetLPTIMClockSource
                0x00000000080009e8       0x2c Core/Src/main.o
 .text.LL_RCC_PLL_Enable
                0x0000000008000a14       0x1c Core/Src/main.o
 .text.LL_RCC_PLL_IsReady
                0x0000000008000a30       0x28 Core/Src/main.o
 .text.LL_RCC_PLL_ConfigDomain_SYS
                0x0000000008000a58       0x38 Core/Src/main.o
 .text.LL_APB1_GRP1_EnableClock
                0x0000000008000a90       0x2c Core/Src/main.o
 .text.LL_APB2_GRP1_EnableClock
                0x0000000008000abc       0x2c Core/Src/main.o
 .text.LL_FLASH_SetLatency
                0x0000000008000ae8       0x28 Core/Src/main.o
 .text.LL_FLASH_GetLatency
                0x0000000008000b10       0x18 Core/Src/main.o
 .text.LL_PWR_SetRegulVoltageScaling
                0x0000000008000b28       0x2c Core/Src/main.o
 .text.LL_TIM_EnableCounter
                0x0000000008000b54       0x1c Core/Src/main.o
 .text.LL_TIM_CC_EnableChannel
                0x0000000008000b70       0x1e Core/Src/main.o
 *fill*         0x0000000008000b8e        0x2 
 .text.LL_TIM_OC_SetMode
                0x0000000008000b90       0x74 Core/Src/main.o
 .text.main     0x0000000008000c04       0xe4 Core/Src/main.o
                0x0000000008000c04                main
 .text.SystemClock_Config
                0x0000000008000ce8       0x9c Core/Src/main.o
                0x0000000008000ce8                SystemClock_Config
 .text.Error_Handler
                0x0000000008000d84        0xa Core/Src/main.o
                0x0000000008000d84                Error_Handler
 *fill*         0x0000000008000d8e        0x2 
 .text.LL_EXTI_IsActiveFlag_0_31
                0x0000000008000d90       0x28 Core/Src/stm32l0xx_it.o
 .text.LL_EXTI_ClearFlag_0_31
                0x0000000008000db8       0x1c Core/Src/stm32l0xx_it.o
 .text.NMI_Handler
                0x0000000008000dd4        0xa Core/Src/stm32l0xx_it.o
                0x0000000008000dd4                NMI_Handler
 .text.HardFault_Handler
                0x0000000008000dde        0x6 Core/Src/stm32l0xx_it.o
                0x0000000008000dde                HardFault_Handler
 .text.SVC_Handler
                0x0000000008000de4        0xa Core/Src/stm32l0xx_it.o
                0x0000000008000de4                SVC_Handler
 .text.PendSV_Handler
                0x0000000008000dee        0xa Core/Src/stm32l0xx_it.o
                0x0000000008000dee                PendSV_Handler
 .text.SysTick_Handler
                0x0000000008000df8        0xa Core/Src/stm32l0xx_it.o
                0x0000000008000df8                SysTick_Handler
 *fill*         0x0000000008000e02        0x2 
 .text.EXTI4_15_IRQHandler
                0x0000000008000e04       0x80 Core/Src/stm32l0xx_it.o
                0x0000000008000e04                EXTI4_15_IRQHandler
 .text.LPTIM1_IRQHandler
                0x0000000008000e84        0xa Core/Src/stm32l0xx_it.o
                0x0000000008000e84                LPTIM1_IRQHandler
 .text.TIM21_IRQHandler
                0x0000000008000e8e        0xa Core/Src/stm32l0xx_it.o
                0x0000000008000e8e                TIM21_IRQHandler
 .text.SystemInit
                0x0000000008000e98       0x7c Core/Src/system_stm32l0xx.o
                0x0000000008000e98                SystemInit
 .text.NVIC_EnableIRQ
                0x0000000008000f14       0x2c Core/Src/tim.o
 .text.NVIC_SetPriority
                0x0000000008000f40       0xdc Core/Src/tim.o
 .text.LL_APB1_GRP1_EnableClock
                0x000000000800101c       0x2c Core/Src/tim.o
 .text.LL_APB2_GRP1_EnableClock
                0x0000000008001048       0x2c Core/Src/tim.o
 .text.LL_IOP_GRP1_EnableClock
                0x0000000008001074       0x2c Core/Src/tim.o
 .text.LL_TIM_DisableARRPreload
                0x00000000080010a0       0x1e Core/Src/tim.o
 *fill*         0x00000000080010be        0x2 
 .text.LL_TIM_OC_EnableFast
                0x00000000080010c0       0x64 Core/Src/tim.o
 .text.LL_TIM_OC_EnablePreload
                0x0000000008001124       0x64 Core/Src/tim.o
 .text.LL_TIM_OC_DisablePreload
                0x0000000008001188       0x64 Core/Src/tim.o
 .text.LL_TIM_SetClockSource
                0x00000000080011ec       0x28 Core/Src/tim.o
 .text.LL_TIM_SetTriggerOutput
                0x0000000008001214       0x24 Core/Src/tim.o
 .text.LL_TIM_DisableMasterSlaveMode
                0x0000000008001238       0x1e Core/Src/tim.o
 .text.MX_TIM2_Init
                0x0000000008001256      0x168 Core/Src/tim.o
                0x0000000008001256                MX_TIM2_Init
 *fill*         0x00000000080013be        0x2 
 .text.MX_TIM21_Init
                0x00000000080013c0       0x84 Core/Src/tim.o
                0x00000000080013c0                MX_TIM21_Init
 .text.Reset_Handler
                0x0000000008001444       0x80 Core/Startup/startup_stm32l011d4px.o
                0x0000000008001444                Reset_Handler
 .text.Default_Handler
                0x00000000080014c4        0x2 Core/Startup/startup_stm32l011d4px.o
                0x00000000080014c4                ADC1_COMP_IRQHandler
                0x00000000080014c4                PVD_IRQHandler
                0x00000000080014c4                I2C1_IRQHandler
                0x00000000080014c4                SPI1_IRQHandler
                0x00000000080014c4                EXTI2_3_IRQHandler
                0x00000000080014c4                RTC_IRQHandler
                0x00000000080014c4                RCC_IRQHandler
                0x00000000080014c4                DMA1_Channel1_IRQHandler
                0x00000000080014c4                Default_Handler
                0x00000000080014c4                DMA1_Channel4_5_IRQHandler
                0x00000000080014c4                EXTI0_1_IRQHandler
                0x00000000080014c4                WWDG_IRQHandler
                0x00000000080014c4                LPUART1_IRQHandler
                0x00000000080014c4                TIM2_IRQHandler
                0x00000000080014c4                DMA1_Channel2_3_IRQHandler
                0x00000000080014c4                USART2_IRQHandler
                0x00000000080014c4                FLASH_IRQHandler
 *fill*         0x00000000080014c6        0x2 
 .text.LL_EXTI_EnableIT_0_31
                0x00000000080014c8       0x20 Drivers/STM32L0xx_HAL_Driver/Src/stm32l0xx_ll_exti.o
 .text.LL_EXTI_DisableIT_0_31
                0x00000000080014e8       0x24 Drivers/STM32L0xx_HAL_Driver/Src/stm32l0xx_ll_exti.o
 .text.LL_EXTI_EnableEvent_0_31
                0x000000000800150c       0x20 Drivers/STM32L0xx_HAL_Driver/Src/stm32l0xx_ll_exti.o
 .text.LL_EXTI_DisableEvent_0_31
                0x000000000800152c       0x24 Drivers/STM32L0xx_HAL_Driver/Src/stm32l0xx_ll_exti.o
 .text.LL_EXTI_EnableRisingTrig_0_31
                0x0000000008001550       0x20 Drivers/STM32L0xx_HAL_Driver/Src/stm32l0xx_ll_exti.o
 .text.LL_EXTI_DisableRisingTrig_0_31
                0x0000000008001570       0x24 Drivers/STM32L0xx_HAL_Driver/Src/stm32l0xx_ll_exti.o
 .text.LL_EXTI_EnableFallingTrig_0_31
                0x0000000008001594       0x20 Drivers/STM32L0xx_HAL_Driver/Src/stm32l0xx_ll_exti.o
 .text.LL_EXTI_DisableFallingTrig_0_31
                0x00000000080015b4       0x24 Drivers/STM32L0xx_HAL_Driver/Src/stm32l0xx_ll_exti.o
 .text.LL_EXTI_Init
                0x00000000080015d8      0x10a Drivers/STM32L0xx_HAL_Driver/Src/stm32l0xx_ll_exti.o
                0x00000000080015d8                LL_EXTI_Init
 .text.LL_GPIO_SetPinMode
                0x00000000080016e2       0x3a Drivers/STM32L0xx_HAL_Driver/Src/stm32l0xx_ll_gpio.o
 .text.LL_GPIO_SetPinOutputType
                0x000000000800171c       0x2a Drivers/STM32L0xx_HAL_Driver/Src/stm32l0xx_ll_gpio.o
 .text.LL_GPIO_SetPinSpeed
                0x0000000008001746       0x3a Drivers/STM32L0xx_HAL_Driver/Src/stm32l0xx_ll_gpio.o
 .text.LL_GPIO_SetPinPull
                0x0000000008001780       0x3a Drivers/STM32L0xx_HAL_Driver/Src/stm32l0xx_ll_gpio.o
 .text.LL_GPIO_SetAFPin_0_7
                0x00000000080017ba       0x4a Drivers/STM32L0xx_HAL_Driver/Src/stm32l0xx_ll_gpio.o
 .text.LL_GPIO_SetAFPin_8_15
                0x0000000008001804       0x5a Drivers/STM32L0xx_HAL_Driver/Src/stm32l0xx_ll_gpio.o
 .text.LL_GPIO_Init
                0x000000000800185e       0xcc Drivers/STM32L0xx_HAL_Driver/Src/stm32l0xx_ll_gpio.o
                0x000000000800185e                LL_GPIO_Init
 .text.LL_TIM_SetPrescaler
                0x000000000800192a       0x18 Drivers/STM32L0xx_HAL_Driver/Src/stm32l0xx_ll_tim.o
 .text.LL_TIM_SetAutoReload
                0x0000000008001942       0x18 Drivers/STM32L0xx_HAL_Driver/Src/stm32l0xx_ll_tim.o
 .text.LL_TIM_OC_SetCompareCH1
                0x000000000800195a       0x18 Drivers/STM32L0xx_HAL_Driver/Src/stm32l0xx_ll_tim.o
 .text.LL_TIM_OC_SetCompareCH2
                0x0000000008001972       0x18 Drivers/STM32L0xx_HAL_Driver/Src/stm32l0xx_ll_tim.o
 .text.LL_TIM_OC_SetCompareCH3
                0x000000000800198a       0x18 Drivers/STM32L0xx_HAL_Driver/Src/stm32l0xx_ll_tim.o
 .text.LL_TIM_OC_SetCompareCH4
                0x00000000080019a2       0x18 Drivers/STM32L0xx_HAL_Driver/Src/stm32l0xx_ll_tim.o
 .text.LL_TIM_GenerateEvent_UPDATE
                0x00000000080019ba       0x1c Drivers/STM32L0xx_HAL_Driver/Src/stm32l0xx_ll_tim.o
 *fill*         0x00000000080019d6        0x2 
 .text.LL_TIM_Init
                0x00000000080019d8       0x90 Drivers/STM32L0xx_HAL_Driver/Src/stm32l0xx_ll_tim.o
                0x00000000080019d8                LL_TIM_Init
 .text.LL_TIM_OC_Init
                0x0000000008001a68       0x9a Drivers/STM32L0xx_HAL_Driver/Src/stm32l0xx_ll_tim.o
                0x0000000008001a68                LL_TIM_OC_Init
 .text.OC1Config
                0x0000000008001b02       0x8c Drivers/STM32L0xx_HAL_Driver/Src/stm32l0xx_ll_tim.o
 *fill*         0x0000000008001b8e        0x2 
 .text.OC2Config
                0x0000000008001b90       0x98 Drivers/STM32L0xx_HAL_Driver/Src/stm32l0xx_ll_tim.o
 .text.OC3Config
                0x0000000008001c28       0x94 Drivers/STM32L0xx_HAL_Driver/Src/stm32l0xx_ll_tim.o
 .text.OC4Config
                0x0000000008001cbc       0x9c Drivers/STM32L0xx_HAL_Driver/Src/stm32l0xx_ll_tim.o
 .text.LL_InitTick
                0x0000000008001d58       0x34 Drivers/STM32L0xx_HAL_Driver/Src/stm32l0xx_ll_utils.o
 .text.LL_Init1msTick
                0x0000000008001d8c       0x1e Drivers/STM32L0xx_HAL_Driver/Src/stm32l0xx_ll_utils.o
                0x0000000008001d8c                LL_Init1msTick
 *fill*         0x0000000008001daa        0x2 
 .text.LL_mDelay
                0x0000000008001dac       0x44 Drivers/STM32L0xx_HAL_Driver/Src/stm32l0xx_ll_utils.o
                0x0000000008001dac                LL_mDelay
 .text.LL_SetSystemCoreClock
                0x0000000008001df0       0x1c Drivers/STM32L0xx_HAL_Driver/Src/stm32l0xx_ll_utils.o
                0x0000000008001df0                LL_SetSystemCoreClock
 .text.__libc_init_array
                0x0000000008001e0c       0x48 /home/chris/st/stm32cubeide_1.2.0/plugins/com.st.stm32cube.ide.mcu.externaltools.gnu-tools-for-stm32.7-2018-q2-update.linux64_1.0.0.201904181610/tools/bin/../lib/gcc/arm-none-eabi/7.3.1/../../../../arm-none-eabi/lib/thumb/v6-m/libc_nano.a(lib_a-init.o)
                0x0000000008001e0c                __libc_init_array
 .text.memset   0x0000000008001e54       0x10 /home/chris/st/stm32cubeide_1.2.0/plugins/com.st.stm32cube.ide.mcu.externaltools.gnu-tools-for-stm32.7-2018-q2-update.linux64_1.0.0.201904181610/tools/bin/../lib/gcc/arm-none-eabi/7.3.1/../../../../arm-none-eabi/lib/thumb/v6-m/libc_nano.a(lib_a-memset.o)
                0x0000000008001e54                memset
 *(.glue_7)
 .glue_7        0x0000000008001e64        0x0 linker stubs
 *(.glue_7t)
 .glue_7t       0x0000000008001e64        0x0 linker stubs
 *(.eh_frame)
 .eh_frame      0x0000000008001e64        0x0 /home/chris/st/stm32cubeide_1.2.0/plugins/com.st.stm32cube.ide.mcu.externaltools.gnu-tools-for-stm32.7-2018-q2-update.linux64_1.0.0.201904181610/tools/bin/../lib/gcc/arm-none-eabi/7.3.1/thumb/v6-m/crtbegin.o
 *(.init)
 .init          0x0000000008001e64        0x4 /home/chris/st/stm32cubeide_1.2.0/plugins/com.st.stm32cube.ide.mcu.externaltools.gnu-tools-for-stm32.7-2018-q2-update.linux64_1.0.0.201904181610/tools/bin/../lib/gcc/arm-none-eabi/7.3.1/thumb/v6-m/crti.o
                0x0000000008001e64                _init
 .init          0x0000000008001e68        0x8 /home/chris/st/stm32cubeide_1.2.0/plugins/com.st.stm32cube.ide.mcu.externaltools.gnu-tools-for-stm32.7-2018-q2-update.linux64_1.0.0.201904181610/tools/bin/../lib/gcc/arm-none-eabi/7.3.1/thumb/v6-m/crtn.o
 *(.fini)
 .fini          0x0000000008001e70        0x4 /home/chris/st/stm32cubeide_1.2.0/plugins/com.st.stm32cube.ide.mcu.externaltools.gnu-tools-for-stm32.7-2018-q2-update.linux64_1.0.0.201904181610/tools/bin/../lib/gcc/arm-none-eabi/7.3.1/thumb/v6-m/crti.o
                0x0000000008001e70                _fini
 .fini          0x0000000008001e74        0x8 /home/chris/st/stm32cubeide_1.2.0/plugins/com.st.stm32cube.ide.mcu.externaltools.gnu-tools-for-stm32.7-2018-q2-update.linux64_1.0.0.201904181610/tools/bin/../lib/gcc/arm-none-eabi/7.3.1/thumb/v6-m/crtn.o
                0x0000000008001e7c                . = ALIGN (0x4)
                0x0000000008001e7c                _etext = .

.vfp11_veneer   0x0000000008001e7c        0x0
 .vfp11_veneer  0x0000000008001e7c        0x0 linker stubs

.v4_bx          0x0000000008001e7c        0x0
 .v4_bx         0x0000000008001e7c        0x0 linker stubs

.iplt           0x0000000008001e7c        0x0
 .iplt          0x0000000008001e7c        0x0 /home/chris/st/stm32cubeide_1.2.0/plugins/com.st.stm32cube.ide.mcu.externaltools.gnu-tools-for-stm32.7-2018-q2-update.linux64_1.0.0.201904181610/tools/bin/../lib/gcc/arm-none-eabi/7.3.1/thumb/v6-m/crtbegin.o

.rodata         0x0000000008001e7c       0x20
                0x0000000008001e7c                . = ALIGN (0x4)
 *(.rodata)
 *(.rodata*)
 .rodata.OFFSET_TAB_CCMRx
                0x0000000008001e7c        0x7 Core/Src/main.o
 *fill*         0x0000000008001e83        0x1 
 .rodata.SHIFT_TAB_OCxx
                0x0000000008001e84        0x7 Core/Src/main.o
 *fill*         0x0000000008001e8b        0x1 
 .rodata.OFFSET_TAB_CCMRx
                0x0000000008001e8c        0x7 Core/Src/tim.o
 *fill*         0x0000000008001e93        0x1 
 .rodata.SHIFT_TAB_OCxx
                0x0000000008001e94        0x7 Core/Src/tim.o
                0x0000000008001e9c                . = ALIGN (0x4)
 *fill*         0x0000000008001e9b        0x1 

.rel.dyn        0x0000000008001e9c        0x0
 .rel.iplt      0x0000000008001e9c        0x0 /home/chris/st/stm32cubeide_1.2.0/plugins/com.st.stm32cube.ide.mcu.externaltools.gnu-tools-for-stm32.7-2018-q2-update.linux64_1.0.0.201904181610/tools/bin/../lib/gcc/arm-none-eabi/7.3.1/thumb/v6-m/crtbegin.o

.ARM.extab      0x0000000008001e9c        0x0
                0x0000000008001e9c                . = ALIGN (0x4)
 *(.ARM.extab* .gnu.linkonce.armextab.*)
                0x0000000008001e9c                . = ALIGN (0x4)

.ARM            0x0000000008001e9c        0x0
                0x0000000008001e9c                . = ALIGN (0x4)
                0x0000000008001e9c                __exidx_start = .
 *(.ARM.exidx*)
                0x0000000008001e9c                __exidx_end = .
                0x0000000008001e9c                . = ALIGN (0x4)

.preinit_array  0x0000000008001e9c        0x0
                0x0000000008001e9c                . = ALIGN (0x4)
                0x0000000008001e9c                PROVIDE (__preinit_array_start = .)
 *(.preinit_array*)
                0x0000000008001e9c                PROVIDE (__preinit_array_end = .)
                0x0000000008001e9c                . = ALIGN (0x4)

.init_array     0x0000000008001e9c        0x4
                0x0000000008001e9c                . = ALIGN (0x4)
                0x0000000008001e9c                PROVIDE (__init_array_start = .)
 *(SORT_BY_NAME(.init_array.*))
 *(.init_array*)
 .init_array    0x0000000008001e9c        0x4 /home/chris/st/stm32cubeide_1.2.0/plugins/com.st.stm32cube.ide.mcu.externaltools.gnu-tools-for-stm32.7-2018-q2-update.linux64_1.0.0.201904181610/tools/bin/../lib/gcc/arm-none-eabi/7.3.1/thumb/v6-m/crtbegin.o
                0x0000000008001ea0                PROVIDE (__init_array_end = .)
                0x0000000008001ea0                . = ALIGN (0x4)

.fini_array     0x0000000008001ea0        0x4
                0x0000000008001ea0                . = ALIGN (0x4)
                [!provide]                        PROVIDE (__fini_array_start = .)
 *(SORT_BY_NAME(.fini_array.*))
 *(.fini_array*)
 .fini_array    0x0000000008001ea0        0x4 /home/chris/st/stm32cubeide_1.2.0/plugins/com.st.stm32cube.ide.mcu.externaltools.gnu-tools-for-stm32.7-2018-q2-update.linux64_1.0.0.201904181610/tools/bin/../lib/gcc/arm-none-eabi/7.3.1/thumb/v6-m/crtbegin.o
                [!provide]                        PROVIDE (__fini_array_end = .)
                0x0000000008001ea4                . = ALIGN (0x4)
                0x0000000008001ea4                _sidata = LOADADDR (.data)

.data           0x0000000020000000       0x88 load address 0x0000000008001ea4
                0x0000000020000000                . = ALIGN (0x4)
                0x0000000020000000                _sdata = .
 *(.data)
 *(.data*)
 .data.fade_log_seq_data_table
                0x0000000020000000       0x80 Core/Src/ledprograms.o
                0x0000000020000000                fade_log_seq_data_table
 .data.pwm_dir_forward
                0x0000000020000080        0x1 Core/Src/ledprograms.o
                0x0000000020000080                pwm_dir_forward
 *fill*         0x0000000020000081        0x3 
 .data.SystemCoreClock
                0x0000000020000084        0x4 Core/Src/system_stm32l0xx.o
                0x0000000020000084                SystemCoreClock
                0x0000000020000088                . = ALIGN (0x4)
                0x0000000020000088                _edata = .

.igot.plt       0x0000000020000088        0x0 load address 0x0000000008001f2c
 .igot.plt      0x0000000020000088        0x0 /home/chris/st/stm32cubeide_1.2.0/plugins/com.st.stm32cube.ide.mcu.externaltools.gnu-tools-for-stm32.7-2018-q2-update.linux64_1.0.0.201904181610/tools/bin/../lib/gcc/arm-none-eabi/7.3.1/thumb/v6-m/crtbegin.o
                0x0000000020000088                . = ALIGN (0x4)

.bss            0x0000000020000088       0x20 load address 0x0000000008001f2c
                0x0000000020000088                _sbss = .
                0x0000000020000088                __bss_start__ = _sbss
 *(.bss)
 .bss           0x0000000020000088       0x1c /home/chris/st/stm32cubeide_1.2.0/plugins/com.st.stm32cube.ide.mcu.externaltools.gnu-tools-for-stm32.7-2018-q2-update.linux64_1.0.0.201904181610/tools/bin/../lib/gcc/arm-none-eabi/7.3.1/thumb/v6-m/crtbegin.o
 *(.bss*)
 .bss.pwm_bit_pos
                0x00000000200000a4        0x1 Core/Src/ledprograms.o
                0x00000000200000a4                pwm_bit_pos
 *fill*         0x00000000200000a5        0x1 
 .bss.last_interrupt_time
                0x00000000200000a6        0x2 Core/Src/stm32l0xx_it.o
                0x00000000200000a6                last_interrupt_time
 *(COMMON)
                0x00000000200000a8                . = ALIGN (0x4)
                0x00000000200000a8                _ebss = .
                0x00000000200000a8                __bss_end__ = _ebss

._user_heap_stack
                0x00000000200000a8      0x600 load address 0x0000000008001f2c
                0x00000000200000a8                . = ALIGN (0x8)
                0x00000000200000a8                PROVIDE (end = .)
                [!provide]                        PROVIDE (_end = .)
                0x00000000200002a8                . = (. + _Min_Heap_Size)
 *fill*         0x00000000200000a8      0x200 
                0x00000000200006a8                . = (. + _Min_Stack_Size)
 *fill*         0x00000000200002a8      0x400 
                0x00000000200006a8                . = ALIGN (0x8)

/DISCARD/
 libc.a(*)
 libm.a(*)
 libgcc.a(*)

.ARM.attributes
                0x0000000000000000       0x28
 *(.ARM.attributes)
 .ARM.attributes
                0x0000000000000000       0x1e /home/chris/st/stm32cubeide_1.2.0/plugins/com.st.stm32cube.ide.mcu.externaltools.gnu-tools-for-stm32.7-2018-q2-update.linux64_1.0.0.201904181610/tools/bin/../lib/gcc/arm-none-eabi/7.3.1/thumb/v6-m/crti.o
 .ARM.attributes
                0x000000000000001e       0x2c /home/chris/st/stm32cubeide_1.2.0/plugins/com.st.stm32cube.ide.mcu.externaltools.gnu-tools-for-stm32.7-2018-q2-update.linux64_1.0.0.201904181610/tools/bin/../lib/gcc/arm-none-eabi/7.3.1/thumb/v6-m/crtbegin.o
 .ARM.attributes
                0x000000000000004a       0x32 Core/Src/gpio.o
 .ARM.attributes
                0x000000000000007c       0x32 Core/Src/ledprograms.o
 .ARM.attributes
                0x00000000000000ae       0x32 Core/Src/lptim.o
 .ARM.attributes
                0x00000000000000e0       0x32 Core/Src/main.o
 .ARM.attributes
                0x0000000000000112       0x32 Core/Src/stm32l0xx_it.o
 .ARM.attributes
                0x0000000000000144       0x32 Core/Src/system_stm32l0xx.o
 .ARM.attributes
                0x0000000000000176       0x32 Core/Src/tim.o
 .ARM.attributes
                0x00000000000001a8       0x22 Core/Startup/startup_stm32l011d4px.o
 .ARM.attributes
                0x00000000000001ca       0x32 Drivers/STM32L0xx_HAL_Driver/Src/stm32l0xx_ll_exti.o
 .ARM.attributes
                0x00000000000001fc       0x32 Drivers/STM32L0xx_HAL_Driver/Src/stm32l0xx_ll_gpio.o
 .ARM.attributes
                0x000000000000022e       0x32 Drivers/STM32L0xx_HAL_Driver/Src/stm32l0xx_ll_tim.o
 .ARM.attributes
                0x0000000000000260       0x32 Drivers/STM32L0xx_HAL_Driver/Src/stm32l0xx_ll_utils.o
 .ARM.attributes
                0x0000000000000292       0x2c /home/chris/st/stm32cubeide_1.2.0/plugins/com.st.stm32cube.ide.mcu.externaltools.gnu-tools-for-stm32.7-2018-q2-update.linux64_1.0.0.201904181610/tools/bin/../lib/gcc/arm-none-eabi/7.3.1/../../../../arm-none-eabi/lib/thumb/v6-m/libc_nano.a(lib_a-init.o)
 .ARM.attributes
                0x00000000000002be       0x2c /home/chris/st/stm32cubeide_1.2.0/plugins/com.st.stm32cube.ide.mcu.externaltools.gnu-tools-for-stm32.7-2018-q2-update.linux64_1.0.0.201904181610/tools/bin/../lib/gcc/arm-none-eabi/7.3.1/../../../../arm-none-eabi/lib/thumb/v6-m/libc_nano.a(lib_a-memset.o)
 .ARM.attributes
                0x00000000000002ea       0x1e /home/chris/st/stm32cubeide_1.2.0/plugins/com.st.stm32cube.ide.mcu.externaltools.gnu-tools-for-stm32.7-2018-q2-update.linux64_1.0.0.201904181610/tools/bin/../lib/gcc/arm-none-eabi/7.3.1/thumb/v6-m/libgcc.a(_udivsi3.o)
 .ARM.attributes
                0x0000000000000308       0x1e /home/chris/st/stm32cubeide_1.2.0/plugins/com.st.stm32cube.ide.mcu.externaltools.gnu-tools-for-stm32.7-2018-q2-update.linux64_1.0.0.201904181610/tools/bin/../lib/gcc/arm-none-eabi/7.3.1/thumb/v6-m/libgcc.a(_dvmd_tls.o)
 .ARM.attributes
                0x0000000000000326       0x1e /home/chris/st/stm32cubeide_1.2.0/plugins/com.st.stm32cube.ide.mcu.externaltools.gnu-tools-for-stm32.7-2018-q2-update.linux64_1.0.0.201904181610/tools/bin/../lib/gcc/arm-none-eabi/7.3.1/thumb/v6-m/crtn.o
OUTPUT(OverDrivePedal_SW_LL.elf elf32-littlearm)

.debug_info     0x0000000000000000     0x4d36
 .debug_info    0x0000000000000000      0x890 Core/Src/gpio.o
 .debug_info    0x0000000000000890      0x39c Core/Src/ledprograms.o
 .debug_info    0x0000000000000c2c      0x751 Core/Src/lptim.o
 .debug_info    0x000000000000137d      0x88d Core/Src/main.o
 .debug_info    0x0000000000001c0a      0x4e4 Core/Src/stm32l0xx_it.o
 .debug_info    0x00000000000020ee      0x37d Core/Src/system_stm32l0xx.o
 .debug_info    0x000000000000246b      0xac8 Core/Src/tim.o
 .debug_info    0x0000000000002f33       0x22 Core/Startup/startup_stm32l011d4px.o
 .debug_info    0x0000000000002f55      0x39b Drivers/STM32L0xx_HAL_Driver/Src/stm32l0xx_ll_exti.o
 .debug_info    0x00000000000032f0      0x5fc Drivers/STM32L0xx_HAL_Driver/Src/stm32l0xx_ll_gpio.o
 .debug_info    0x00000000000038ec      0xc1d Drivers/STM32L0xx_HAL_Driver/Src/stm32l0xx_ll_tim.o
 .debug_info    0x0000000000004509      0x82d Drivers/STM32L0xx_HAL_Driver/Src/stm32l0xx_ll_utils.o

.debug_abbrev   0x0000000000000000     0x1102
 .debug_abbrev  0x0000000000000000      0x1a9 Core/Src/gpio.o
 .debug_abbrev  0x00000000000001a9      0x129 Core/Src/ledprograms.o
 .debug_abbrev  0x00000000000002d2      0x16d Core/Src/lptim.o
 .debug_abbrev  0x000000000000043f      0x194 Core/Src/main.o
 .debug_abbrev  0x00000000000005d3      0x182 Core/Src/stm32l0xx_it.o
 .debug_abbrev  0x0000000000000755      0x100 Core/Src/system_stm32l0xx.o
 .debug_abbrev  0x0000000000000855      0x19a Core/Src/tim.o
 .debug_abbrev  0x00000000000009ef       0x12 Core/Startup/startup_stm32l011d4px.o
 .debug_abbrev  0x0000000000000a01      0x164 Drivers/STM32L0xx_HAL_Driver/Src/stm32l0xx_ll_exti.o
 .debug_abbrev  0x0000000000000b65      0x191 Drivers/STM32L0xx_HAL_Driver/Src/stm32l0xx_ll_gpio.o
 .debug_abbrev  0x0000000000000cf6      0x1ec Drivers/STM32L0xx_HAL_Driver/Src/stm32l0xx_ll_tim.o
 .debug_abbrev  0x0000000000000ee2      0x220 Drivers/STM32L0xx_HAL_Driver/Src/stm32l0xx_ll_utils.o

.debug_aranges  0x0000000000000000      0x5e0
 .debug_aranges
                0x0000000000000000       0x58 Core/Src/gpio.o
 .debug_aranges
                0x0000000000000058       0x40 Core/Src/ledprograms.o
 .debug_aranges
                0x0000000000000098       0x68 Core/Src/lptim.o
 .debug_aranges
                0x0000000000000100       0xd0 Core/Src/main.o
 .debug_aranges
                0x00000000000001d0       0x68 Core/Src/stm32l0xx_it.o
 .debug_aranges
                0x0000000000000238       0x28 Core/Src/system_stm32l0xx.o
 .debug_aranges
                0x0000000000000260       0x88 Core/Src/tim.o
 .debug_aranges
                0x00000000000002e8       0x28 Core/Startup/startup_stm32l011d4px.o
 .debug_aranges
                0x0000000000000310       0x70 Drivers/STM32L0xx_HAL_Driver/Src/stm32l0xx_ll_exti.o
 .debug_aranges
                0x0000000000000380       0x70 Drivers/STM32L0xx_HAL_Driver/Src/stm32l0xx_ll_gpio.o
 .debug_aranges
                0x00000000000003f0      0x100 Drivers/STM32L0xx_HAL_Driver/Src/stm32l0xx_ll_tim.o
 .debug_aranges
                0x00000000000004f0       0xf0 Drivers/STM32L0xx_HAL_Driver/Src/stm32l0xx_ll_utils.o

.debug_ranges   0x0000000000000000      0x528
 .debug_ranges  0x0000000000000000       0x48 Core/Src/gpio.o
 .debug_ranges  0x0000000000000048       0x30 Core/Src/ledprograms.o
 .debug_ranges  0x0000000000000078       0x58 Core/Src/lptim.o
 .debug_ranges  0x00000000000000d0       0xc0 Core/Src/main.o
 .debug_ranges  0x0000000000000190       0x58 Core/Src/stm32l0xx_it.o
 .debug_ranges  0x00000000000001e8       0x18 Core/Src/system_stm32l0xx.o
 .debug_ranges  0x0000000000000200       0x78 Core/Src/tim.o
 .debug_ranges  0x0000000000000278       0x20 Core/Startup/startup_stm32l011d4px.o
 .debug_ranges  0x0000000000000298       0x60 Drivers/STM32L0xx_HAL_Driver/Src/stm32l0xx_ll_exti.o
 .debug_ranges  0x00000000000002f8       0x60 Drivers/STM32L0xx_HAL_Driver/Src/stm32l0xx_ll_gpio.o
 .debug_ranges  0x0000000000000358       0xf0 Drivers/STM32L0xx_HAL_Driver/Src/stm32l0xx_ll_tim.o
 .debug_ranges  0x0000000000000448       0xe0 Drivers/STM32L0xx_HAL_Driver/Src/stm32l0xx_ll_utils.o

.debug_macro    0x0000000000000000     0xb64c
 .debug_macro   0x0000000000000000      0x149 Core/Src/gpio.o
 .debug_macro   0x0000000000000149      0xa8a Core/Src/gpio.o
 .debug_macro   0x0000000000000bd3       0x2e Core/Src/gpio.o
 .debug_macro   0x0000000000000c01       0x28 Core/Src/gpio.o
 .debug_macro   0x0000000000000c29       0x22 Core/Src/gpio.o
 .debug_macro   0x0000000000000c4b       0x8e Core/Src/gpio.o
 .debug_macro   0x0000000000000cd9       0x51 Core/Src/gpio.o
 .debug_macro   0x0000000000000d2a       0xef Core/Src/gpio.o
 .debug_macro   0x0000000000000e19       0x6a Core/Src/gpio.o
 .debug_macro   0x0000000000000e83      0x1df Core/Src/gpio.o
 .debug_macro   0x0000000000001062       0x34 Core/Src/gpio.o
 .debug_macro   0x0000000000001096       0x26 Core/Src/gpio.o
 .debug_macro   0x00000000000010bc      0x329 Core/Src/gpio.o
 .debug_macro   0x00000000000013e5     0x7ba3 Core/Src/gpio.o
 .debug_macro   0x0000000000008f88       0x3c Core/Src/gpio.o
 .debug_macro   0x0000000000008fc4      0x19a Core/Src/gpio.o
 .debug_macro   0x000000000000915e      0x3b4 Core/Src/gpio.o
 .debug_macro   0x0000000000009512       0xa7 Core/Src/gpio.o
 .debug_macro   0x00000000000095b9      0x13d Core/Src/gpio.o
 .debug_macro   0x00000000000096f6      0x109 Core/Src/gpio.o
 .debug_macro   0x00000000000097ff       0x16 Core/Src/gpio.o
 .debug_macro   0x0000000000009815       0x2a Core/Src/gpio.o
 .debug_macro   0x000000000000983f       0xdb Core/Src/gpio.o
 .debug_macro   0x000000000000991a      0x285 Core/Src/gpio.o
 .debug_macro   0x0000000000009b9f      0x576 Core/Src/gpio.o
 .debug_macro   0x000000000000a115      0x12d Core/Src/gpio.o
 .debug_macro   0x000000000000a242       0x4c Core/Src/gpio.o
 .debug_macro   0x000000000000a28e      0x15c Core/Src/ledprograms.o
 .debug_macro   0x000000000000a3ea       0x3a Core/Src/ledprograms.o
 .debug_macro   0x000000000000a424       0x10 Core/Src/ledprograms.o
 .debug_macro   0x000000000000a434      0x149 Core/Src/lptim.o
 .debug_macro   0x000000000000a57d      0x16b Core/Src/main.o
 .debug_macro   0x000000000000a6e8      0x159 Core/Src/stm32l0xx_it.o
 .debug_macro   0x000000000000a841       0xc3 Core/Src/system_stm32l0xx.o
 .debug_macro   0x000000000000a904      0x149 Core/Src/tim.o
 .debug_macro   0x000000000000aa4d       0xe4 Drivers/STM32L0xx_HAL_Driver/Src/stm32l0xx_ll_exti.o
 .debug_macro   0x000000000000ab31      0x103 Drivers/STM32L0xx_HAL_Driver/Src/stm32l0xx_ll_exti.o
 .debug_macro   0x000000000000ac34       0xff Drivers/STM32L0xx_HAL_Driver/Src/stm32l0xx_ll_gpio.o
 .debug_macro   0x000000000000ad33      0x127 Drivers/STM32L0xx_HAL_Driver/Src/stm32l0xx_ll_gpio.o
 .debug_macro   0x000000000000ae5a      0x11d Drivers/STM32L0xx_HAL_Driver/Src/stm32l0xx_ll_tim.o
 .debug_macro   0x000000000000af77      0x570 Drivers/STM32L0xx_HAL_Driver/Src/stm32l0xx_ll_tim.o
 .debug_macro   0x000000000000b4e7      0x165 Drivers/STM32L0xx_HAL_Driver/Src/stm32l0xx_ll_utils.o

.debug_line     0x0000000000000000     0x4822
 .debug_line    0x0000000000000000      0x646 Core/Src/gpio.o
 .debug_line    0x0000000000000646      0x665 Core/Src/ledprograms.o
 .debug_line    0x0000000000000cab      0x65a Core/Src/lptim.o
 .debug_line    0x0000000000001305      0x7f8 Core/Src/main.o
 .debug_line    0x0000000000001afd      0x66f Core/Src/stm32l0xx_it.o
 .debug_line    0x000000000000216c      0x483 Core/Src/system_stm32l0xx.o
 .debug_line    0x00000000000025ef      0x76d Core/Src/tim.o
 .debug_line    0x0000000000002d5c       0x9e Core/Startup/startup_stm32l011d4px.o
 .debug_line    0x0000000000002dfa      0x584 Drivers/STM32L0xx_HAL_Driver/Src/stm32l0xx_ll_exti.o
 .debug_line    0x000000000000337e      0x5ad Drivers/STM32L0xx_HAL_Driver/Src/stm32l0xx_ll_gpio.o
 .debug_line    0x000000000000392b      0x792 Drivers/STM32L0xx_HAL_Driver/Src/stm32l0xx_ll_tim.o
 .debug_line    0x00000000000040bd      0x765 Drivers/STM32L0xx_HAL_Driver/Src/stm32l0xx_ll_utils.o

.debug_str      0x0000000000000000    0x3ac0f
 .debug_str     0x0000000000000000    0x3807a Core/Src/gpio.o
                                      0x382dd (size before relaxing)
 .debug_str     0x000000000003807a      0x16d Core/Src/ledprograms.o
                                      0x37ffd (size before relaxing)
 .debug_str     0x00000000000381e7       0xde Core/Src/lptim.o
                                      0x38235 (size before relaxing)
 .debug_str     0x00000000000382c5      0x262 Core/Src/main.o
                                      0x38297 (size before relaxing)
 .debug_str     0x0000000000038527      0x134 Core/Src/stm32l0xx_it.o
                                      0x3806e (size before relaxing)
 .debug_str     0x000000000003865b       0x77 Core/Src/system_stm32l0xx.o
                                      0x2fcb6 (size before relaxing)
 .debug_str     0x00000000000386d2      0x177 Core/Src/tim.o
                                      0x3840d (size before relaxing)
 .debug_str     0x0000000000038849       0x36 Core/Startup/startup_stm32l011d4px.o
                                         0x81 (size before relaxing)
 .debug_str     0x000000000003887f      0x339 Drivers/STM32L0xx_HAL_Driver/Src/stm32l0xx_ll_exti.o
                                      0x3048b (size before relaxing)
 .debug_str     0x0000000000038bb8      0x529 Drivers/STM32L0xx_HAL_Driver/Src/stm32l0xx_ll_gpio.o
                                      0x30e3a (size before relaxing)
 .debug_str     0x00000000000390e1      0xdd3 Drivers/STM32L0xx_HAL_Driver/Src/stm32l0xx_ll_tim.o
                                      0x33c0c (size before relaxing)
 .debug_str     0x0000000000039eb4      0xd5b Drivers/STM32L0xx_HAL_Driver/Src/stm32l0xx_ll_utils.o
                                      0x332d3 (size before relaxing)

.comment        0x0000000000000000       0x7b
 .comment       0x0000000000000000       0x7b Core/Src/gpio.o
                                         0x7c (size before relaxing)
 .comment       0x000000000000007b       0x7c Core/Src/ledprograms.o
 .comment       0x000000000000007b       0x7c Core/Src/lptim.o
 .comment       0x000000000000007b       0x7c Core/Src/main.o
 .comment       0x000000000000007b       0x7c Core/Src/stm32l0xx_it.o
 .comment       0x000000000000007b       0x7c Core/Src/system_stm32l0xx.o
 .comment       0x000000000000007b       0x7c Core/Src/tim.o
 .comment       0x000000000000007b       0x7c Drivers/STM32L0xx_HAL_Driver/Src/stm32l0xx_ll_exti.o
 .comment       0x000000000000007b       0x7c Drivers/STM32L0xx_HAL_Driver/Src/stm32l0xx_ll_gpio.o
 .comment       0x000000000000007b       0x7c Drivers/STM32L0xx_HAL_Driver/Src/stm32l0xx_ll_tim.o
 .comment       0x000000000000007b       0x7c Drivers/STM32L0xx_HAL_Driver/Src/stm32l0xx_ll_utils.o

.debug_frame    0x0000000000000000     0x1368
 .debug_frame   0x0000000000000000      0x110 Core/Src/gpio.o
 .debug_frame   0x0000000000000110       0xa0 Core/Src/ledprograms.o
 .debug_frame   0x00000000000001b0      0x14c Core/Src/lptim.o
 .debug_frame   0x00000000000002fc      0x2d0 Core/Src/main.o
 .debug_frame   0x00000000000005cc      0x134 Core/Src/stm32l0xx_it.o
 .debug_frame   0x0000000000000700       0x4c Core/Src/system_stm32l0xx.o
 .debug_frame   0x000000000000074c      0x1e0 Core/Src/tim.o
 .debug_frame   0x000000000000092c      0x16c Drivers/STM32L0xx_HAL_Driver/Src/stm32l0xx_ll_exti.o
 .debug_frame   0x0000000000000a98      0x170 Drivers/STM32L0xx_HAL_Driver/Src/stm32l0xx_ll_gpio.o
 .debug_frame   0x0000000000000c08      0x3b0 Drivers/STM32L0xx_HAL_Driver/Src/stm32l0xx_ll_tim.o
 .debug_frame   0x0000000000000fb8      0x344 Drivers/STM32L0xx_HAL_Driver/Src/stm32l0xx_ll_utils.o
 .debug_frame   0x00000000000012fc       0x2c /home/chris/st/stm32cubeide_1.2.0/plugins/com.st.stm32cube.ide.mcu.externaltools.gnu-tools-for-stm32.7-2018-q2-update.linux64_1.0.0.201904181610/tools/bin/../lib/gcc/arm-none-eabi/7.3.1/../../../../arm-none-eabi/lib/thumb/v6-m/libc_nano.a(lib_a-init.o)
 .debug_frame   0x0000000000001328       0x20 /home/chris/st/stm32cubeide_1.2.0/plugins/com.st.stm32cube.ide.mcu.externaltools.gnu-tools-for-stm32.7-2018-q2-update.linux64_1.0.0.201904181610/tools/bin/../lib/gcc/arm-none-eabi/7.3.1/../../../../arm-none-eabi/lib/thumb/v6-m/libc_nano.a(lib_a-memset.o)
 .debug_frame   0x0000000000001348       0x20 /home/chris/st/stm32cubeide_1.2.0/plugins/com.st.stm32cube.ide.mcu.externaltools.gnu-tools-for-stm32.7-2018-q2-update.linux64_1.0.0.201904181610/tools/bin/../lib/gcc/arm-none-eabi/7.3.1/thumb/v6-m/libgcc.a(_udivsi3.o)
