Archive member included to satisfy reference by file (symbol)

/home/chris/st/stm32cubeide_1.2.0/plugins/com.st.stm32cube.ide.mcu.externaltools.gnu-tools-for-stm32.7-2018-q2-update.linux64_1.0.0.201904181610/tools/bin/../lib/gcc/arm-none-eabi/7.3.1/../../../../arm-none-eabi/lib/thumb/v6-m/libc_nano.a(lib_a-errno.o)
                              Core/Src/syscalls.o (__errno)
/home/chris/st/stm32cubeide_1.2.0/plugins/com.st.stm32cube.ide.mcu.externaltools.gnu-tools-for-stm32.7-2018-q2-update.linux64_1.0.0.201904181610/tools/bin/../lib/gcc/arm-none-eabi/7.3.1/../../../../arm-none-eabi/lib/thumb/v6-m/libc_nano.a(lib_a-exit.o)
                              /home/chris/st/stm32cubeide_1.2.0/plugins/com.st.stm32cube.ide.mcu.externaltools.gnu-tools-for-stm32.7-2018-q2-update.linux64_1.0.0.201904181610/tools/bin/../lib/gcc/arm-none-eabi/7.3.1/../../../../arm-none-eabi/lib/thumb/v6-m/crt0.o (exit)
/home/chris/st/stm32cubeide_1.2.0/plugins/com.st.stm32cube.ide.mcu.externaltools.gnu-tools-for-stm32.7-2018-q2-update.linux64_1.0.0.201904181610/tools/bin/../lib/gcc/arm-none-eabi/7.3.1/../../../../arm-none-eabi/lib/thumb/v6-m/libc_nano.a(lib_a-impure.o)
                              /home/chris/st/stm32cubeide_1.2.0/plugins/com.st.stm32cube.ide.mcu.externaltools.gnu-tools-for-stm32.7-2018-q2-update.linux64_1.0.0.201904181610/tools/bin/../lib/gcc/arm-none-eabi/7.3.1/../../../../arm-none-eabi/lib/thumb/v6-m/libc_nano.a(lib_a-exit.o) (_global_impure_ptr)
/home/chris/st/stm32cubeide_1.2.0/plugins/com.st.stm32cube.ide.mcu.externaltools.gnu-tools-for-stm32.7-2018-q2-update.linux64_1.0.0.201904181610/tools/bin/../lib/gcc/arm-none-eabi/7.3.1/../../../../arm-none-eabi/lib/thumb/v6-m/libc_nano.a(lib_a-init.o)
                              /home/chris/st/stm32cubeide_1.2.0/plugins/com.st.stm32cube.ide.mcu.externaltools.gnu-tools-for-stm32.7-2018-q2-update.linux64_1.0.0.201904181610/tools/bin/../lib/gcc/arm-none-eabi/7.3.1/../../../../arm-none-eabi/lib/thumb/v6-m/crt0.o (__libc_init_array)
/home/chris/st/stm32cubeide_1.2.0/plugins/com.st.stm32cube.ide.mcu.externaltools.gnu-tools-for-stm32.7-2018-q2-update.linux64_1.0.0.201904181610/tools/bin/../lib/gcc/arm-none-eabi/7.3.1/../../../../arm-none-eabi/lib/thumb/v6-m/libc_nano.a(lib_a-memset.o)
                              /home/chris/st/stm32cubeide_1.2.0/plugins/com.st.stm32cube.ide.mcu.externaltools.gnu-tools-for-stm32.7-2018-q2-update.linux64_1.0.0.201904181610/tools/bin/../lib/gcc/arm-none-eabi/7.3.1/../../../../arm-none-eabi/lib/thumb/v6-m/crt0.o (memset)
/home/chris/st/stm32cubeide_1.2.0/plugins/com.st.stm32cube.ide.mcu.externaltools.gnu-tools-for-stm32.7-2018-q2-update.linux64_1.0.0.201904181610/tools/bin/../lib/gcc/arm-none-eabi/7.3.1/thumb/v6-m/libgcc.a(_udivsi3.o)
                              Core/Src/system_stm32l0xx.o (__aeabi_uidiv)
/home/chris/st/stm32cubeide_1.2.0/plugins/com.st.stm32cube.ide.mcu.externaltools.gnu-tools-for-stm32.7-2018-q2-update.linux64_1.0.0.201904181610/tools/bin/../lib/gcc/arm-none-eabi/7.3.1/thumb/v6-m/libgcc.a(_dvmd_tls.o)
                              /home/chris/st/stm32cubeide_1.2.0/plugins/com.st.stm32cube.ide.mcu.externaltools.gnu-tools-for-stm32.7-2018-q2-update.linux64_1.0.0.201904181610/tools/bin/../lib/gcc/arm-none-eabi/7.3.1/thumb/v6-m/libgcc.a(_udivsi3.o) (__aeabi_idiv0)

Allocating common symbols
Common symbol       size              file

uwTick              0x4               Drivers/STM32L0xx_HAL_Driver/Src/stm32l0xx_hal.o
pFlash              0x18              Drivers/STM32L0xx_HAL_Driver/Src/stm32l0xx_hal_flash.o
htim21              0x3c              Core/Src/tim.o

Discarded input sections

 .text          0x0000000000000000        0x0 /home/chris/st/stm32cubeide_1.2.0/plugins/com.st.stm32cube.ide.mcu.externaltools.gnu-tools-for-stm32.7-2018-q2-update.linux64_1.0.0.201904181610/tools/bin/../lib/gcc/arm-none-eabi/7.3.1/thumb/v6-m/crti.o
 .data          0x0000000000000000        0x0 /home/chris/st/stm32cubeide_1.2.0/plugins/com.st.stm32cube.ide.mcu.externaltools.gnu-tools-for-stm32.7-2018-q2-update.linux64_1.0.0.201904181610/tools/bin/../lib/gcc/arm-none-eabi/7.3.1/thumb/v6-m/crti.o
 .bss           0x0000000000000000        0x0 /home/chris/st/stm32cubeide_1.2.0/plugins/com.st.stm32cube.ide.mcu.externaltools.gnu-tools-for-stm32.7-2018-q2-update.linux64_1.0.0.201904181610/tools/bin/../lib/gcc/arm-none-eabi/7.3.1/thumb/v6-m/crti.o
 .data          0x0000000000000000        0x4 /home/chris/st/stm32cubeide_1.2.0/plugins/com.st.stm32cube.ide.mcu.externaltools.gnu-tools-for-stm32.7-2018-q2-update.linux64_1.0.0.201904181610/tools/bin/../lib/gcc/arm-none-eabi/7.3.1/thumb/v6-m/crtbegin.o
 .text          0x0000000000000000       0x78 /home/chris/st/stm32cubeide_1.2.0/plugins/com.st.stm32cube.ide.mcu.externaltools.gnu-tools-for-stm32.7-2018-q2-update.linux64_1.0.0.201904181610/tools/bin/../lib/gcc/arm-none-eabi/7.3.1/../../../../arm-none-eabi/lib/thumb/v6-m/crt0.o
[...]
Memory Configuration

Name             Origin             Length             Attributes
RAM              0x0000000020000000 0x0000000000000800 xrw
FLASH            0x0000000008000000 0x0000000000004000 xr
*default*        0x0000000000000000 0xffffffffffffffff

Linker script and memory map

LOAD /home/chris/st/stm32cubeide_1.2.0/plugins/com.st.stm32cube.ide.mcu.externaltools.gnu-tools-for-stm32.7-2018-q2-update.linux64_1.0.0.201904181610/tools/bin/../lib/gcc/arm-none-eabi/7.3.1/thumb/v6-m/crti.o
LOAD /home/chris/st/stm32cubeide_1.2.0/plugins/com.st.stm32cube.ide.mcu.externaltools.gnu-tools-for-stm32.7-2018-q2-update.linux64_1.0.0.201904181610/tools/bin/../lib/gcc/arm-none-eabi/7.3.1/thumb/v6-m/crtbegin.o
LOAD /home/chris/st/stm32cubeide_1.2.0/plugins/com.st.stm32cube.ide.mcu.externaltools.gnu-tools-for-stm32.7-2018-q2-update.linux64_1.0.0.201904181610/tools/bin/../lib/gcc/arm-none-eabi/7.3.1/../../../../arm-none-eabi/lib/thumb/v6-m/crt0.o
LOAD Core/Src/gpio.o
LOAD Core/Src/lptim.o
LOAD Core/Src/main.o
LOAD Core/Src/stm32l0xx_hal_msp.o
LOAD Core/Src/stm32l0xx_it.o
LOAD Core/Src/syscalls.o
LOAD Core/Src/sysmem.o
LOAD Core/Src/system_stm32l0xx.o
LOAD Core/Src/tim.o
LOAD Core/Startup/startup_stm32l011d4px.o
LOAD Drivers/STM32L0xx_HAL_Driver/Src/stm32l0xx_hal.o
LOAD Drivers/STM32L0xx_HAL_Driver/Src/stm32l0xx_hal_cortex.o
LOAD Drivers/STM32L0xx_HAL_Driver/Src/stm32l0xx_hal_dma.o
LOAD Drivers/STM32L0xx_HAL_Driver/Src/stm32l0xx_hal_flash.o
LOAD Drivers/STM32L0xx_HAL_Driver/Src/stm32l0xx_hal_flash_ex.o
LOAD Drivers/STM32L0xx_HAL_Driver/Src/stm32l0xx_hal_flash_ramfunc.o
LOAD Drivers/STM32L0xx_HAL_Driver/Src/stm32l0xx_hal_gpio.o
LOAD Drivers/STM32L0xx_HAL_Driver/Src/stm32l0xx_hal_i2c.o
LOAD Drivers/STM32L0xx_HAL_Driver/Src/stm32l0xx_hal_i2c_ex.o
LOAD Drivers/STM32L0xx_HAL_Driver/Src/stm32l0xx_hal_pwr.o
LOAD Drivers/STM32L0xx_HAL_Driver/Src/stm32l0xx_hal_pwr_ex.o
LOAD Drivers/STM32L0xx_HAL_Driver/Src/stm32l0xx_hal_rcc.o
LOAD Drivers/STM32L0xx_HAL_Driver/Src/stm32l0xx_hal_rcc_ex.o
LOAD Drivers/STM32L0xx_HAL_Driver/Src/stm32l0xx_hal_tim.o
LOAD Drivers/STM32L0xx_HAL_Driver/Src/stm32l0xx_hal_tim_ex.o
LOAD Drivers/STM32L0xx_HAL_Driver/Src/stm32l0xx_ll_dma.o
LOAD Drivers/STM32L0xx_HAL_Driver/Src/stm32l0xx_ll_exti.o
LOAD Drivers/STM32L0xx_HAL_Driver/Src/stm32l0xx_ll_gpio.o
LOAD Drivers/STM32L0xx_HAL_Driver/Src/stm32l0xx_ll_lptim.o
LOAD Drivers/STM32L0xx_HAL_Driver/Src/stm32l0xx_ll_rcc.o
LOAD Drivers/STM32L0xx_HAL_Driver/Src/stm32l0xx_ll_tim.o
LOAD Drivers/STM32L0xx_HAL_Driver/Src/stm32l0xx_ll_utils.o
START GROUP
LOAD /home/chris/st/stm32cubeide_1.2.0/plugins/com.st.stm32cube.ide.mcu.externaltools.gnu-tools-for-stm32.7-2018-q2-update.linux64_1.0.0.201904181610/tools/bin/../lib/gcc/arm-none-eabi/7.3.1/../../../../arm-none-eabi/lib/thumb/v6-m/libc_nano.a
LOAD /home/chris/st/stm32cubeide_1.2.0/plugins/com.st.stm32cube.ide.mcu.externaltools.gnu-tools-for-stm32.7-2018-q2-update.linux64_1.0.0.201904181610/tools/bin/../lib/gcc/arm-none-eabi/7.3.1/../../../../arm-none-eabi/lib/thumb/v6-m/libm.a
END GROUP
START GROUP
LOAD /home/chris/st/stm32cubeide_1.2.0/plugins/com.st.stm32cube.ide.mcu.externaltools.gnu-tools-for-stm32.7-2018-q2-update.linux64_1.0.0.201904181610/tools/bin/../lib/gcc/arm-none-eabi/7.3.1/thumb/v6-m/libgcc.a
LOAD /home/chris/st/stm32cubeide_1.2.0/plugins/com.st.stm32cube.ide.mcu.externaltools.gnu-tools-for-stm32.7-2018-q2-update.linux64_1.0.0.201904181610/tools/bin/../lib/gcc/arm-none-eabi/7.3.1/../../../../arm-none-eabi/lib/thumb/v6-m/libc_nano.a
END GROUP
START GROUP
LOAD /home/chris/st/stm32cubeide_1.2.0/plugins/com.st.stm32cube.ide.mcu.externaltools.gnu-tools-for-stm32.7-2018-q2-update.linux64_1.0.0.201904181610/tools/bin/../lib/gcc/arm-none-eabi/7.3.1/thumb/v6-m/libgcc.a
LOAD /home/chris/st/stm32cubeide_1.2.0/plugins/com.st.stm32cube.ide.mcu.externaltools.gnu-tools-for-stm32.7-2018-q2-update.linux64_1.0.0.201904181610/tools/bin/../lib/gcc/arm-none-eabi/7.3.1/../../../../arm-none-eabi/lib/thumb/v6-m/libc_nano.a
LOAD /home/chris/st/stm32cubeide_1.2.0/plugins/com.st.stm32cube.ide.mcu.externaltools.gnu-tools-for-stm32.7-2018-q2-update.linux64_1.0.0.201904181610/tools/bin/../lib/gcc/arm-none-eabi/7.3.1/../../../../arm-none-eabi/lib/thumb/v6-m/libnosys.a
END GROUP
START GROUP
LOAD /home/chris/st/stm32cubeide_1.2.0/plugins/com.st.stm32cube.ide.mcu.externaltools.gnu-tools-for-stm32.7-2018-q2-update.linux64_1.0.0.201904181610/tools/bin/../lib/gcc/arm-none-eabi/7.3.1/thumb/v6-m/libgcc.a
LOAD /home/chris/st/stm32cubeide_1.2.0/plugins/com.st.stm32cube.ide.mcu.externaltools.gnu-tools-for-stm32.7-2018-q2-update.linux64_1.0.0.201904181610/tools/bin/../lib/gcc/arm-none-eabi/7.3.1/../../../../arm-none-eabi/lib/thumb/v6-m/libc_nano.a
LOAD /home/chris/st/stm32cubeide_1.2.0/plugins/com.st.stm32cube.ide.mcu.externaltools.gnu-tools-for-stm32.7-2018-q2-update.linux64_1.0.0.201904181610/tools/bin/../lib/gcc/arm-none-eabi/7.3.1/../../../../arm-none-eabi/lib/thumb/v6-m/libnosys.a
END GROUP
LOAD /home/chris/st/stm32cubeide_1.2.0/plugins/com.st.stm32cube.ide.mcu.externaltools.gnu-tools-for-stm32.7-2018-q2-update.linux64_1.0.0.201904181610/tools/bin/../lib/gcc/arm-none-eabi/7.3.1/thumb/v6-m/crtend.o
LOAD /home/chris/st/stm32cubeide_1.2.0/plugins/com.st.stm32cube.ide.mcu.externaltools.gnu-tools-for-stm32.7-2018-q2-update.linux64_1.0.0.201904181610/tools/bin/../lib/gcc/arm-none-eabi/7.3.1/thumb/v6-m/crtn.o
                0x0000000020000800                _estack = (ORIGIN (RAM) + LENGTH (RAM))
                0x0000000000000200                _Min_Heap_Size = 0x200
                0x0000000000000400                _Min_Stack_Size = 0x400

.isr_vector     0x0000000008000000       0xc0
                0x0000000008000000                . = ALIGN (0x4)
 *(.isr_vector)
 .isr_vector    0x0000000008000000       0xc0 Core/Startup/startup_stm32l011d4px.o
                0x0000000008000000                g_pfnVectors
                0x00000000080000c0                . = ALIGN (0x4)

.text           0x00000000080000c0     0x23bc
                0x00000000080000c0                . = ALIGN (0x4)
 *(.text)
 .text          0x00000000080000c0       0x48 /home/chris/st/stm32cubeide_1.2.0/plugins/com.st.stm32cube.ide.mcu.externaltools.gnu-tools-for-stm32.7-2018-q2-update.linux64_1.0.0.201904181610/tools/bin/../lib/gcc/arm-none-eabi/7.3.1/thumb/v6-m/crtbegin.o
 .text          0x0000000008000108      0x114 /home/chris/st/stm32cubeide_1.2.0/plugins/com.st.stm32cube.ide.mcu.externaltools.gnu-tools-for-stm32.7-2018-q2-update.linux64_1.0.0.201904181610/tools/bin/../lib/gcc/arm-none-eabi/7.3.1/thumb/v6-m/libgcc.a(_udivsi3.o)
                0x0000000008000108                __udivsi3
                0x0000000008000108                __aeabi_uidiv
                0x0000000008000214                __aeabi_uidivmod
 .text          0x000000000800021c        0x4 /home/chris/st/stm32cubeide_1.2.0/plugins/com.st.stm32cube.ide.mcu.externaltools.gnu-tools-for-stm32.7-2018-q2-update.linux64_1.0.0.201904181610/tools/bin/../lib/gcc/arm-none-eabi/7.3.1/thumb/v6-m/libgcc.a(_dvmd_tls.o)
                0x000000000800021c                __aeabi_ldiv0
                0x000000000800021c                __aeabi_idiv0
 *(.text*)
 .text.NVIC_EnableIRQ
                0x0000000008000220       0x2c Core/Src/gpio.o
 .text.NVIC_SetPriority
                0x000000000800024c       0xdc Core/Src/gpio.o
 .text.LL_IOP_GRP1_EnableClock
                0x0000000008000328       0x2c Core/Src/gpio.o
 .text.LL_SYSCFG_SetEXTISource
                0x0000000008000354       0x4c Core/Src/gpio.o
 .text.LL_GPIO_SetPinMode
                0x00000000080003a0       0x3a Core/Src/gpio.o
 .text.LL_GPIO_SetPinPull
                0x00000000080003da       0x3a Core/Src/gpio.o
 .text.LL_GPIO_ResetOutputPin
                0x0000000008000414       0x18 Core/Src/gpio.o
 .text.MX_GPIO_Init
                0x000000000800042c      0x108 Core/Src/gpio.o
                0x000000000800042c                MX_GPIO_Init
 .text.NVIC_EnableIRQ
                0x0000000008000534       0x2c Core/Src/lptim.o
 .text.NVIC_SetPriority
                0x0000000008000560       0xdc Core/Src/lptim.o
 .text.LL_LPTIM_SetUpdateMode
                0x000000000800063c       0x28 Core/Src/lptim.o
 .text.LL_LPTIM_SetCounterMode
                0x0000000008000664       0x28 Core/Src/lptim.o
 .text.LL_LPTIM_SetPolarity
                0x000000000800068c       0x28 Core/Src/lptim.o
 .text.LL_LPTIM_SetPrescaler
                0x00000000080006b4       0x28 Core/Src/lptim.o
 .text.LL_LPTIM_TrigSw
                0x00000000080006dc       0x20 Core/Src/lptim.o
 .text.LL_LPTIM_SetClockSource
                0x00000000080006fc       0x24 Core/Src/lptim.o
 .text.LL_APB1_GRP1_EnableClock
                0x0000000008000720       0x2c Core/Src/lptim.o
 .text.MX_LPTIM1_Init
                0x000000000800074c       0x64 Core/Src/lptim.o
                0x000000000800074c                MX_LPTIM1_Init
 .text.LL_LPTIM_Enable
                0x00000000080007b0       0x1c Core/Src/main.o
 .text.LL_LPTIM_StartCounter
                0x00000000080007cc       0x24 Core/Src/main.o
 .text.LL_LPTIM_EnableIT_UP
                0x00000000080007f0       0x1c Core/Src/main.o
 .text.LL_RCC_HSI_Enable
                0x000000000800080c       0x1c Core/Src/main.o
 .text.LL_RCC_HSI_IsReady
                0x0000000008000828       0x20 Core/Src/main.o
 .text.LL_RCC_HSI_SetCalibTrimming
                0x0000000008000848       0x2c Core/Src/main.o
 .text.LL_RCC_SetSysClkSource
                0x0000000008000874       0x28 Core/Src/main.o
 .text.LL_RCC_GetSysClkSource
                0x000000000800089c       0x18 Core/Src/main.o
 .text.LL_RCC_SetAHBPrescaler
                0x00000000080008b4       0x28 Core/Src/main.o
 .text.LL_RCC_SetAPB1Prescaler
                0x00000000080008dc       0x2c Core/Src/main.o
 .text.LL_RCC_SetAPB2Prescaler
                0x0000000008000908       0x2c Core/Src/main.o
 .text.LL_RCC_SetLPTIMClockSource
                0x0000000008000934       0x2c Core/Src/main.o
 .text.LL_FLASH_SetLatency
                0x0000000008000960       0x28 Core/Src/main.o
 .text.LL_FLASH_GetLatency
                0x0000000008000988       0x18 Core/Src/main.o
 .text.LL_PWR_SetRegulVoltageScaling
                0x00000000080009a0       0x2c Core/Src/main.o
 .text.LL_TIM_EnableCounter
                0x00000000080009cc       0x1c Core/Src/main.o
 .text.LL_TIM_CC_EnableChannel
                0x00000000080009e8       0x1e Core/Src/main.o
 *fill*         0x0000000008000a06        0x2 
 .text.LL_TIM_OC_SetMode
                0x0000000008000a08       0x74 Core/Src/main.o
 .text.LL_TIM_EnableIT_UPDATE
                0x0000000008000a7c       0x1c Core/Src/main.o
 .text.main     0x0000000008000a98      0x15c Core/Src/main.o
                0x0000000008000a98                main
 .text.SystemClock_Config
                0x0000000008000bf4       0x80 Core/Src/main.o
                0x0000000008000bf4                SystemClock_Config
 .text.Error_Handler
                0x0000000008000c74        0xa Core/Src/main.o
                0x0000000008000c74                Error_Handler
 *fill*         0x0000000008000c7e        0x2 
 .text.HAL_MspInit
                0x0000000008000c80       0x28 Core/Src/stm32l0xx_hal_msp.o
                0x0000000008000c80                HAL_MspInit
 .text.LL_EXTI_IsActiveFlag_0_31
                0x0000000008000ca8       0x28 Core/Src/stm32l0xx_it.o
 .text.LL_EXTI_ClearFlag_0_31
                0x0000000008000cd0       0x1c Core/Src/stm32l0xx_it.o
 .text.NMI_Handler
                0x0000000008000cec        0xa Core/Src/stm32l0xx_it.o
                0x0000000008000cec                NMI_Handler
 .text.HardFault_Handler
                0x0000000008000cf6        0x6 Core/Src/stm32l0xx_it.o
                0x0000000008000cf6                HardFault_Handler
 .text.SVC_Handler
                0x0000000008000cfc        0xa Core/Src/stm32l0xx_it.o
                0x0000000008000cfc                SVC_Handler
 .text.PendSV_Handler
                0x0000000008000d06        0xa Core/Src/stm32l0xx_it.o
                0x0000000008000d06                PendSV_Handler
 .text.SysTick_Handler
                0x0000000008000d10        0xe Core/Src/stm32l0xx_it.o
                0x0000000008000d10                SysTick_Handler
 *fill*         0x0000000008000d1e        0x2 
 .text.EXTI4_15_IRQHandler
                0x0000000008000d20       0x68 Core/Src/stm32l0xx_it.o
                0x0000000008000d20                EXTI4_15_IRQHandler
 .text.LPTIM1_IRQHandler
                0x0000000008000d88        0xa Core/Src/stm32l0xx_it.o
                0x0000000008000d88                LPTIM1_IRQHandler
 *fill*         0x0000000008000d92        0x2 
 .text.TIM21_IRQHandler
                0x0000000008000d94       0x18 Core/Src/stm32l0xx_it.o
                0x0000000008000d94                TIM21_IRQHandler
 .text.SystemInit
                0x0000000008000dac       0x7c Core/Src/system_stm32l0xx.o
                0x0000000008000dac                SystemInit
 .text.LL_APB1_GRP1_EnableClock
                0x0000000008000e28       0x2c Core/Src/tim.o
 .text.LL_IOP_GRP1_EnableClock
                0x0000000008000e54       0x2c Core/Src/tim.o
 .text.LL_TIM_DisableARRPreload
                0x0000000008000e80       0x1e Core/Src/tim.o
 *fill*         0x0000000008000e9e        0x2 
 .text.LL_TIM_OC_DisableFast
                0x0000000008000ea0       0x64 Core/Src/tim.o
 .text.LL_TIM_OC_EnablePreload
                0x0000000008000f04       0x64 Core/Src/tim.o
 .text.LL_TIM_SetTriggerOutput
                0x0000000008000f68       0x24 Core/Src/tim.o
 .text.LL_TIM_DisableMasterSlaveMode
                0x0000000008000f8c       0x1e Core/Src/tim.o
 .text.MX_TIM2_Init
                0x0000000008000faa      0x15c Core/Src/tim.o
                0x0000000008000faa                MX_TIM2_Init
 *fill*         0x0000000008001106        0x2 
 .text.MX_TIM21_Init
                0x0000000008001108       0xac Core/Src/tim.o
                0x0000000008001108                MX_TIM21_Init
 .text.HAL_TIM_Base_MspInit
                0x00000000080011b4       0x40 Core/Src/tim.o
                0x00000000080011b4                HAL_TIM_Base_MspInit
 .text.Reset_Handler
                0x00000000080011f4       0x80 Core/Startup/startup_stm32l011d4px.o
                0x00000000080011f4                Reset_Handler
 .text.Default_Handler
                0x0000000008001274        0x2 Core/Startup/startup_stm32l011d4px.o
                0x0000000008001274                ADC1_COMP_IRQHandler
                0x0000000008001274                PVD_IRQHandler
                0x0000000008001274                I2C1_IRQHandler
                0x0000000008001274                SPI1_IRQHandler
                0x0000000008001274                EXTI2_3_IRQHandler
                0x0000000008001274                RTC_IRQHandler
                0x0000000008001274                RCC_IRQHandler
                0x0000000008001274                DMA1_Channel1_IRQHandler
                0x0000000008001274                Default_Handler
                0x0000000008001274                DMA1_Channel4_5_IRQHandler
                0x0000000008001274                EXTI0_1_IRQHandler
                0x0000000008001274                WWDG_IRQHandler
                0x0000000008001274                LPUART1_IRQHandler
                0x0000000008001274                TIM2_IRQHandler
                0x0000000008001274                DMA1_Channel2_3_IRQHandler
                0x0000000008001274                USART2_IRQHandler
                0x0000000008001274                FLASH_IRQHandler
 *fill*         0x0000000008001276        0x2 
 .text.HAL_Init
                0x0000000008001278       0x40 Drivers/STM32L0xx_HAL_Driver/Src/stm32l0xx_hal.o
                0x0000000008001278                HAL_Init
 .text.HAL_InitTick
                0x00000000080012b8       0x54 Drivers/STM32L0xx_HAL_Driver/Src/stm32l0xx_hal.o
                0x00000000080012b8                HAL_InitTick
 .text.HAL_IncTick
                0x000000000800130c       0x18 Drivers/STM32L0xx_HAL_Driver/Src/stm32l0xx_hal.o
                0x000000000800130c                HAL_IncTick
 .text.NVIC_EnableIRQ
                0x0000000008001324       0x2c Drivers/STM32L0xx_HAL_Driver/Src/stm32l0xx_hal_cortex.o
 .text.NVIC_SetPriority
                0x0000000008001350       0xdc Drivers/STM32L0xx_HAL_Driver/Src/stm32l0xx_hal_cortex.o
 .text.SysTick_Config
                0x000000000800142c       0x48 Drivers/STM32L0xx_HAL_Driver/Src/stm32l0xx_hal_cortex.o
 .text.HAL_NVIC_SetPriority
                0x0000000008001474       0x2a Drivers/STM32L0xx_HAL_Driver/Src/stm32l0xx_hal_cortex.o
                0x0000000008001474                HAL_NVIC_SetPriority
 .text.HAL_NVIC_EnableIRQ
                0x000000000800149e       0x20 Drivers/STM32L0xx_HAL_Driver/Src/stm32l0xx_hal_cortex.o
                0x000000000800149e                HAL_NVIC_EnableIRQ
 .text.HAL_SYSTICK_Config
                0x00000000080014be       0x1a Drivers/STM32L0xx_HAL_Driver/Src/stm32l0xx_hal_cortex.o
                0x00000000080014be                HAL_SYSTICK_Config
 .text.HAL_TIM_Base_Init
                0x00000000080014d8       0x58 Drivers/STM32L0xx_HAL_Driver/Src/stm32l0xx_hal_tim.o
                0x00000000080014d8                HAL_TIM_Base_Init
 .text.HAL_TIM_IRQHandler
                0x0000000008001530      0x1d0 Drivers/STM32L0xx_HAL_Driver/Src/stm32l0xx_hal_tim.o
                0x0000000008001530                HAL_TIM_IRQHandler
 .text.HAL_TIM_ConfigClockSource
                0x0000000008001700      0x17c Drivers/STM32L0xx_HAL_Driver/Src/stm32l0xx_hal_tim.o
                0x0000000008001700                HAL_TIM_ConfigClockSource
 .text.HAL_TIM_PeriodElapsedCallback
                0x000000000800187c       0x10 Drivers/STM32L0xx_HAL_Driver/Src/stm32l0xx_hal_tim.o
                0x000000000800187c                HAL_TIM_PeriodElapsedCallback
 .text.HAL_TIM_OC_DelayElapsedCallback
                0x000000000800188c       0x10 Drivers/STM32L0xx_HAL_Driver/Src/stm32l0xx_hal_tim.o
                0x000000000800188c                HAL_TIM_OC_DelayElapsedCallback
 .text.HAL_TIM_IC_CaptureCallback
                0x000000000800189c       0x10 Drivers/STM32L0xx_HAL_Driver/Src/stm32l0xx_hal_tim.o
                0x000000000800189c                HAL_TIM_IC_CaptureCallback
 .text.HAL_TIM_PWM_PulseFinishedCallback
                0x00000000080018ac       0x10 Drivers/STM32L0xx_HAL_Driver/Src/stm32l0xx_hal_tim.o
                0x00000000080018ac                HAL_TIM_PWM_PulseFinishedCallback
 .text.HAL_TIM_TriggerCallback
                0x00000000080018bc       0x10 Drivers/STM32L0xx_HAL_Driver/Src/stm32l0xx_hal_tim.o
                0x00000000080018bc                HAL_TIM_TriggerCallback
 .text.TIM_Base_SetConfig
                0x00000000080018cc       0x94 Drivers/STM32L0xx_HAL_Driver/Src/stm32l0xx_hal_tim.o
 .text.TIM_TI1_ConfigInputStage
                0x0000000008001960       0x5c Drivers/STM32L0xx_HAL_Driver/Src/stm32l0xx_hal_tim.o
 .text.TIM_TI2_ConfigInputStage
                0x00000000080019bc       0x64 Drivers/STM32L0xx_HAL_Driver/Src/stm32l0xx_hal_tim.o
 .text.TIM_ITRx_SetConfig
                0x0000000008001a20       0x32 Drivers/STM32L0xx_HAL_Driver/Src/stm32l0xx_hal_tim.o
 *fill*         0x0000000008001a52        0x2 
 .text.TIM_ETR_SetConfig
                0x0000000008001a54       0x40 Drivers/STM32L0xx_HAL_Driver/Src/stm32l0xx_hal_tim.o
 .text.HAL_TIMEx_MasterConfigSynchronization
                0x0000000008001a94       0x86 Drivers/STM32L0xx_HAL_Driver/Src/stm32l0xx_hal_tim_ex.o
                0x0000000008001a94                HAL_TIMEx_MasterConfigSynchronization
 *fill*         0x0000000008001b1a        0x2 
 .text.LL_EXTI_EnableIT_0_31
                0x0000000008001b1c       0x20 Drivers/STM32L0xx_HAL_Driver/Src/stm32l0xx_ll_exti.o
 .text.LL_EXTI_DisableIT_0_31
                0x0000000008001b3c       0x24 Drivers/STM32L0xx_HAL_Driver/Src/stm32l0xx_ll_exti.o
 .text.LL_EXTI_EnableEvent_0_31
                0x0000000008001b60       0x20 Drivers/STM32L0xx_HAL_Driver/Src/stm32l0xx_ll_exti.o
 .text.LL_EXTI_DisableEvent_0_31
                0x0000000008001b80       0x24 Drivers/STM32L0xx_HAL_Driver/Src/stm32l0xx_ll_exti.o
 .text.LL_EXTI_EnableRisingTrig_0_31
                0x0000000008001ba4       0x20 Drivers/STM32L0xx_HAL_Driver/Src/stm32l0xx_ll_exti.o
 .text.LL_EXTI_DisableRisingTrig_0_31
                0x0000000008001bc4       0x24 Drivers/STM32L0xx_HAL_Driver/Src/stm32l0xx_ll_exti.o
 .text.LL_EXTI_EnableFallingTrig_0_31
                0x0000000008001be8       0x20 Drivers/STM32L0xx_HAL_Driver/Src/stm32l0xx_ll_exti.o
 .text.LL_EXTI_DisableFallingTrig_0_31
                0x0000000008001c08       0x24 Drivers/STM32L0xx_HAL_Driver/Src/stm32l0xx_ll_exti.o
 .text.LL_EXTI_Init
                0x0000000008001c2c      0x10a Drivers/STM32L0xx_HAL_Driver/Src/stm32l0xx_ll_exti.o
                0x0000000008001c2c                LL_EXTI_Init
 .text.LL_GPIO_SetPinMode
                0x0000000008001d36       0x3a Drivers/STM32L0xx_HAL_Driver/Src/stm32l0xx_ll_gpio.o
 .text.LL_GPIO_SetPinOutputType
                0x0000000008001d70       0x2a Drivers/STM32L0xx_HAL_Driver/Src/stm32l0xx_ll_gpio.o
 .text.LL_GPIO_SetPinSpeed
                0x0000000008001d9a       0x3a Drivers/STM32L0xx_HAL_Driver/Src/stm32l0xx_ll_gpio.o
 .text.LL_GPIO_SetPinPull
                0x0000000008001dd4       0x3a Drivers/STM32L0xx_HAL_Driver/Src/stm32l0xx_ll_gpio.o
 .text.LL_GPIO_SetAFPin_0_7
                0x0000000008001e0e       0x4a Drivers/STM32L0xx_HAL_Driver/Src/stm32l0xx_ll_gpio.o
 .text.LL_GPIO_SetAFPin_8_15
                0x0000000008001e58       0x5a Drivers/STM32L0xx_HAL_Driver/Src/stm32l0xx_ll_gpio.o
 .text.LL_GPIO_Init
                0x0000000008001eb2       0xcc Drivers/STM32L0xx_HAL_Driver/Src/stm32l0xx_ll_gpio.o
                0x0000000008001eb2                LL_GPIO_Init
 .text.LL_TIM_SetPrescaler
                0x0000000008001f7e       0x18 Drivers/STM32L0xx_HAL_Driver/Src/stm32l0xx_ll_tim.o
 .text.LL_TIM_SetAutoReload
                0x0000000008001f96       0x18 Drivers/STM32L0xx_HAL_Driver/Src/stm32l0xx_ll_tim.o
 .text.LL_TIM_OC_SetCompareCH1
                0x0000000008001fae       0x18 Drivers/STM32L0xx_HAL_Driver/Src/stm32l0xx_ll_tim.o
 .text.LL_TIM_OC_SetCompareCH2
                0x0000000008001fc6       0x18 Drivers/STM32L0xx_HAL_Driver/Src/stm32l0xx_ll_tim.o
 .text.LL_TIM_OC_SetCompareCH3
                0x0000000008001fde       0x18 Drivers/STM32L0xx_HAL_Driver/Src/stm32l0xx_ll_tim.o
 .text.LL_TIM_OC_SetCompareCH4
                0x0000000008001ff6       0x18 Drivers/STM32L0xx_HAL_Driver/Src/stm32l0xx_ll_tim.o
 .text.LL_TIM_GenerateEvent_UPDATE
                0x000000000800200e       0x1c Drivers/STM32L0xx_HAL_Driver/Src/stm32l0xx_ll_tim.o
 *fill*         0x000000000800202a        0x2 
 .text.LL_TIM_Init
                0x000000000800202c       0x90 Drivers/STM32L0xx_HAL_Driver/Src/stm32l0xx_ll_tim.o
                0x000000000800202c                LL_TIM_Init
 .text.LL_TIM_OC_Init
                0x00000000080020bc       0x9a Drivers/STM32L0xx_HAL_Driver/Src/stm32l0xx_ll_tim.o
                0x00000000080020bc                LL_TIM_OC_Init
 .text.OC1Config
                0x0000000008002156       0x8c Drivers/STM32L0xx_HAL_Driver/Src/stm32l0xx_ll_tim.o
 *fill*         0x00000000080021e2        0x2 
 .text.OC2Config
                0x00000000080021e4       0x98 Drivers/STM32L0xx_HAL_Driver/Src/stm32l0xx_ll_tim.o
 .text.OC3Config
                0x000000000800227c       0x94 Drivers/STM32L0xx_HAL_Driver/Src/stm32l0xx_ll_tim.o
 .text.OC4Config
                0x0000000008002310       0x9c Drivers/STM32L0xx_HAL_Driver/Src/stm32l0xx_ll_tim.o
 .text.LL_mDelay
                0x00000000080023ac       0x44 Drivers/STM32L0xx_HAL_Driver/Src/stm32l0xx_ll_utils.o
                0x00000000080023ac                LL_mDelay
 .text.LL_SetSystemCoreClock
                0x00000000080023f0       0x1c Drivers/STM32L0xx_HAL_Driver/Src/stm32l0xx_ll_utils.o
                0x00000000080023f0                LL_SetSystemCoreClock
 .text.__libc_init_array
                0x000000000800240c       0x48 /home/chris/st/stm32cubeide_1.2.0/plugins/com.st.stm32cube.ide.mcu.externaltools.gnu-tools-for-stm32.7-2018-q2-update.linux64_1.0.0.201904181610/tools/bin/../lib/gcc/arm-none-eabi/7.3.1/../../../../arm-none-eabi/lib/thumb/v6-m/libc_nano.a(lib_a-init.o)
                0x000000000800240c                __libc_init_array
 .text.memset   0x0000000008002454       0x10 /home/chris/st/stm32cubeide_1.2.0/plugins/com.st.stm32cube.ide.mcu.externaltools.gnu-tools-for-stm32.7-2018-q2-update.linux64_1.0.0.201904181610/tools/bin/../lib/gcc/arm-none-eabi/7.3.1/../../../../arm-none-eabi/lib/thumb/v6-m/libc_nano.a(lib_a-memset.o)
                0x0000000008002454                memset
 *(.glue_7)
 .glue_7        0x0000000008002464        0x0 linker stubs
 *(.glue_7t)
 .glue_7t       0x0000000008002464        0x0 linker stubs
 *(.eh_frame)
 .eh_frame      0x0000000008002464        0x0 /home/chris/st/stm32cubeide_1.2.0/plugins/com.st.stm32cube.ide.mcu.externaltools.gnu-tools-for-stm32.7-2018-q2-update.linux64_1.0.0.201904181610/tools/bin/../lib/gcc/arm-none-eabi/7.3.1/thumb/v6-m/crtbegin.o
 *(.init)
 .init          0x0000000008002464        0x4 /home/chris/st/stm32cubeide_1.2.0/plugins/com.st.stm32cube.ide.mcu.externaltools.gnu-tools-for-stm32.7-2018-q2-update.linux64_1.0.0.201904181610/tools/bin/../lib/gcc/arm-none-eabi/7.3.1/thumb/v6-m/crti.o
                0x0000000008002464                _init
 .init          0x0000000008002468        0x8 /home/chris/st/stm32cubeide_1.2.0/plugins/com.st.stm32cube.ide.mcu.externaltools.gnu-tools-for-stm32.7-2018-q2-update.linux64_1.0.0.201904181610/tools/bin/../lib/gcc/arm-none-eabi/7.3.1/thumb/v6-m/crtn.o
 *(.fini)
 .fini          0x0000000008002470        0x4 /home/chris/st/stm32cubeide_1.2.0/plugins/com.st.stm32cube.ide.mcu.externaltools.gnu-tools-for-stm32.7-2018-q2-update.linux64_1.0.0.201904181610/tools/bin/../lib/gcc/arm-none-eabi/7.3.1/thumb/v6-m/crti.o
                0x0000000008002470                _fini
 .fini          0x0000000008002474        0x8 /home/chris/st/stm32cubeide_1.2.0/plugins/com.st.stm32cube.ide.mcu.externaltools.gnu-tools-for-stm32.7-2018-q2-update.linux64_1.0.0.201904181610/tools/bin/../lib/gcc/arm-none-eabi/7.3.1/thumb/v6-m/crtn.o
                0x000000000800247c                . = ALIGN (0x4)
                0x000000000800247c                _etext = .

.vfp11_veneer   0x000000000800247c        0x0
 .vfp11_veneer  0x000000000800247c        0x0 linker stubs

.v4_bx          0x000000000800247c        0x0
 .v4_bx         0x000000000800247c        0x0 linker stubs

.iplt           0x000000000800247c        0x0
 .iplt          0x000000000800247c        0x0 /home/chris/st/stm32cubeide_1.2.0/plugins/com.st.stm32cube.ide.mcu.externaltools.gnu-tools-for-stm32.7-2018-q2-update.linux64_1.0.0.201904181610/tools/bin/../lib/gcc/arm-none-eabi/7.3.1/thumb/v6-m/crtbegin.o

.rodata         0x000000000800247c       0x20
                0x000000000800247c                . = ALIGN (0x4)
 *(.rodata)
 *(.rodata*)
 .rodata.OFFSET_TAB_CCMRx
                0x000000000800247c        0x7 Core/Src/main.o
 *fill*         0x0000000008002483        0x1 
 .rodata.SHIFT_TAB_OCxx
                0x0000000008002484        0x7 Core/Src/main.o
 *fill*         0x000000000800248b        0x1 
 .rodata.OFFSET_TAB_CCMRx
                0x000000000800248c        0x7 Core/Src/tim.o
 *fill*         0x0000000008002493        0x1 
 .rodata.SHIFT_TAB_OCxx
                0x0000000008002494        0x7 Core/Src/tim.o
                0x000000000800249c                . = ALIGN (0x4)
 *fill*         0x000000000800249b        0x1 

.rel.dyn        0x000000000800249c        0x0
 .rel.iplt      0x000000000800249c        0x0 /home/chris/st/stm32cubeide_1.2.0/plugins/com.st.stm32cube.ide.mcu.externaltools.gnu-tools-for-stm32.7-2018-q2-update.linux64_1.0.0.201904181610/tools/bin/../lib/gcc/arm-none-eabi/7.3.1/thumb/v6-m/crtbegin.o

.ARM.extab      0x000000000800249c        0x0
                0x000000000800249c                . = ALIGN (0x4)
 *(.ARM.extab* .gnu.linkonce.armextab.*)
                0x000000000800249c                . = ALIGN (0x4)

.ARM            0x000000000800249c        0x0
                0x000000000800249c                . = ALIGN (0x4)
                0x000000000800249c                __exidx_start = .
 *(.ARM.exidx*)
                0x000000000800249c                __exidx_end = .
                0x000000000800249c                . = ALIGN (0x4)

.preinit_array  0x000000000800249c        0x0
                0x000000000800249c                . = ALIGN (0x4)
                0x000000000800249c                PROVIDE (__preinit_array_start = .)
 *(.preinit_array*)
                0x000000000800249c                PROVIDE (__preinit_array_end = .)
                0x000000000800249c                . = ALIGN (0x4)

.init_array     0x000000000800249c        0x4
                0x000000000800249c                . = ALIGN (0x4)
                0x000000000800249c                PROVIDE (__init_array_start = .)
 *(SORT_BY_NAME(.init_array.*))
 *(.init_array*)
 .init_array    0x000000000800249c        0x4 /home/chris/st/stm32cubeide_1.2.0/plugins/com.st.stm32cube.ide.mcu.externaltools.gnu-tools-for-stm32.7-2018-q2-update.linux64_1.0.0.201904181610/tools/bin/../lib/gcc/arm-none-eabi/7.3.1/thumb/v6-m/crtbegin.o
                0x00000000080024a0                PROVIDE (__init_array_end = .)
                0x00000000080024a0                . = ALIGN (0x4)

.fini_array     0x00000000080024a0        0x4
                0x00000000080024a0                . = ALIGN (0x4)
                [!provide]                        PROVIDE (__fini_array_start = .)
 *(SORT_BY_NAME(.fini_array.*))
 *(.fini_array*)
 .fini_array    0x00000000080024a0        0x4 /home/chris/st/stm32cubeide_1.2.0/plugins/com.st.stm32cube.ide.mcu.externaltools.gnu-tools-for-stm32.7-2018-q2-update.linux64_1.0.0.201904181610/tools/bin/../lib/gcc/arm-none-eabi/7.3.1/thumb/v6-m/crtbegin.o
                [!provide]                        PROVIDE (__fini_array_end = .)
                0x00000000080024a4                . = ALIGN (0x4)
                0x00000000080024a4                _sidata = LOADADDR (.data)

.data           0x0000000020000000        0x4 load address 0x00000000080024a4
                0x0000000020000000                . = ALIGN (0x4)
                0x0000000020000000                _sdata = .
 *(.data)
 *(.data*)
 .data.SystemCoreClock
                0x0000000020000000        0x4 Core/Src/system_stm32l0xx.o
                0x0000000020000000                SystemCoreClock
                0x0000000020000004                . = ALIGN (0x4)
                0x0000000020000004                _edata = .

.igot.plt       0x0000000020000004        0x0 load address 0x00000000080024a8
 .igot.plt      0x0000000020000004        0x0 /home/chris/st/stm32cubeide_1.2.0/plugins/com.st.stm32cube.ide.mcu.externaltools.gnu-tools-for-stm32.7-2018-q2-update.linux64_1.0.0.201904181610/tools/bin/../lib/gcc/arm-none-eabi/7.3.1/thumb/v6-m/crtbegin.o
                0x0000000020000004                . = ALIGN (0x4)

.bss            0x0000000020000004       0x60 load address 0x00000000080024a8
                0x0000000020000004                _sbss = .
                0x0000000020000004                __bss_start__ = _sbss
 *(.bss)
 .bss           0x0000000020000004       0x1c /home/chris/st/stm32cubeide_1.2.0/plugins/com.st.stm32cube.ide.mcu.externaltools.gnu-tools-for-stm32.7-2018-q2-update.linux64_1.0.0.201904181610/tools/bin/../lib/gcc/arm-none-eabi/7.3.1/thumb/v6-m/crtbegin.o
 *(.bss*)
 .bss.pwm_bit_pos
                0x0000000020000020        0x1 Core/Src/main.o
                0x0000000020000020                pwm_bit_pos
 *fill*         0x0000000020000021        0x1 
 .bss.last_interrupt_time
                0x0000000020000022        0x2 Core/Src/stm32l0xx_it.o
                0x0000000020000022                last_interrupt_time
 *(COMMON)
 COMMON         0x0000000020000024       0x3c Core/Src/tim.o
                0x0000000020000024                htim21
 COMMON         0x0000000020000060        0x4 Drivers/STM32L0xx_HAL_Driver/Src/stm32l0xx_hal.o
                0x0000000020000060                uwTick
                0x0000000020000064                . = ALIGN (0x4)
                0x0000000020000064                _ebss = .
                0x0000000020000064                __bss_end__ = _ebss

._user_heap_stack
                0x0000000020000064      0x604 load address 0x00000000080024a8
                0x0000000020000068                . = ALIGN (0x8)
 *fill*         0x0000000020000064        0x4 
                0x0000000020000068                PROVIDE (end = .)
                [!provide]                        PROVIDE (_end = .)
                0x0000000020000268                . = (. + _Min_Heap_Size)
 *fill*         0x0000000020000068      0x200 
                0x0000000020000668                . = (. + _Min_Stack_Size)
 *fill*         0x0000000020000268      0x400 
                0x0000000020000668                . = ALIGN (0x8)

/DISCARD/
 libc.a(*)
 libm.a(*)
 libgcc.a(*)

.ARM.attributes
                0x0000000000000000       0x28
 *(.ARM.attributes)
 .ARM.attributes
                0x0000000000000000       0x1e /home/chris/st/stm32cubeide_1.2.0/plugins/com.st.stm32cube.ide.mcu.externaltools.gnu-tools-for-stm32.7-2018-q2-update.linux64_1.0.0.201904181610/tools/bin/../lib/gcc/arm-none-eabi/7.3.1/thumb/v6-m/crti.o
 .ARM.attributes
                0x000000000000001e       0x2c /home/chris/st/stm32cubeide_1.2.0/plugins/com.st.stm32cube.ide.mcu.externaltools.gnu-tools-for-stm32.7-2018-q2-update.linux64_1.0.0.201904181610/tools/bin/../lib/gcc/arm-none-eabi/7.3.1/thumb/v6-m/crtbegin.o
 .ARM.attributes
                0x000000000000004a       0x32 Core/Src/gpio.o
 .ARM.attributes
                0x000000000000007c       0x32 Core/Src/lptim.o
 .ARM.attributes
                0x00000000000000ae       0x32 Core/Src/main.o
 .ARM.attributes
                0x00000000000000e0       0x32 Core/Src/stm32l0xx_hal_msp.o
 .ARM.attributes
                0x0000000000000112       0x32 Core/Src/stm32l0xx_it.o
 .ARM.attributes
                0x0000000000000144       0x32 Core/Src/system_stm32l0xx.o
 .ARM.attributes
                0x0000000000000176       0x32 Core/Src/tim.o
 .ARM.attributes
                0x00000000000001a8       0x22 Core/Startup/startup_stm32l011d4px.o
 .ARM.attributes
                0x00000000000001ca       0x32 Drivers/STM32L0xx_HAL_Driver/Src/stm32l0xx_hal.o
 .ARM.attributes
                0x00000000000001fc       0x32 Drivers/STM32L0xx_HAL_Driver/Src/stm32l0xx_hal_cortex.o
 .ARM.attributes
                0x000000000000022e       0x32 Drivers/STM32L0xx_HAL_Driver/Src/stm32l0xx_hal_tim.o
 .ARM.attributes
                0x0000000000000260       0x32 Drivers/STM32L0xx_HAL_Driver/Src/stm32l0xx_hal_tim_ex.o
 .ARM.attributes
                0x0000000000000292       0x32 Drivers/STM32L0xx_HAL_Driver/Src/stm32l0xx_ll_exti.o
 .ARM.attributes
                0x00000000000002c4       0x32 Drivers/STM32L0xx_HAL_Driver/Src/stm32l0xx_ll_gpio.o
 .ARM.attributes
                0x00000000000002f6       0x32 Drivers/STM32L0xx_HAL_Driver/Src/stm32l0xx_ll_tim.o
 .ARM.attributes
                0x0000000000000328       0x32 Drivers/STM32L0xx_HAL_Driver/Src/stm32l0xx_ll_utils.o
 .ARM.attributes
                0x000000000000035a       0x2c /home/chris/st/stm32cubeide_1.2.0/plugins/com.st.stm32cube.ide.mcu.externaltools.gnu-tools-for-stm32.7-2018-q2-update.linux64_1.0.0.201904181610/tools/bin/../lib/gcc/arm-none-eabi/7.3.1/../../../../arm-none-eabi/lib/thumb/v6-m/libc_nano.a(lib_a-init.o)
 .ARM.attributes
                0x0000000000000386       0x2c /home/chris/st/stm32cubeide_1.2.0/plugins/com.st.stm32cube.ide.mcu.externaltools.gnu-tools-for-stm32.7-2018-q2-update.linux64_1.0.0.201904181610/tools/bin/../lib/gcc/arm-none-eabi/7.3.1/../../../../arm-none-eabi/lib/thumb/v6-m/libc_nano.a(lib_a-memset.o)
 .ARM.attributes
                0x00000000000003b2       0x1e /home/chris/st/stm32cubeide_1.2.0/plugins/com.st.stm32cube.ide.mcu.externaltools.gnu-tools-for-stm32.7-2018-q2-update.linux64_1.0.0.201904181610/tools/bin/../lib/gcc/arm-none-eabi/7.3.1/thumb/v6-m/libgcc.a(_udivsi3.o)
 .ARM.attributes
                0x00000000000003d0       0x1e /home/chris/st/stm32cubeide_1.2.0/plugins/com.st.stm32cube.ide.mcu.externaltools.gnu-tools-for-stm32.7-2018-q2-update.linux64_1.0.0.201904181610/tools/bin/../lib/gcc/arm-none-eabi/7.3.1/thumb/v6-m/libgcc.a(_dvmd_tls.o)
 .ARM.attributes
                0x00000000000003ee       0x1e /home/chris/st/stm32cubeide_1.2.0/plugins/com.st.stm32cube.ide.mcu.externaltools.gnu-tools-for-stm32.7-2018-q2-update.linux64_1.0.0.201904181610/tools/bin/../lib/gcc/arm-none-eabi/7.3.1/thumb/v6-m/crtn.o
OUTPUT(OverDrivePedal_SW_LL.elf elf32-littlearm)

.debug_info     0x0000000000000000     0x8ebd
 .debug_info    0x0000000000000000      0x8a3 Core/Src/gpio.o
 .debug_info    0x00000000000008a3      0x764 Core/Src/lptim.o
 .debug_info    0x0000000000001007      0xc78 Core/Src/main.o
 .debug_info    0x0000000000001c7f      0x2da Core/Src/stm32l0xx_hal_msp.o
 .debug_info    0x0000000000001f59      0x84e Core/Src/stm32l0xx_it.o
 .debug_info    0x00000000000027a7      0x390 Core/Src/system_stm32l0xx.o
 .debug_info    0x0000000000002b37      0xc7c Core/Src/tim.o
 .debug_info    0x00000000000037b3       0x22 Core/Startup/startup_stm32l011d4px.o
 .debug_info    0x00000000000037d5      0x770 Drivers/STM32L0xx_HAL_Driver/Src/stm32l0xx_hal.o
 .debug_info    0x0000000000003f45      0x703 Drivers/STM32L0xx_HAL_Driver/Src/stm32l0xx_hal_cortex.o
 .debug_info    0x0000000000004648     0x23bf Drivers/STM32L0xx_HAL_Driver/Src/stm32l0xx_hal_tim.o
 .debug_info    0x0000000000006a07      0x689 Drivers/STM32L0xx_HAL_Driver/Src/stm32l0xx_hal_tim_ex.o
 .debug_info    0x0000000000007090      0x3ae Drivers/STM32L0xx_HAL_Driver/Src/stm32l0xx_ll_exti.o
 .debug_info    0x000000000000743e      0x60f Drivers/STM32L0xx_HAL_Driver/Src/stm32l0xx_ll_gpio.o
 .debug_info    0x0000000000007a4d      0xc30 Drivers/STM32L0xx_HAL_Driver/Src/stm32l0xx_ll_tim.o
 .debug_info    0x000000000000867d      0x840 Drivers/STM32L0xx_HAL_Driver/Src/stm32l0xx_ll_utils.o

.debug_abbrev   0x0000000000000000     0x1a33
 .debug_abbrev  0x0000000000000000      0x1ba Core/Src/gpio.o
 .debug_abbrev  0x00000000000001ba      0x17e Core/Src/lptim.o
 .debug_abbrev  0x0000000000000338      0x20c Core/Src/main.o
 .debug_abbrev  0x0000000000000544       0xdb Core/Src/stm32l0xx_hal_msp.o
 .debug_abbrev  0x000000000000061f      0x1da Core/Src/stm32l0xx_it.o
 .debug_abbrev  0x00000000000007f9      0x111 Core/Src/system_stm32l0xx.o
 .debug_abbrev  0x000000000000090a      0x1c2 Core/Src/tim.o
 .debug_abbrev  0x0000000000000acc       0x12 Core/Startup/startup_stm32l011d4px.o
 .debug_abbrev  0x0000000000000ade      0x219 Drivers/STM32L0xx_HAL_Driver/Src/stm32l0xx_hal.o
 .debug_abbrev  0x0000000000000cf7      0x23c Drivers/STM32L0xx_HAL_Driver/Src/stm32l0xx_hal_cortex.o
 .debug_abbrev  0x0000000000000f33      0x22e Drivers/STM32L0xx_HAL_Driver/Src/stm32l0xx_hal_tim.o
 .debug_abbrev  0x0000000000001161      0x18d Drivers/STM32L0xx_HAL_Driver/Src/stm32l0xx_hal_tim_ex.o
 .debug_abbrev  0x00000000000012ee      0x175 Drivers/STM32L0xx_HAL_Driver/Src/stm32l0xx_ll_exti.o
 .debug_abbrev  0x0000000000001463      0x1a2 Drivers/STM32L0xx_HAL_Driver/Src/stm32l0xx_ll_gpio.o
 .debug_abbrev  0x0000000000001605      0x1fd Drivers/STM32L0xx_HAL_Driver/Src/stm32l0xx_ll_tim.o
 .debug_abbrev  0x0000000000001802      0x231 Drivers/STM32L0xx_HAL_Driver/Src/stm32l0xx_ll_utils.o

.debug_aranges  0x0000000000000000      0xb28
 .debug_aranges
                0x0000000000000000       0x58 Core/Src/gpio.o
 .debug_aranges
                0x0000000000000058       0x68 Core/Src/lptim.o
 .debug_aranges
                0x00000000000000c0       0xc8 Core/Src/main.o
 .debug_aranges
                0x0000000000000188       0x20 Core/Src/stm32l0xx_hal_msp.o
 .debug_aranges
                0x00000000000001a8       0x68 Core/Src/stm32l0xx_it.o
 .debug_aranges
                0x0000000000000210       0x28 Core/Src/system_stm32l0xx.o
 .debug_aranges
                0x0000000000000238       0x70 Core/Src/tim.o
 .debug_aranges
                0x00000000000002a8       0x28 Core/Startup/startup_stm32l011d4px.o
 .debug_aranges
                0x00000000000002d0       0xf8 Drivers/STM32L0xx_HAL_Driver/Src/stm32l0xx_hal.o
 .debug_aranges
                0x00000000000003c8       0xc0 Drivers/STM32L0xx_HAL_Driver/Src/stm32l0xx_hal_cortex.o
 .debug_aranges
                0x0000000000000488      0x3a8 Drivers/STM32L0xx_HAL_Driver/Src/stm32l0xx_hal_tim.o
 .debug_aranges
                0x0000000000000830       0x28 Drivers/STM32L0xx_HAL_Driver/Src/stm32l0xx_hal_tim_ex.o
 .debug_aranges
                0x0000000000000858       0x70 Drivers/STM32L0xx_HAL_Driver/Src/stm32l0xx_ll_exti.o
 .debug_aranges
                0x00000000000008c8       0x70 Drivers/STM32L0xx_HAL_Driver/Src/stm32l0xx_ll_gpio.o
 .debug_aranges
                0x0000000000000938      0x100 Drivers/STM32L0xx_HAL_Driver/Src/stm32l0xx_ll_tim.o
 .debug_aranges
                0x0000000000000a38       0xf0 Drivers/STM32L0xx_HAL_Driver/Src/stm32l0xx_ll_utils.o

.debug_ranges   0x0000000000000000      0xa30
 .debug_ranges  0x0000000000000000       0x48 Core/Src/gpio.o
 .debug_ranges  0x0000000000000048       0x58 Core/Src/lptim.o
 .debug_ranges  0x00000000000000a0       0xb8 Core/Src/main.o
 .debug_ranges  0x0000000000000158       0x10 Core/Src/stm32l0xx_hal_msp.o
 .debug_ranges  0x0000000000000168       0x58 Core/Src/stm32l0xx_it.o
 .debug_ranges  0x00000000000001c0       0x18 Core/Src/system_stm32l0xx.o
 .debug_ranges  0x00000000000001d8       0x60 Core/Src/tim.o
 .debug_ranges  0x0000000000000238       0x20 Core/Startup/startup_stm32l011d4px.o
 .debug_ranges  0x0000000000000258       0xe8 Drivers/STM32L0xx_HAL_Driver/Src/stm32l0xx_hal.o
 .debug_ranges  0x0000000000000340       0xb0 Drivers/STM32L0xx_HAL_Driver/Src/stm32l0xx_hal_cortex.o
 .debug_ranges  0x00000000000003f0      0x398 Drivers/STM32L0xx_HAL_Driver/Src/stm32l0xx_hal_tim.o
 .debug_ranges  0x0000000000000788       0x18 Drivers/STM32L0xx_HAL_Driver/Src/stm32l0xx_hal_tim_ex.o
 .debug_ranges  0x00000000000007a0       0x60 Drivers/STM32L0xx_HAL_Driver/Src/stm32l0xx_ll_exti.o
 .debug_ranges  0x0000000000000800       0x60 Drivers/STM32L0xx_HAL_Driver/Src/stm32l0xx_ll_gpio.o
 .debug_ranges  0x0000000000000860       0xf0 Drivers/STM32L0xx_HAL_Driver/Src/stm32l0xx_ll_tim.o
 .debug_ranges  0x0000000000000950       0xe0 Drivers/STM32L0xx_HAL_Driver/Src/stm32l0xx_ll_utils.o

.debug_macro    0x0000000000000000    0x12057
 .debug_macro   0x0000000000000000      0x22a Core/Src/gpio.o
 .debug_macro   0x000000000000022a      0xa4e Core/Src/gpio.o
 .debug_macro   0x0000000000000c78       0x9b Core/Src/gpio.o
 .debug_macro   0x0000000000000d13       0x2e Core/Src/gpio.o
 .debug_macro   0x0000000000000d41       0x28 Core/Src/gpio.o
 .debug_macro   0x0000000000000d69       0x22 Core/Src/gpio.o
 .debug_macro   0x0000000000000d8b       0x8e Core/Src/gpio.o
 .debug_macro   0x0000000000000e19       0x51 Core/Src/gpio.o
 .debug_macro   0x0000000000000e6a       0xef Core/Src/gpio.o
 .debug_macro   0x0000000000000f59       0x6a Core/Src/gpio.o
 .debug_macro   0x0000000000000fc3      0x1df Core/Src/gpio.o
 .debug_macro   0x00000000000011a2       0x34 Core/Src/gpio.o
 .debug_macro   0x00000000000011d6       0x26 Core/Src/gpio.o
 .debug_macro   0x00000000000011fc      0x329 Core/Src/gpio.o
 .debug_macro   0x0000000000001525     0x7ba3 Core/Src/gpio.o
 .debug_macro   0x00000000000090c8       0x3c Core/Src/gpio.o
 .debug_macro   0x0000000000009104     0x352c Core/Src/gpio.o
 .debug_macro   0x000000000000c630      0x174 Core/Src/gpio.o
 .debug_macro   0x000000000000c7a4       0x5b Core/Src/gpio.o
 .debug_macro   0x000000000000c7ff      0x899 Core/Src/gpio.o
 .debug_macro   0x000000000000d098      0x42e Core/Src/gpio.o
 .debug_macro   0x000000000000d4c6      0x13f Core/Src/gpio.o
 .debug_macro   0x000000000000d605       0xf1 Core/Src/gpio.o
 .debug_macro   0x000000000000d6f6      0x28e Core/Src/gpio.o
 .debug_macro   0x000000000000d984       0x28 Core/Src/gpio.o
 .debug_macro   0x000000000000d9ac      0x129 Core/Src/gpio.o
 .debug_macro   0x000000000000dad5      0x244 Core/Src/gpio.o
 .debug_macro   0x000000000000dd19      0x22c Core/Src/gpio.o
 .debug_macro   0x000000000000df45       0x5b Core/Src/gpio.o
 .debug_macro   0x000000000000dfa0       0xa5 Core/Src/gpio.o
 .debug_macro   0x000000000000e045      0x187 Core/Src/gpio.o
 .debug_macro   0x000000000000e1cc       0x16 Core/Src/gpio.o
 .debug_macro   0x000000000000e1e2      0x734 Core/Src/gpio.o
 .debug_macro   0x000000000000e916       0x9c Core/Src/gpio.o
 .debug_macro   0x000000000000e9b2      0x113 Core/Src/gpio.o
 .debug_macro   0x000000000000eac5      0x1a0 Core/Src/gpio.o
 .debug_macro   0x000000000000ec65      0x3b4 Core/Src/gpio.o
 .debug_macro   0x000000000000f019       0xa7 Core/Src/gpio.o
 .debug_macro   0x000000000000f0c0      0x13d Core/Src/gpio.o
 .debug_macro   0x000000000000f1fd      0x109 Core/Src/gpio.o
 .debug_macro   0x000000000000f306       0x16 Core/Src/gpio.o
 .debug_macro   0x000000000000f31c       0x2a Core/Src/gpio.o
 .debug_macro   0x000000000000f346       0xdb Core/Src/gpio.o
 .debug_macro   0x000000000000f421      0x285 Core/Src/gpio.o
 .debug_macro   0x000000000000f6a6      0x576 Core/Src/gpio.o
 .debug_macro   0x000000000000fc1c      0x12d Core/Src/gpio.o
 .debug_macro   0x000000000000fd49       0x2e Core/Src/gpio.o
 .debug_macro   0x000000000000fd77      0x22a Core/Src/lptim.o
 .debug_macro   0x000000000000ffa1      0x242 Core/Src/main.o
 .debug_macro   0x00000000000101e3      0x220 Core/Src/stm32l0xx_hal_msp.o
 .debug_macro   0x0000000000010403      0x230 Core/Src/stm32l0xx_it.o
 .debug_macro   0x0000000000010633      0x1aa Core/Src/system_stm32l0xx.o
 .debug_macro   0x00000000000107dd      0x22a Core/Src/tim.o
 .debug_macro   0x0000000000010a07      0x1c8 Drivers/STM32L0xx_HAL_Driver/Src/stm32l0xx_hal.o
 .debug_macro   0x0000000000010bcf      0x1a4 Drivers/STM32L0xx_HAL_Driver/Src/stm32l0xx_hal_cortex.o
 .debug_macro   0x0000000000010d73      0x1a5 Drivers/STM32L0xx_HAL_Driver/Src/stm32l0xx_hal_tim.o
 .debug_macro   0x0000000000010f18      0x1a4 Drivers/STM32L0xx_HAL_Driver/Src/stm32l0xx_hal_tim_ex.o
 .debug_macro   0x00000000000110bc      0x1cb Drivers/STM32L0xx_HAL_Driver/Src/stm32l0xx_ll_exti.o
 .debug_macro   0x0000000000011287      0x103 Drivers/STM32L0xx_HAL_Driver/Src/stm32l0xx_ll_exti.o
 .debug_macro   0x000000000001138a      0x1e6 Drivers/STM32L0xx_HAL_Driver/Src/stm32l0xx_ll_gpio.o
 .debug_macro   0x0000000000011570      0x127 Drivers/STM32L0xx_HAL_Driver/Src/stm32l0xx_ll_gpio.o
 .debug_macro   0x0000000000011697      0x204 Drivers/STM32L0xx_HAL_Driver/Src/stm32l0xx_ll_tim.o
 .debug_macro   0x000000000001189b      0x570 Drivers/STM32L0xx_HAL_Driver/Src/stm32l0xx_ll_tim.o
 .debug_macro   0x0000000000011e0b      0x24c Drivers/STM32L0xx_HAL_Driver/Src/stm32l0xx_ll_utils.o

.debug_line     0x0000000000000000     0x8c13
 .debug_line    0x0000000000000000      0x853 Core/Src/gpio.o
 .debug_line    0x0000000000000853      0x867 Core/Src/lptim.o
 .debug_line    0x00000000000010ba      0x9d7 Core/Src/main.o
 .debug_line    0x0000000000001a91      0x7a5 Core/Src/stm32l0xx_hal_msp.o
 .debug_line    0x0000000000002236      0x868 Core/Src/stm32l0xx_it.o
 .debug_line    0x0000000000002a9e      0x6c0 Core/Src/system_stm32l0xx.o
 .debug_line    0x000000000000315e      0x908 Core/Src/tim.o
 .debug_line    0x0000000000003a66       0x9e Core/Startup/startup_stm32l011d4px.o
 .debug_line    0x0000000000003b04      0x89c Drivers/STM32L0xx_HAL_Driver/Src/stm32l0xx_hal.o
 .debug_line    0x00000000000043a0      0x857 Drivers/STM32L0xx_HAL_Driver/Src/stm32l0xx_hal_cortex.o
 .debug_line    0x0000000000004bf7     0x1678 Drivers/STM32L0xx_HAL_Driver/Src/stm32l0xx_hal_tim.o
 .debug_line    0x000000000000626f      0x718 Drivers/STM32L0xx_HAL_Driver/Src/stm32l0xx_hal_tim_ex.o
 .debug_line    0x0000000000006987      0x79d Drivers/STM32L0xx_HAL_Driver/Src/stm32l0xx_ll_exti.o
 .debug_line    0x0000000000007124      0x7c6 Drivers/STM32L0xx_HAL_Driver/Src/stm32l0xx_ll_gpio.o
 .debug_line    0x00000000000078ea      0x9ab Drivers/STM32L0xx_HAL_Driver/Src/stm32l0xx_ll_tim.o
 .debug_line    0x0000000000008295      0x97e Drivers/STM32L0xx_HAL_Driver/Src/stm32l0xx_ll_utils.o

.debug_str      0x0000000000000000    0x6a870
 .debug_str     0x0000000000000000    0x6688f Core/Src/gpio.o
                                      0x67639 (size before relaxing)
 .debug_str     0x000000000006688f       0xde Core/Src/lptim.o
                                      0x67591 (size before relaxing)
 .debug_str     0x000000000006696d      0x5c2 Core/Src/main.o
                                      0x67949 (size before relaxing)
 .debug_str     0x0000000000066f2f       0x2c Core/Src/stm32l0xx_hal_msp.o
                                      0x6729b (size before relaxing)
 .debug_str     0x0000000000066f5b      0x139 Core/Src/stm32l0xx_it.o
                                      0x67720 (size before relaxing)
 .debug_str     0x0000000000067094       0x77 Core/Src/system_stm32l0xx.o
                                      0x5f138 (size before relaxing)
 .debug_str     0x000000000006710b      0x203 Core/Src/tim.o
                                      0x67a91 (size before relaxing)
 .debug_str     0x000000000006730e       0x36 Core/Startup/startup_stm32l011d4px.o
                                         0x81 (size before relaxing)
 .debug_str     0x0000000000067344      0x38c Drivers/STM32L0xx_HAL_Driver/Src/stm32l0xx_hal.o
                                      0x5f6d7 (size before relaxing)
 .debug_str     0x00000000000676d0      0x178 Drivers/STM32L0xx_HAL_Driver/Src/stm32l0xx_hal_cortex.o
                                      0x5f417 (size before relaxing)
 .debug_str     0x0000000000067848      0xca5 Drivers/STM32L0xx_HAL_Driver/Src/stm32l0xx_hal_tim.o
                                      0x6023b (size before relaxing)
 .debug_str     0x00000000000684ed       0x7d Drivers/STM32L0xx_HAL_Driver/Src/stm32l0xx_hal_tim_ex.o
                                      0x5f4c6 (size before relaxing)
 .debug_str     0x000000000006856a      0x306 Drivers/STM32L0xx_HAL_Driver/Src/stm32l0xx_ll_exti.o
                                      0x5f8ef (size before relaxing)
 .debug_str     0x0000000000068870      0x529 Drivers/STM32L0xx_HAL_Driver/Src/stm32l0xx_ll_gpio.o
                                      0x6029e (size before relaxing)
 .debug_str     0x0000000000068d99      0xd45 Drivers/STM32L0xx_HAL_Driver/Src/stm32l0xx_ll_tim.o
                                      0x63070 (size before relaxing)
 .debug_str     0x0000000000069ade      0xd92 Drivers/STM32L0xx_HAL_Driver/Src/stm32l0xx_ll_utils.o
                                      0x626ed (size before relaxing)

.comment        0x0000000000000000       0x7b
 .comment       0x0000000000000000       0x7b Core/Src/gpio.o
                                         0x7c (size before relaxing)
 .comment       0x000000000000007b       0x7c Core/Src/lptim.o
 .comment       0x000000000000007b       0x7c Core/Src/main.o
 .comment       0x000000000000007b       0x7c Core/Src/stm32l0xx_hal_msp.o
 .comment       0x000000000000007b       0x7c Core/Src/stm32l0xx_it.o
 .comment       0x000000000000007b       0x7c Core/Src/system_stm32l0xx.o
 .comment       0x000000000000007b       0x7c Core/Src/tim.o
 .comment       0x000000000000007b       0x7c Drivers/STM32L0xx_HAL_Driver/Src/stm32l0xx_hal.o
 .comment       0x000000000000007b       0x7c Drivers/STM32L0xx_HAL_Driver/Src/stm32l0xx_hal_cortex.o
 .comment       0x000000000000007b       0x7c Drivers/STM32L0xx_HAL_Driver/Src/stm32l0xx_hal_tim.o
 .comment       0x000000000000007b       0x7c Drivers/STM32L0xx_HAL_Driver/Src/stm32l0xx_hal_tim_ex.o
 .comment       0x000000000000007b       0x7c Drivers/STM32L0xx_HAL_Driver/Src/stm32l0xx_ll_exti.o
 .comment       0x000000000000007b       0x7c Drivers/STM32L0xx_HAL_Driver/Src/stm32l0xx_ll_gpio.o
 .comment       0x000000000000007b       0x7c Drivers/STM32L0xx_HAL_Driver/Src/stm32l0xx_ll_tim.o
 .comment       0x000000000000007b       0x7c Drivers/STM32L0xx_HAL_Driver/Src/stm32l0xx_ll_utils.o

.debug_frame    0x0000000000000000     0x26f0
 .debug_frame   0x0000000000000000      0x110 Core/Src/gpio.o
 .debug_frame   0x0000000000000110      0x14c Core/Src/lptim.o
 .debug_frame   0x000000000000025c      0x2b8 Core/Src/main.o
 .debug_frame   0x0000000000000514       0x2c Core/Src/stm32l0xx_hal_msp.o
 .debug_frame   0x0000000000000540      0x134 Core/Src/stm32l0xx_it.o
 .debug_frame   0x0000000000000674       0x4c Core/Src/system_stm32l0xx.o
 .debug_frame   0x00000000000006c0      0x17c Core/Src/tim.o
 .debug_frame   0x000000000000083c      0x338 Drivers/STM32L0xx_HAL_Driver/Src/stm32l0xx_hal.o
 .debug_frame   0x0000000000000b74      0x2a0 Drivers/STM32L0xx_HAL_Driver/Src/stm32l0xx_hal_cortex.o
 .debug_frame   0x0000000000000e14      0xe50 Drivers/STM32L0xx_HAL_Driver/Src/stm32l0xx_hal_tim.o
 .debug_frame   0x0000000000001c64       0x50 Drivers/STM32L0xx_HAL_Driver/Src/stm32l0xx_hal_tim_ex.o
 .debug_frame   0x0000000000001cb4      0x16c Drivers/STM32L0xx_HAL_Driver/Src/stm32l0xx_ll_exti.o
 .debug_frame   0x0000000000001e20      0x170 Drivers/STM32L0xx_HAL_Driver/Src/stm32l0xx_ll_gpio.o
 .debug_frame   0x0000000000001f90      0x3b0 Drivers/STM32L0xx_HAL_Driver/Src/stm32l0xx_ll_tim.o
 .debug_frame   0x0000000000002340      0x344 Drivers/STM32L0xx_HAL_Driver/Src/stm32l0xx_ll_utils.o
 .debug_frame   0x0000000000002684       0x2c /home/chris/st/stm32cubeide_1.2.0/plugins/com.st.stm32cube.ide.mcu.externaltools.gnu-tools-for-stm32.7-2018-q2-update.linux64_1.0.0.201904181610/tools/bin/../lib/gcc/arm-none-eabi/7.3.1/../../../../arm-none-eabi/lib/thumb/v6-m/libc_nano.a(lib_a-init.o)
 .debug_frame   0x00000000000026b0       0x20 /home/chris/st/stm32cubeide_1.2.0/plugins/com.st.stm32cube.ide.mcu.externaltools.gnu-tools-for-stm32.7-2018-q2-update.linux64_1.0.0.201904181610/tools/bin/../lib/gcc/arm-none-eabi/7.3.1/../../../../arm-none-eabi/lib/thumb/v6-m/libc_nano.a(lib_a-memset.o)
 .debug_frame   0x00000000000026d0       0x20 /home/chris/st/stm32cubeide_1.2.0/plugins/com.st.stm32cube.ide.mcu.externaltools.gnu-tools-for-stm32.7-2018-q2-update.linux64_1.0.0.201904181610/tools/bin/../lib/gcc/arm-none-eabi/7.3.1/thumb/v6-m/libgcc.a(_udivsi3.o)
