Archive member included to satisfy reference by file (symbol)

/home/chris/st/stm32cubeide_1.2.0/plugins/com.st.stm32cube.ide.mcu.externaltools.gnu-tools-for-stm32.7-2018-q2-update.linux64_1.0.0.201904181610/tools/bin/../lib/gcc/arm-none-eabi/7.3.1/../../../../arm-none-eabi/lib/thumb/v6-m/libc_nano.a(lib_a-errno.o)
                              Core/Src/syscalls.o (__errno)
/home/chris/st/stm32cubeide_1.2.0/plugins/com.st.stm32cube.ide.mcu.externaltools.gnu-tools-for-stm32.7-2018-q2-update.linux64_1.0.0.201904181610/tools/bin/../lib/gcc/arm-none-eabi/7.3.1/../../../../arm-none-eabi/lib/thumb/v6-m/libc_nano.a(lib_a-exit.o)
                              /home/chris/st/stm32cubeide_1.2.0/plugins/com.st.stm32cube.ide.mcu.externaltools.gnu-tools-for-stm32.7-2018-q2-update.linux64_1.0.0.201904181610/tools/bin/../lib/gcc/arm-none-eabi/7.3.1/../../../../arm-none-eabi/lib/thumb/v6-m/crt0.o (exit)
/home/chris/st/stm32cubeide_1.2.0/plugins/com.st.stm32cube.ide.mcu.externaltools.gnu-tools-for-stm32.7-2018-q2-update.linux64_1.0.0.201904181610/tools/bin/../lib/gcc/arm-none-eabi/7.3.1/../../../../arm-none-eabi/lib/thumb/v6-m/libc_nano.a(lib_a-impure.o)
                              /home/chris/st/stm32cubeide_1.2.0/plugins/com.st.stm32cube.ide.mcu.externaltools.gnu-tools-for-stm32.7-2018-q2-update.linux64_1.0.0.201904181610/tools/bin/../lib/gcc/arm-none-eabi/7.3.1/../../../../arm-none-eabi/lib/thumb/v6-m/libc_nano.a(lib_a-exit.o) (_global_impure_ptr)
/home/chris/st/stm32cubeide_1.2.0/plugins/com.st.stm32cube.ide.mcu.externaltools.gnu-tools-for-stm32.7-2018-q2-update.linux64_1.0.0.201904181610/tools/bin/../lib/gcc/arm-none-eabi/7.3.1/../../../../arm-none-eabi/lib/thumb/v6-m/libc_nano.a(lib_a-init.o)
                              /home/chris/st/stm32cubeide_1.2.0/plugins/com.st.stm32cube.ide.mcu.externaltools.gnu-tools-for-stm32.7-2018-q2-update.linux64_1.0.0.201904181610/tools/bin/../lib/gcc/arm-none-eabi/7.3.1/../../../../arm-none-eabi/lib/thumb/v6-m/crt0.o (__libc_init_array)
/home/chris/st/stm32cubeide_1.2.0/plugins/com.st.stm32cube.ide.mcu.externaltools.gnu-tools-for-stm32.7-2018-q2-update.linux64_1.0.0.201904181610/tools/bin/../lib/gcc/arm-none-eabi/7.3.1/../../../../arm-none-eabi/lib/thumb/v6-m/libc_nano.a(lib_a-memset.o)
                              /home/chris/st/stm32cubeide_1.2.0/plugins/com.st.stm32cube.ide.mcu.externaltools.gnu-tools-for-stm32.7-2018-q2-update.linux64_1.0.0.201904181610/tools/bin/../lib/gcc/arm-none-eabi/7.3.1/../../../../arm-none-eabi/lib/thumb/v6-m/crt0.o (memset)
/home/chris/st/stm32cubeide_1.2.0/plugins/com.st.stm32cube.ide.mcu.externaltools.gnu-tools-for-stm32.7-2018-q2-update.linux64_1.0.0.201904181610/tools/bin/../lib/gcc/arm-none-eabi/7.3.1/thumb/v6-m/libgcc.a(_udivsi3.o)
                              Core/Src/system_stm32l0xx.o (__aeabi_uidiv)
/home/chris/st/stm32cubeide_1.2.0/plugins/com.st.stm32cube.ide.mcu.externaltools.gnu-tools-for-stm32.7-2018-q2-update.linux64_1.0.0.201904181610/tools/bin/../lib/gcc/arm-none-eabi/7.3.1/thumb/v6-m/libgcc.a(_dvmd_tls.o)
                              /home/chris/st/stm32cubeide_1.2.0/plugins/com.st.stm32cube.ide.mcu.externaltools.gnu-tools-for-stm32.7-2018-q2-update.linux64_1.0.0.201904181610/tools/bin/../lib/gcc/arm-none-eabi/7.3.1/thumb/v6-m/libgcc.a(_udivsi3.o) (__aeabi_idiv0)

Allocating common symbols
Common symbol       size              file

uwTick              0x4               Drivers/STM32L0xx_HAL_Driver/Src/stm32l0xx_hal.o
pFlash              0x18              Drivers/STM32L0xx_HAL_Driver/Src/stm32l0xx_hal_flash.o
hlptim1             0x30              Core/Src/lptim.o
adc_data            0x4               Core/Src/main.o
htim2               0x3c              Core/Src/tim.o
hdma_adc            0x48              Core/Src/adc.o
hadc                0x5c              Core/Src/adc.o
htim21              0x3c              Core/Src/tim.o

Discarded input sections

 .text          0x0000000000000000        0x0 /home/chris/st/stm32cubeide_1.2.0/plugins/com.st.stm32cube.ide.mcu.externaltools.gnu-tools-for-stm32.7-2018-q2-update.linux64_1.0.0.201904181610/tools/bin/../lib/gcc/arm-none-eabi/7.3.1/thumb/v6-m/crti.o
 .data          0x0000000000000000        0x0 /home/chris/st/stm32cubeide_1.2.0/plugins/com.st.stm32cube.ide.mcu.externaltools.gnu-tools-for-stm32.7-2018-q2-update.linux64_1.0.0.201904181610/tools/bin/../lib/gcc/arm-none-eabi/7.3.1/thumb/v6-m/crti.o
 .bss           0x0000000000000000        0x0 /home/chris/st/stm32cubeide_1.2.0/plugins/com.st.stm32cube.ide.mcu.externaltools.gnu-tools-for-stm32.7-2018-q2-update.linux64_1.0.0.201904181610/tools/bin/../lib/gcc/arm-none-eabi/7.3.1/thumb/v6-m/crti.o
 .data          0x0000000000000000        0x4 /home/chris/st/stm32cubeide_1.2.0/plugins/com.st.stm32cube.ide.mcu.externaltools.gnu-tools-for-stm32.7-2018-q2-update.linux64_1.0.0.201904181610/tools/bin/../lib/gcc/arm-none-eabi/7.3.1/thumb/v6-m/crtbegin.o
[...]
Memory Configuration

Name             Origin             Length             Attributes
RAM              0x0000000020000000 0x0000000000000800 xrw
FLASH            0x0000000008000000 0x0000000000004000 xr
*default*        0x0000000000000000 0xffffffffffffffff

Linker script and memory map

LOAD /home/chris/st/stm32cubeide_1.2.0/plugins/com.st.stm32cube.ide.mcu.externaltools.gnu-tools-for-stm32.7-2018-q2-update.linux64_1.0.0.201904181610/tools/bin/../lib/gcc/arm-none-eabi/7.3.1/thumb/v6-m/crti.o
LOAD /home/chris/st/stm32cubeide_1.2.0/plugins/com.st.stm32cube.ide.mcu.externaltools.gnu-tools-for-stm32.7-2018-q2-update.linux64_1.0.0.201904181610/tools/bin/../lib/gcc/arm-none-eabi/7.3.1/thumb/v6-m/crtbegin.o
LOAD /home/chris/st/stm32cubeide_1.2.0/plugins/com.st.stm32cube.ide.mcu.externaltools.gnu-tools-for-stm32.7-2018-q2-update.linux64_1.0.0.201904181610/tools/bin/../lib/gcc/arm-none-eabi/7.3.1/../../../../arm-none-eabi/lib/thumb/v6-m/crt0.o
LOAD Core/Src/adc.o
LOAD Core/Src/dma.o
LOAD Core/Src/gpio.o
LOAD Core/Src/lptim.o
LOAD Core/Src/main.o
LOAD Core/Src/stm32l0xx_hal_msp.o
LOAD Core/Src/stm32l0xx_it.o
LOAD Core/Src/syscalls.o
LOAD Core/Src/sysmem.o
LOAD Core/Src/system_stm32l0xx.o
LOAD Core/Src/tim.o
LOAD Core/Startup/startup_stm32l011d4px.o
LOAD Drivers/STM32L0xx_HAL_Driver/Src/stm32l0xx_hal.o
LOAD Drivers/STM32L0xx_HAL_Driver/Src/stm32l0xx_hal_adc.o
LOAD Drivers/STM32L0xx_HAL_Driver/Src/stm32l0xx_hal_adc_ex.o
LOAD Drivers/STM32L0xx_HAL_Driver/Src/stm32l0xx_hal_cortex.o
LOAD Drivers/STM32L0xx_HAL_Driver/Src/stm32l0xx_hal_dma.o
LOAD Drivers/STM32L0xx_HAL_Driver/Src/stm32l0xx_hal_flash.o
LOAD Drivers/STM32L0xx_HAL_Driver/Src/stm32l0xx_hal_flash_ex.o
LOAD Drivers/STM32L0xx_HAL_Driver/Src/stm32l0xx_hal_flash_ramfunc.o
LOAD Drivers/STM32L0xx_HAL_Driver/Src/stm32l0xx_hal_gpio.o
LOAD Drivers/STM32L0xx_HAL_Driver/Src/stm32l0xx_hal_i2c.o
LOAD Drivers/STM32L0xx_HAL_Driver/Src/stm32l0xx_hal_i2c_ex.o
LOAD Drivers/STM32L0xx_HAL_Driver/Src/stm32l0xx_hal_lptim.o
LOAD Drivers/STM32L0xx_HAL_Driver/Src/stm32l0xx_hal_pwr.o
LOAD Drivers/STM32L0xx_HAL_Driver/Src/stm32l0xx_hal_pwr_ex.o
LOAD Drivers/STM32L0xx_HAL_Driver/Src/stm32l0xx_hal_rcc.o
LOAD Drivers/STM32L0xx_HAL_Driver/Src/stm32l0xx_hal_rcc_ex.o
LOAD Drivers/STM32L0xx_HAL_Driver/Src/stm32l0xx_hal_tim.o
LOAD Drivers/STM32L0xx_HAL_Driver/Src/stm32l0xx_hal_tim_ex.o
START GROUP
LOAD /home/chris/st/stm32cubeide_1.2.0/plugins/com.st.stm32cube.ide.mcu.externaltools.gnu-tools-for-stm32.7-2018-q2-update.linux64_1.0.0.201904181610/tools/bin/../lib/gcc/arm-none-eabi/7.3.1/../../../../arm-none-eabi/lib/thumb/v6-m/libc_nano.a
LOAD /home/chris/st/stm32cubeide_1.2.0/plugins/com.st.stm32cube.ide.mcu.externaltools.gnu-tools-for-stm32.7-2018-q2-update.linux64_1.0.0.201904181610/tools/bin/../lib/gcc/arm-none-eabi/7.3.1/../../../../arm-none-eabi/lib/thumb/v6-m/libm.a
END GROUP
START GROUP
LOAD /home/chris/st/stm32cubeide_1.2.0/plugins/com.st.stm32cube.ide.mcu.externaltools.gnu-tools-for-stm32.7-2018-q2-update.linux64_1.0.0.201904181610/tools/bin/../lib/gcc/arm-none-eabi/7.3.1/thumb/v6-m/libgcc.a
LOAD /home/chris/st/stm32cubeide_1.2.0/plugins/com.st.stm32cube.ide.mcu.externaltools.gnu-tools-for-stm32.7-2018-q2-update.linux64_1.0.0.201904181610/tools/bin/../lib/gcc/arm-none-eabi/7.3.1/../../../../arm-none-eabi/lib/thumb/v6-m/libc_nano.a
END GROUP
START GROUP
LOAD /home/chris/st/stm32cubeide_1.2.0/plugins/com.st.stm32cube.ide.mcu.externaltools.gnu-tools-for-stm32.7-2018-q2-update.linux64_1.0.0.201904181610/tools/bin/../lib/gcc/arm-none-eabi/7.3.1/thumb/v6-m/libgcc.a
LOAD /home/chris/st/stm32cubeide_1.2.0/plugins/com.st.stm32cube.ide.mcu.externaltools.gnu-tools-for-stm32.7-2018-q2-update.linux64_1.0.0.201904181610/tools/bin/../lib/gcc/arm-none-eabi/7.3.1/../../../../arm-none-eabi/lib/thumb/v6-m/libc_nano.a
LOAD /home/chris/st/stm32cubeide_1.2.0/plugins/com.st.stm32cube.ide.mcu.externaltools.gnu-tools-for-stm32.7-2018-q2-update.linux64_1.0.0.201904181610/tools/bin/../lib/gcc/arm-none-eabi/7.3.1/../../../../arm-none-eabi/lib/thumb/v6-m/libnosys.a
END GROUP
START GROUP
LOAD /home/chris/st/stm32cubeide_1.2.0/plugins/com.st.stm32cube.ide.mcu.externaltools.gnu-tools-for-stm32.7-2018-q2-update.linux64_1.0.0.201904181610/tools/bin/../lib/gcc/arm-none-eabi/7.3.1/thumb/v6-m/libgcc.a
LOAD /home/chris/st/stm32cubeide_1.2.0/plugins/com.st.stm32cube.ide.mcu.externaltools.gnu-tools-for-stm32.7-2018-q2-update.linux64_1.0.0.201904181610/tools/bin/../lib/gcc/arm-none-eabi/7.3.1/../../../../arm-none-eabi/lib/thumb/v6-m/libc_nano.a
LOAD /home/chris/st/stm32cubeide_1.2.0/plugins/com.st.stm32cube.ide.mcu.externaltools.gnu-tools-for-stm32.7-2018-q2-update.linux64_1.0.0.201904181610/tools/bin/../lib/gcc/arm-none-eabi/7.3.1/../../../../arm-none-eabi/lib/thumb/v6-m/libnosys.a
END GROUP
LOAD /home/chris/st/stm32cubeide_1.2.0/plugins/com.st.stm32cube.ide.mcu.externaltools.gnu-tools-for-stm32.7-2018-q2-update.linux64_1.0.0.201904181610/tools/bin/../lib/gcc/arm-none-eabi/7.3.1/thumb/v6-m/crtend.o
LOAD /home/chris/st/stm32cubeide_1.2.0/plugins/com.st.stm32cube.ide.mcu.externaltools.gnu-tools-for-stm32.7-2018-q2-update.linux64_1.0.0.201904181610/tools/bin/../lib/gcc/arm-none-eabi/7.3.1/thumb/v6-m/crtn.o
                0x0000000020000800                _estack = (ORIGIN (RAM) + LENGTH (RAM))
                0x0000000000000200                _Min_Heap_Size = 0x200
                0x0000000000000400                _Min_Stack_Size = 0x400

.isr_vector     0x0000000008000000       0xc0
                0x0000000008000000                . = ALIGN (0x4)
 *(.isr_vector)
 .isr_vector    0x0000000008000000       0xc0 Core/Startup/startup_stm32l011d4px.o
                0x0000000008000000                g_pfnVectors
                0x00000000080000c0                . = ALIGN (0x4)

.text           0x00000000080000c0     0x37d4
                0x00000000080000c0                . = ALIGN (0x4)
 *(.text)
 .text          0x00000000080000c0       0x48 /home/chris/st/stm32cubeide_1.2.0/plugins/com.st.stm32cube.ide.mcu.externaltools.gnu-tools-for-stm32.7-2018-q2-update.linux64_1.0.0.201904181610/tools/bin/../lib/gcc/arm-none-eabi/7.3.1/thumb/v6-m/crtbegin.o
 .text          0x0000000008000108      0x114 /home/chris/st/stm32cubeide_1.2.0/plugins/com.st.stm32cube.ide.mcu.externaltools.gnu-tools-for-stm32.7-2018-q2-update.linux64_1.0.0.201904181610/tools/bin/../lib/gcc/arm-none-eabi/7.3.1/thumb/v6-m/libgcc.a(_udivsi3.o)
                0x0000000008000108                __udivsi3
                0x0000000008000108                __aeabi_uidiv
                0x0000000008000214                __aeabi_uidivmod
 .text          0x000000000800021c        0x4 /home/chris/st/stm32cubeide_1.2.0/plugins/com.st.stm32cube.ide.mcu.externaltools.gnu-tools-for-stm32.7-2018-q2-update.linux64_1.0.0.201904181610/tools/bin/../lib/gcc/arm-none-eabi/7.3.1/thumb/v6-m/libgcc.a(_dvmd_tls.o)
                0x000000000800021c                __aeabi_ldiv0
                0x000000000800021c                __aeabi_idiv0
 *(.text*)
 .text.MX_ADC_Init
                0x0000000008000220       0xcc Core/Src/adc.o
                0x0000000008000220                MX_ADC_Init
 .text.HAL_ADC_MspInit
                0x00000000080002ec       0xd4 Core/Src/adc.o
                0x00000000080002ec                HAL_ADC_MspInit
 .text.MX_DMA_Init
                0x00000000080003c0       0x3c Core/Src/dma.o
                0x00000000080003c0                MX_DMA_Init
 .text.MX_GPIO_Init
                0x00000000080003fc       0xc4 Core/Src/gpio.o
                0x00000000080003fc                MX_GPIO_Init
 .text.MX_LPTIM1_Init
                0x00000000080004c0       0x50 Core/Src/lptim.o
                0x00000000080004c0                MX_LPTIM1_Init
 .text.HAL_LPTIM_MspInit
                0x0000000008000510       0x40 Core/Src/lptim.o
                0x0000000008000510                HAL_LPTIM_MspInit
 .text.main     0x0000000008000550       0xdc Core/Src/main.o
                0x0000000008000550                main
 .text.SystemClock_Config
                0x000000000800062c       0xe4 Core/Src/main.o
                0x000000000800062c                SystemClock_Config
 .text.Error_Handler
                0x0000000008000710        0xa Core/Src/main.o
                0x0000000008000710                Error_Handler
 *fill*         0x000000000800071a        0x2 
 .text.HAL_MspInit
                0x000000000800071c       0x28 Core/Src/stm32l0xx_hal_msp.o
                0x000000000800071c                HAL_MspInit
 .text.ledprogram_panfade
                0x0000000008000744       0xd0 Core/Src/stm32l0xx_it.o
                0x0000000008000744                ledprogram_panfade
 .text.NMI_Handler
                0x0000000008000814        0xa Core/Src/stm32l0xx_it.o
                0x0000000008000814                NMI_Handler
 .text.HardFault_Handler
                0x000000000800081e        0x6 Core/Src/stm32l0xx_it.o
                0x000000000800081e                HardFault_Handler
 .text.SVC_Handler
                0x0000000008000824        0xa Core/Src/stm32l0xx_it.o
                0x0000000008000824                SVC_Handler
 .text.PendSV_Handler
                0x000000000800082e        0xa Core/Src/stm32l0xx_it.o
                0x000000000800082e                PendSV_Handler
 .text.SysTick_Handler
                0x0000000008000838        0xe Core/Src/stm32l0xx_it.o
                0x0000000008000838                SysTick_Handler
 *fill*         0x0000000008000846        0x2 
 .text.EXTI4_15_IRQHandler
                0x0000000008000848       0x68 Core/Src/stm32l0xx_it.o
                0x0000000008000848                EXTI4_15_IRQHandler
 .text.DMA1_Channel1_IRQHandler
                0x00000000080008b0       0x18 Core/Src/stm32l0xx_it.o
                0x00000000080008b0                DMA1_Channel1_IRQHandler
 .text.LPTIM1_IRQHandler
                0x00000000080008c8       0x38 Core/Src/stm32l0xx_it.o
                0x00000000080008c8                LPTIM1_IRQHandler
 .text.TIM21_IRQHandler
                0x0000000008000900       0x18 Core/Src/stm32l0xx_it.o
                0x0000000008000900                TIM21_IRQHandler
 .text.SystemInit
                0x0000000008000918       0x7c Core/Src/system_stm32l0xx.o
                0x0000000008000918                SystemInit
 .text.MX_TIM2_Init
                0x0000000008000994       0xe4 Core/Src/tim.o
                0x0000000008000994                MX_TIM2_Init
 .text.MX_TIM21_Init
                0x0000000008000a78       0xac Core/Src/tim.o
                0x0000000008000a78                MX_TIM21_Init
 .text.HAL_TIM_PWM_MspInit
                0x0000000008000b24       0x2c Core/Src/tim.o
                0x0000000008000b24                HAL_TIM_PWM_MspInit
 .text.HAL_TIM_Base_MspInit
                0x0000000008000b50       0x40 Core/Src/tim.o
                0x0000000008000b50                HAL_TIM_Base_MspInit
 .text.HAL_TIM_MspPostInit
                0x0000000008000b90       0xa8 Core/Src/tim.o
                0x0000000008000b90                HAL_TIM_MspPostInit
 .text.Reset_Handler
                0x0000000008000c38       0x80 Core/Startup/startup_stm32l011d4px.o
                0x0000000008000c38                Reset_Handler
 .text.Default_Handler
                0x0000000008000cb8        0x2 Core/Startup/startup_stm32l011d4px.o
                0x0000000008000cb8                ADC1_COMP_IRQHandler
                0x0000000008000cb8                PVD_IRQHandler
                0x0000000008000cb8                I2C1_IRQHandler
                0x0000000008000cb8                SPI1_IRQHandler
                0x0000000008000cb8                EXTI2_3_IRQHandler
                0x0000000008000cb8                RTC_IRQHandler
                0x0000000008000cb8                RCC_IRQHandler
                0x0000000008000cb8                Default_Handler
                0x0000000008000cb8                DMA1_Channel4_5_IRQHandler
                0x0000000008000cb8                EXTI0_1_IRQHandler
                0x0000000008000cb8                WWDG_IRQHandler
                0x0000000008000cb8                LPUART1_IRQHandler
                0x0000000008000cb8                TIM2_IRQHandler
                0x0000000008000cb8                DMA1_Channel2_3_IRQHandler
                0x0000000008000cb8                USART2_IRQHandler
                0x0000000008000cb8                FLASH_IRQHandler
 *fill*         0x0000000008000cba        0x2 
 .text.HAL_Init
                0x0000000008000cbc       0x40 Drivers/STM32L0xx_HAL_Driver/Src/stm32l0xx_hal.o
                0x0000000008000cbc                HAL_Init
 .text.HAL_InitTick
                0x0000000008000cfc       0x54 Drivers/STM32L0xx_HAL_Driver/Src/stm32l0xx_hal.o
                0x0000000008000cfc                HAL_InitTick
 .text.HAL_IncTick
                0x0000000008000d50       0x18 Drivers/STM32L0xx_HAL_Driver/Src/stm32l0xx_hal.o
                0x0000000008000d50                HAL_IncTick
 .text.HAL_GetTick
                0x0000000008000d68       0x14 Drivers/STM32L0xx_HAL_Driver/Src/stm32l0xx_hal.o
                0x0000000008000d68                HAL_GetTick
 .text.HAL_ADC_Init
                0x0000000008000d7c      0x2e8 Drivers/STM32L0xx_HAL_Driver/Src/stm32l0xx_hal_adc.o
                0x0000000008000d7c                HAL_ADC_Init
 .text.HAL_ADC_Start_DMA
                0x0000000008001064      0x104 Drivers/STM32L0xx_HAL_Driver/Src/stm32l0xx_hal_adc.o
                0x0000000008001064                HAL_ADC_Start_DMA
 .text.HAL_ADC_ConvCpltCallback
                0x0000000008001168       0x10 Drivers/STM32L0xx_HAL_Driver/Src/stm32l0xx_hal_adc.o
                0x0000000008001168                HAL_ADC_ConvCpltCallback
 .text.HAL_ADC_ConvHalfCpltCallback
                0x0000000008001178       0x10 Drivers/STM32L0xx_HAL_Driver/Src/stm32l0xx_hal_adc.o
                0x0000000008001178                HAL_ADC_ConvHalfCpltCallback
 .text.HAL_ADC_ErrorCallback
                0x0000000008001188       0x10 Drivers/STM32L0xx_HAL_Driver/Src/stm32l0xx_hal_adc.o
                0x0000000008001188                HAL_ADC_ErrorCallback
 .text.HAL_ADC_ConfigChannel
                0x0000000008001198      0x10c Drivers/STM32L0xx_HAL_Driver/Src/stm32l0xx_hal_adc.o
                0x0000000008001198                HAL_ADC_ConfigChannel
 .text.ADC_Enable
                0x00000000080012a4       0xc0 Drivers/STM32L0xx_HAL_Driver/Src/stm32l0xx_hal_adc.o
 .text.ADC_DMAConvCplt
                0x0000000008001364       0xb4 Drivers/STM32L0xx_HAL_Driver/Src/stm32l0xx_hal_adc.o
 .text.ADC_DMAHalfConvCplt
                0x0000000008001418       0x1e Drivers/STM32L0xx_HAL_Driver/Src/stm32l0xx_hal_adc.o
 .text.ADC_DMAError
                0x0000000008001436       0x36 Drivers/STM32L0xx_HAL_Driver/Src/stm32l0xx_hal_adc.o
 .text.ADC_DelayMicroSecond
                0x000000000800146c       0x3c Drivers/STM32L0xx_HAL_Driver/Src/stm32l0xx_hal_adc.o
 .text.NVIC_EnableIRQ
                0x00000000080014a8       0x2c Drivers/STM32L0xx_HAL_Driver/Src/stm32l0xx_hal_cortex.o
 .text.NVIC_SetPriority
                0x00000000080014d4       0xdc Drivers/STM32L0xx_HAL_Driver/Src/stm32l0xx_hal_cortex.o
 .text.SysTick_Config
                0x00000000080015b0       0x48 Drivers/STM32L0xx_HAL_Driver/Src/stm32l0xx_hal_cortex.o
 .text.HAL_NVIC_SetPriority
                0x00000000080015f8       0x2a Drivers/STM32L0xx_HAL_Driver/Src/stm32l0xx_hal_cortex.o
                0x00000000080015f8                HAL_NVIC_SetPriority
 .text.HAL_NVIC_EnableIRQ
                0x0000000008001622       0x20 Drivers/STM32L0xx_HAL_Driver/Src/stm32l0xx_hal_cortex.o
                0x0000000008001622                HAL_NVIC_EnableIRQ
 .text.HAL_SYSTICK_Config
                0x0000000008001642       0x1a Drivers/STM32L0xx_HAL_Driver/Src/stm32l0xx_hal_cortex.o
                0x0000000008001642                HAL_SYSTICK_Config
 .text.HAL_DMA_Init
                0x000000000800165c       0xf0 Drivers/STM32L0xx_HAL_Driver/Src/stm32l0xx_hal_dma.o
                0x000000000800165c                HAL_DMA_Init
 .text.HAL_DMA_Start_IT
                0x000000000800174c       0xcc Drivers/STM32L0xx_HAL_Driver/Src/stm32l0xx_hal_dma.o
                0x000000000800174c                HAL_DMA_Start_IT
 .text.HAL_DMA_IRQHandler
                0x0000000008001818      0x15c Drivers/STM32L0xx_HAL_Driver/Src/stm32l0xx_hal_dma.o
                0x0000000008001818                HAL_DMA_IRQHandler
 .text.DMA_SetConfig
                0x0000000008001974       0x5c Drivers/STM32L0xx_HAL_Driver/Src/stm32l0xx_hal_dma.o
 .text.HAL_GPIO_Init
                0x00000000080019d0      0x2cc Drivers/STM32L0xx_HAL_Driver/Src/stm32l0xx_hal_gpio.o
                0x00000000080019d0                HAL_GPIO_Init
 .text.HAL_GPIO_WritePin
                0x0000000008001c9c       0x3a Drivers/STM32L0xx_HAL_Driver/Src/stm32l0xx_hal_gpio.o
                0x0000000008001c9c                HAL_GPIO_WritePin
 .text.HAL_GPIO_TogglePin
                0x0000000008001cd6       0x24 Drivers/STM32L0xx_HAL_Driver/Src/stm32l0xx_hal_gpio.o
                0x0000000008001cd6                HAL_GPIO_TogglePin
 *fill*         0x0000000008001cfa        0x2 
 .text.HAL_GPIO_EXTI_IRQHandler
                0x0000000008001cfc       0x38 Drivers/STM32L0xx_HAL_Driver/Src/stm32l0xx_hal_gpio.o
                0x0000000008001cfc                HAL_GPIO_EXTI_IRQHandler
 .text.HAL_GPIO_EXTI_Callback
                0x0000000008001d34       0x14 Drivers/STM32L0xx_HAL_Driver/Src/stm32l0xx_hal_gpio.o
                0x0000000008001d34                HAL_GPIO_EXTI_Callback
 .text.HAL_LPTIM_Init
                0x0000000008001d48      0x100 Drivers/STM32L0xx_HAL_Driver/Src/stm32l0xx_hal_lptim.o
                0x0000000008001d48                HAL_LPTIM_Init
 .text.HAL_LPTIM_Counter_Start_IT
                0x0000000008001e48       0xa8 Drivers/STM32L0xx_HAL_Driver/Src/stm32l0xx_hal_lptim.o
                0x0000000008001e48                HAL_LPTIM_Counter_Start_IT
 .text.HAL_LPTIM_IRQHandler
                0x0000000008001ef0      0x144 Drivers/STM32L0xx_HAL_Driver/Src/stm32l0xx_hal_lptim.o
                0x0000000008001ef0                HAL_LPTIM_IRQHandler
 .text.HAL_LPTIM_CompareMatchCallback
                0x0000000008002034       0x10 Drivers/STM32L0xx_HAL_Driver/Src/stm32l0xx_hal_lptim.o
                0x0000000008002034                HAL_LPTIM_CompareMatchCallback
 .text.HAL_LPTIM_AutoReloadMatchCallback
                0x0000000008002044       0x10 Drivers/STM32L0xx_HAL_Driver/Src/stm32l0xx_hal_lptim.o
                0x0000000008002044                HAL_LPTIM_AutoReloadMatchCallback
 .text.HAL_LPTIM_TriggerCallback
                0x0000000008002054       0x10 Drivers/STM32L0xx_HAL_Driver/Src/stm32l0xx_hal_lptim.o
                0x0000000008002054                HAL_LPTIM_TriggerCallback
 .text.HAL_LPTIM_CompareWriteCallback
                0x0000000008002064       0x10 Drivers/STM32L0xx_HAL_Driver/Src/stm32l0xx_hal_lptim.o
                0x0000000008002064                HAL_LPTIM_CompareWriteCallback
 .text.HAL_LPTIM_AutoReloadWriteCallback
                0x0000000008002074       0x10 Drivers/STM32L0xx_HAL_Driver/Src/stm32l0xx_hal_lptim.o
                0x0000000008002074                HAL_LPTIM_AutoReloadWriteCallback
 .text.HAL_LPTIM_DirectionUpCallback
                0x0000000008002084       0x10 Drivers/STM32L0xx_HAL_Driver/Src/stm32l0xx_hal_lptim.o
                0x0000000008002084                HAL_LPTIM_DirectionUpCallback
 .text.HAL_LPTIM_DirectionDownCallback
                0x0000000008002094       0x10 Drivers/STM32L0xx_HAL_Driver/Src/stm32l0xx_hal_lptim.o
                0x0000000008002094                HAL_LPTIM_DirectionDownCallback
 .text.HAL_RCC_OscConfig
                0x00000000080020a4      0x6f4 Drivers/STM32L0xx_HAL_Driver/Src/stm32l0xx_hal_rcc.o
                0x00000000080020a4                HAL_RCC_OscConfig
 .text.HAL_RCC_ClockConfig
                0x0000000008002798      0x254 Drivers/STM32L0xx_HAL_Driver/Src/stm32l0xx_hal_rcc.o
                0x0000000008002798                HAL_RCC_ClockConfig
 .text.HAL_RCC_GetSysClockFreq
                0x00000000080029ec      0x108 Drivers/STM32L0xx_HAL_Driver/Src/stm32l0xx_hal_rcc.o
                0x00000000080029ec                HAL_RCC_GetSysClockFreq
 .text.HAL_RCCEx_PeriphCLKConfig
                0x0000000008002af4      0x250 Drivers/STM32L0xx_HAL_Driver/Src/stm32l0xx_hal_rcc_ex.o
                0x0000000008002af4                HAL_RCCEx_PeriphCLKConfig
 .text.HAL_TIM_Base_Init
                0x0000000008002d44       0x58 Drivers/STM32L0xx_HAL_Driver/Src/stm32l0xx_hal_tim.o
                0x0000000008002d44                HAL_TIM_Base_Init
 .text.HAL_TIM_Base_Start_IT
                0x0000000008002d9c       0x44 Drivers/STM32L0xx_HAL_Driver/Src/stm32l0xx_hal_tim.o
                0x0000000008002d9c                HAL_TIM_Base_Start_IT
 .text.HAL_TIM_PWM_Init
                0x0000000008002de0       0x58 Drivers/STM32L0xx_HAL_Driver/Src/stm32l0xx_hal_tim.o
                0x0000000008002de0                HAL_TIM_PWM_Init
 .text.HAL_TIM_PWM_Start
                0x0000000008002e38       0x44 Drivers/STM32L0xx_HAL_Driver/Src/stm32l0xx_hal_tim.o
                0x0000000008002e38                HAL_TIM_PWM_Start
 .text.HAL_TIM_IRQHandler
                0x0000000008002e7c      0x1d0 Drivers/STM32L0xx_HAL_Driver/Src/stm32l0xx_hal_tim.o
                0x0000000008002e7c                HAL_TIM_IRQHandler
 .text.HAL_TIM_PWM_ConfigChannel
                0x000000000800304c      0x170 Drivers/STM32L0xx_HAL_Driver/Src/stm32l0xx_hal_tim.o
                0x000000000800304c                HAL_TIM_PWM_ConfigChannel
 .text.HAL_TIM_ConfigClockSource
                0x00000000080031bc      0x17c Drivers/STM32L0xx_HAL_Driver/Src/stm32l0xx_hal_tim.o
                0x00000000080031bc                HAL_TIM_ConfigClockSource
 .text.HAL_TIM_PeriodElapsedCallback
                0x0000000008003338       0x10 Drivers/STM32L0xx_HAL_Driver/Src/stm32l0xx_hal_tim.o
                0x0000000008003338                HAL_TIM_PeriodElapsedCallback
 .text.HAL_TIM_OC_DelayElapsedCallback
                0x0000000008003348       0x10 Drivers/STM32L0xx_HAL_Driver/Src/stm32l0xx_hal_tim.o
                0x0000000008003348                HAL_TIM_OC_DelayElapsedCallback
 .text.HAL_TIM_IC_CaptureCallback
                0x0000000008003358       0x10 Drivers/STM32L0xx_HAL_Driver/Src/stm32l0xx_hal_tim.o
                0x0000000008003358                HAL_TIM_IC_CaptureCallback
 .text.HAL_TIM_PWM_PulseFinishedCallback
                0x0000000008003368       0x10 Drivers/STM32L0xx_HAL_Driver/Src/stm32l0xx_hal_tim.o
                0x0000000008003368                HAL_TIM_PWM_PulseFinishedCallback
 .text.HAL_TIM_TriggerCallback
                0x0000000008003378       0x10 Drivers/STM32L0xx_HAL_Driver/Src/stm32l0xx_hal_tim.o
                0x0000000008003378                HAL_TIM_TriggerCallback
 .text.TIM_Base_SetConfig
                0x0000000008003388       0x94 Drivers/STM32L0xx_HAL_Driver/Src/stm32l0xx_hal_tim.o
 .text.TIM_OC1_SetConfig
                0x000000000800341c       0x78 Drivers/STM32L0xx_HAL_Driver/Src/stm32l0xx_hal_tim.o
 .text.TIM_OC2_SetConfig
                0x0000000008003494       0x84 Drivers/STM32L0xx_HAL_Driver/Src/stm32l0xx_hal_tim.o
 .text.TIM_OC3_SetConfig
                0x0000000008003518       0x80 Drivers/STM32L0xx_HAL_Driver/Src/stm32l0xx_hal_tim.o
 .text.TIM_OC4_SetConfig
                0x0000000008003598       0x8c Drivers/STM32L0xx_HAL_Driver/Src/stm32l0xx_hal_tim.o
 .text.TIM_TI1_ConfigInputStage
                0x0000000008003624       0x5c Drivers/STM32L0xx_HAL_Driver/Src/stm32l0xx_hal_tim.o
 .text.TIM_TI2_ConfigInputStage
                0x0000000008003680       0x64 Drivers/STM32L0xx_HAL_Driver/Src/stm32l0xx_hal_tim.o
 .text.TIM_ITRx_SetConfig
                0x00000000080036e4       0x32 Drivers/STM32L0xx_HAL_Driver/Src/stm32l0xx_hal_tim.o
 *fill*         0x0000000008003716        0x2 
 .text.TIM_ETR_SetConfig
                0x0000000008003718       0x40 Drivers/STM32L0xx_HAL_Driver/Src/stm32l0xx_hal_tim.o
 .text.TIM_CCxChannelCmd
                0x0000000008003758       0x46 Drivers/STM32L0xx_HAL_Driver/Src/stm32l0xx_hal_tim.o
 .text.HAL_TIMEx_MasterConfigSynchronization
                0x000000000800379e       0x86 Drivers/STM32L0xx_HAL_Driver/Src/stm32l0xx_hal_tim_ex.o
                0x000000000800379e                HAL_TIMEx_MasterConfigSynchronization
 .text.__libc_init_array
                0x0000000008003824       0x48 /home/chris/st/stm32cubeide_1.2.0/plugins/com.st.stm32cube.ide.mcu.externaltools.gnu-tools-for-stm32.7-2018-q2-update.linux64_1.0.0.201904181610/tools/bin/../lib/gcc/arm-none-eabi/7.3.1/../../../../arm-none-eabi/lib/thumb/v6-m/libc_nano.a(lib_a-init.o)
                0x0000000008003824                __libc_init_array
 .text.memset   0x000000000800386c       0x10 /home/chris/st/stm32cubeide_1.2.0/plugins/com.st.stm32cube.ide.mcu.externaltools.gnu-tools-for-stm32.7-2018-q2-update.linux64_1.0.0.201904181610/tools/bin/../lib/gcc/arm-none-eabi/7.3.1/../../../../arm-none-eabi/lib/thumb/v6-m/libc_nano.a(lib_a-memset.o)
                0x000000000800386c                memset
 *(.glue_7)
 .glue_7        0x000000000800387c        0x0 linker stubs
 *(.glue_7t)
 .glue_7t       0x000000000800387c        0x0 linker stubs
 *(.eh_frame)
 .eh_frame      0x000000000800387c        0x0 /home/chris/st/stm32cubeide_1.2.0/plugins/com.st.stm32cube.ide.mcu.externaltools.gnu-tools-for-stm32.7-2018-q2-update.linux64_1.0.0.201904181610/tools/bin/../lib/gcc/arm-none-eabi/7.3.1/thumb/v6-m/crtbegin.o
 *(.init)
 .init          0x000000000800387c        0x4 /home/chris/st/stm32cubeide_1.2.0/plugins/com.st.stm32cube.ide.mcu.externaltools.gnu-tools-for-stm32.7-2018-q2-update.linux64_1.0.0.201904181610/tools/bin/../lib/gcc/arm-none-eabi/7.3.1/thumb/v6-m/crti.o
                0x000000000800387c                _init
 .init          0x0000000008003880        0x8 /home/chris/st/stm32cubeide_1.2.0/plugins/com.st.stm32cube.ide.mcu.externaltools.gnu-tools-for-stm32.7-2018-q2-update.linux64_1.0.0.201904181610/tools/bin/../lib/gcc/arm-none-eabi/7.3.1/thumb/v6-m/crtn.o
 *(.fini)
 .fini          0x0000000008003888        0x4 /home/chris/st/stm32cubeide_1.2.0/plugins/com.st.stm32cube.ide.mcu.externaltools.gnu-tools-for-stm32.7-2018-q2-update.linux64_1.0.0.201904181610/tools/bin/../lib/gcc/arm-none-eabi/7.3.1/thumb/v6-m/crti.o
                0x0000000008003888                _fini
 .fini          0x000000000800388c        0x8 /home/chris/st/stm32cubeide_1.2.0/plugins/com.st.stm32cube.ide.mcu.externaltools.gnu-tools-for-stm32.7-2018-q2-update.linux64_1.0.0.201904181610/tools/bin/../lib/gcc/arm-none-eabi/7.3.1/thumb/v6-m/crtn.o
                0x0000000008003894                . = ALIGN (0x4)
                0x0000000008003894                _etext = .

.vfp11_veneer   0x0000000008003894        0x0
 .vfp11_veneer  0x0000000008003894        0x0 linker stubs

.v4_bx          0x0000000008003894        0x0
 .v4_bx         0x0000000008003894        0x0 linker stubs

.iplt           0x0000000008003894        0x0
 .iplt          0x0000000008003894        0x0 /home/chris/st/stm32cubeide_1.2.0/plugins/com.st.stm32cube.ide.mcu.externaltools.gnu-tools-for-stm32.7-2018-q2-update.linux64_1.0.0.201904181610/tools/bin/../lib/gcc/arm-none-eabi/7.3.1/thumb/v6-m/crtbegin.o

.rodata         0x0000000008003894       0x1c
                0x0000000008003894                . = ALIGN (0x4)
 *(.rodata)
 *(.rodata*)
 .rodata.AHBPrescTable
                0x0000000008003894       0x10 Core/Src/system_stm32l0xx.o
                0x0000000008003894                AHBPrescTable
 .rodata.PLLMulTable
                0x00000000080038a4        0x9 Core/Src/system_stm32l0xx.o
                0x00000000080038a4                PLLMulTable
                0x00000000080038b0                . = ALIGN (0x4)
 *fill*         0x00000000080038ad        0x3 

.rel.dyn        0x00000000080038b0        0x0
 .rel.iplt      0x00000000080038b0        0x0 /home/chris/st/stm32cubeide_1.2.0/plugins/com.st.stm32cube.ide.mcu.externaltools.gnu-tools-for-stm32.7-2018-q2-update.linux64_1.0.0.201904181610/tools/bin/../lib/gcc/arm-none-eabi/7.3.1/thumb/v6-m/crtbegin.o

.ARM.extab      0x00000000080038b0        0x0
                0x00000000080038b0                . = ALIGN (0x4)
 *(.ARM.extab* .gnu.linkonce.armextab.*)
                0x00000000080038b0                . = ALIGN (0x4)

.ARM            0x00000000080038b0        0x0
                0x00000000080038b0                . = ALIGN (0x4)
                0x00000000080038b0                __exidx_start = .
 *(.ARM.exidx*)
                0x00000000080038b0                __exidx_end = .
                0x00000000080038b0                . = ALIGN (0x4)

.preinit_array  0x00000000080038b0        0x0
                0x00000000080038b0                . = ALIGN (0x4)
                0x00000000080038b0                PROVIDE (__preinit_array_start = .)
 *(.preinit_array*)
                0x00000000080038b0                PROVIDE (__preinit_array_end = .)
                0x00000000080038b0                . = ALIGN (0x4)

.init_array     0x00000000080038b0        0x4
                0x00000000080038b0                . = ALIGN (0x4)
                0x00000000080038b0                PROVIDE (__init_array_start = .)
 *(SORT_BY_NAME(.init_array.*))
 *(.init_array*)
 .init_array    0x00000000080038b0        0x4 /home/chris/st/stm32cubeide_1.2.0/plugins/com.st.stm32cube.ide.mcu.externaltools.gnu-tools-for-stm32.7-2018-q2-update.linux64_1.0.0.201904181610/tools/bin/../lib/gcc/arm-none-eabi/7.3.1/thumb/v6-m/crtbegin.o
                0x00000000080038b4                PROVIDE (__init_array_end = .)
                0x00000000080038b4                . = ALIGN (0x4)

.fini_array     0x00000000080038b4        0x4
                0x00000000080038b4                . = ALIGN (0x4)
                [!provide]                        PROVIDE (__fini_array_start = .)
 *(SORT_BY_NAME(.fini_array.*))
 *(.fini_array*)
 .fini_array    0x00000000080038b4        0x4 /home/chris/st/stm32cubeide_1.2.0/plugins/com.st.stm32cube.ide.mcu.externaltools.gnu-tools-for-stm32.7-2018-q2-update.linux64_1.0.0.201904181610/tools/bin/../lib/gcc/arm-none-eabi/7.3.1/thumb/v6-m/crtbegin.o
                [!provide]                        PROVIDE (__fini_array_end = .)
                0x00000000080038b8                . = ALIGN (0x4)
                0x00000000080038b8                _sidata = LOADADDR (.data)

.data           0x0000000020000000        0x8 load address 0x00000000080038b8
                0x0000000020000000                . = ALIGN (0x4)
                0x0000000020000000                _sdata = .
 *(.data)
 *(.data*)
 .data.led_fade_up1
                0x0000000020000000        0x1 Core/Src/stm32l0xx_it.o
                0x0000000020000000                led_fade_up1
 .data.led2_fade_stop
                0x0000000020000001        0x1 Core/Src/stm32l0xx_it.o
                0x0000000020000001                led2_fade_stop
 *fill*         0x0000000020000002        0x2 
 .data.SystemCoreClock
                0x0000000020000004        0x4 Core/Src/system_stm32l0xx.o
                0x0000000020000004                SystemCoreClock
                0x0000000020000008                . = ALIGN (0x4)
                0x0000000020000008                _edata = .

.igot.plt       0x0000000020000008        0x0 load address 0x00000000080038c0
 .igot.plt      0x0000000020000008        0x0 /home/chris/st/stm32cubeide_1.2.0/plugins/com.st.stm32cube.ide.mcu.externaltools.gnu-tools-for-stm32.7-2018-q2-update.linux64_1.0.0.201904181610/tools/bin/../lib/gcc/arm-none-eabi/7.3.1/thumb/v6-m/crtbegin.o
                0x0000000020000008                . = ALIGN (0x4)

.bss            0x0000000020000008      0x178 load address 0x00000000080038c0
                0x0000000020000008                _sbss = .
                0x0000000020000008                __bss_start__ = _sbss
 *(.bss)
 .bss           0x0000000020000008       0x1c /home/chris/st/stm32cubeide_1.2.0/plugins/com.st.stm32cube.ide.mcu.externaltools.gnu-tools-for-stm32.7-2018-q2-update.linux64_1.0.0.201904181610/tools/bin/../lib/gcc/arm-none-eabi/7.3.1/thumb/v6-m/crtbegin.o
 *(.bss*)
 .bss.last_interrupt_time
                0x0000000020000024        0x2 Core/Src/stm32l0xx_it.o
                0x0000000020000024                last_interrupt_time
 .bss.led_value1
                0x0000000020000026        0x2 Core/Src/stm32l0xx_it.o
                0x0000000020000026                led_value1
 .bss.led_value2
                0x0000000020000028        0x2 Core/Src/stm32l0xx_it.o
                0x0000000020000028                led_value2
 .bss.led_fade_up2
                0x000000002000002a        0x1 Core/Src/stm32l0xx_it.o
                0x000000002000002a                led_fade_up2
 .bss.led1_fade_stop
                0x000000002000002b        0x1 Core/Src/stm32l0xx_it.o
                0x000000002000002b                led1_fade_stop
 *(COMMON)
 COMMON         0x000000002000002c       0xa4 Core/Src/adc.o
                0x000000002000002c                hdma_adc
                0x0000000020000074                hadc
 COMMON         0x00000000200000d0       0x30 Core/Src/lptim.o
                0x00000000200000d0                hlptim1
 COMMON         0x0000000020000100        0x4 Core/Src/main.o
                0x0000000020000100                adc_data
 COMMON         0x0000000020000104       0x78 Core/Src/tim.o
                0x0000000020000104                htim2
                0x0000000020000140                htim21
 COMMON         0x000000002000017c        0x4 Drivers/STM32L0xx_HAL_Driver/Src/stm32l0xx_hal.o
                0x000000002000017c                uwTick
                0x0000000020000180                . = ALIGN (0x4)
                0x0000000020000180                _ebss = .
                0x0000000020000180                __bss_end__ = _ebss

._user_heap_stack
                0x0000000020000180      0x600 load address 0x00000000080038c0
                0x0000000020000180                . = ALIGN (0x8)
                0x0000000020000180                PROVIDE (end = .)
                [!provide]                        PROVIDE (_end = .)
                0x0000000020000380                . = (. + _Min_Heap_Size)
 *fill*         0x0000000020000180      0x200 
                0x0000000020000780                . = (. + _Min_Stack_Size)
 *fill*         0x0000000020000380      0x400 
                0x0000000020000780                . = ALIGN (0x8)

/DISCARD/
 libc.a(*)
 libm.a(*)
 libgcc.a(*)

.ARM.attributes
                0x0000000000000000       0x28
 *(.ARM.attributes)
 .ARM.attributes
                0x0000000000000000       0x1e /home/chris/st/stm32cubeide_1.2.0/plugins/com.st.stm32cube.ide.mcu.externaltools.gnu-tools-for-stm32.7-2018-q2-update.linux64_1.0.0.201904181610/tools/bin/../lib/gcc/arm-none-eabi/7.3.1/thumb/v6-m/crti.o
 .ARM.attributes
                0x000000000000001e       0x2c /home/chris/st/stm32cubeide_1.2.0/plugins/com.st.stm32cube.ide.mcu.externaltools.gnu-tools-for-stm32.7-2018-q2-update.linux64_1.0.0.201904181610/tools/bin/../lib/gcc/arm-none-eabi/7.3.1/thumb/v6-m/crtbegin.o
 .ARM.attributes
                0x000000000000004a       0x32 Core/Src/adc.o
 .ARM.attributes
                0x000000000000007c       0x32 Core/Src/dma.o
 .ARM.attributes
                0x00000000000000ae       0x32 Core/Src/gpio.o
 .ARM.attributes
                0x00000000000000e0       0x32 Core/Src/lptim.o
 .ARM.attributes
                0x0000000000000112       0x32 Core/Src/main.o
 .ARM.attributes
                0x0000000000000144       0x32 Core/Src/stm32l0xx_hal_msp.o
 .ARM.attributes
                0x0000000000000176       0x32 Core/Src/stm32l0xx_it.o
 .ARM.attributes
                0x00000000000001a8       0x32 Core/Src/system_stm32l0xx.o
 .ARM.attributes
                0x00000000000001da       0x32 Core/Src/tim.o
 .ARM.attributes
                0x000000000000020c       0x22 Core/Startup/startup_stm32l011d4px.o
 .ARM.attributes
                0x000000000000022e       0x32 Drivers/STM32L0xx_HAL_Driver/Src/stm32l0xx_hal.o
 .ARM.attributes
                0x0000000000000260       0x32 Drivers/STM32L0xx_HAL_Driver/Src/stm32l0xx_hal_adc.o
 .ARM.attributes
                0x0000000000000292       0x32 Drivers/STM32L0xx_HAL_Driver/Src/stm32l0xx_hal_cortex.o
 .ARM.attributes
                0x00000000000002c4       0x32 Drivers/STM32L0xx_HAL_Driver/Src/stm32l0xx_hal_dma.o
 .ARM.attributes
                0x00000000000002f6       0x32 Drivers/STM32L0xx_HAL_Driver/Src/stm32l0xx_hal_gpio.o
 .ARM.attributes
                0x0000000000000328       0x32 Drivers/STM32L0xx_HAL_Driver/Src/stm32l0xx_hal_lptim.o
 .ARM.attributes
                0x000000000000035a       0x32 Drivers/STM32L0xx_HAL_Driver/Src/stm32l0xx_hal_rcc.o
 .ARM.attributes
                0x000000000000038c       0x32 Drivers/STM32L0xx_HAL_Driver/Src/stm32l0xx_hal_rcc_ex.o
 .ARM.attributes
                0x00000000000003be       0x32 Drivers/STM32L0xx_HAL_Driver/Src/stm32l0xx_hal_tim.o
 .ARM.attributes
                0x00000000000003f0       0x32 Drivers/STM32L0xx_HAL_Driver/Src/stm32l0xx_hal_tim_ex.o
 .ARM.attributes
                0x0000000000000422       0x2c /home/chris/st/stm32cubeide_1.2.0/plugins/com.st.stm32cube.ide.mcu.externaltools.gnu-tools-for-stm32.7-2018-q2-update.linux64_1.0.0.201904181610/tools/bin/../lib/gcc/arm-none-eabi/7.3.1/../../../../arm-none-eabi/lib/thumb/v6-m/libc_nano.a(lib_a-init.o)
 .ARM.attributes
                0x000000000000044e       0x2c /home/chris/st/stm32cubeide_1.2.0/plugins/com.st.stm32cube.ide.mcu.externaltools.gnu-tools-for-stm32.7-2018-q2-update.linux64_1.0.0.201904181610/tools/bin/../lib/gcc/arm-none-eabi/7.3.1/../../../../arm-none-eabi/lib/thumb/v6-m/libc_nano.a(lib_a-memset.o)
 .ARM.attributes
                0x000000000000047a       0x1e /home/chris/st/stm32cubeide_1.2.0/plugins/com.st.stm32cube.ide.mcu.externaltools.gnu-tools-for-stm32.7-2018-q2-update.linux64_1.0.0.201904181610/tools/bin/../lib/gcc/arm-none-eabi/7.3.1/thumb/v6-m/libgcc.a(_udivsi3.o)
 .ARM.attributes
                0x0000000000000498       0x1e /home/chris/st/stm32cubeide_1.2.0/plugins/com.st.stm32cube.ide.mcu.externaltools.gnu-tools-for-stm32.7-2018-q2-update.linux64_1.0.0.201904181610/tools/bin/../lib/gcc/arm-none-eabi/7.3.1/thumb/v6-m/libgcc.a(_dvmd_tls.o)
 .ARM.attributes
                0x00000000000004b6       0x1e /home/chris/st/stm32cubeide_1.2.0/plugins/com.st.stm32cube.ide.mcu.externaltools.gnu-tools-for-stm32.7-2018-q2-update.linux64_1.0.0.201904181610/tools/bin/../lib/gcc/arm-none-eabi/7.3.1/thumb/v6-m/crtn.o
OUTPUT(OverDriverPedal_SW.elf elf32-littlearm)

.debug_info     0x0000000000000000     0xb658
 .debug_info    0x0000000000000000      0x928 Core/Src/adc.o
 .debug_info    0x0000000000000928      0x32d Core/Src/dma.o
 .debug_info    0x0000000000000c55      0x483 Core/Src/gpio.o
 .debug_info    0x00000000000010d8      0x5cb Core/Src/lptim.o
 .debug_info    0x00000000000016a3      0xd87 Core/Src/main.o
 .debug_info    0x000000000000242a      0x276 Core/Src/stm32l0xx_hal_msp.o
 .debug_info    0x00000000000026a0     0x125c Core/Src/stm32l0xx_it.o
 .debug_info    0x00000000000038fc      0x390 Core/Src/system_stm32l0xx.o
 .debug_info    0x0000000000003c8c      0xad0 Core/Src/tim.o
 .debug_info    0x000000000000475c       0x22 Core/Startup/startup_stm32l011d4px.o
 .debug_info    0x000000000000477e      0x770 Drivers/STM32L0xx_HAL_Driver/Src/stm32l0xx_hal.o
 .debug_info    0x0000000000004eee      0xcec Drivers/STM32L0xx_HAL_Driver/Src/stm32l0xx_hal_adc.o
 .debug_info    0x0000000000005bda      0x703 Drivers/STM32L0xx_HAL_Driver/Src/stm32l0xx_hal_cortex.o
 .debug_info    0x00000000000062dd      0x77c Drivers/STM32L0xx_HAL_Driver/Src/stm32l0xx_hal_dma.o
 .debug_info    0x0000000000006a59      0x6c2 Drivers/STM32L0xx_HAL_Driver/Src/stm32l0xx_hal_gpio.o
 .debug_info    0x000000000000711b      0xd93 Drivers/STM32L0xx_HAL_Driver/Src/stm32l0xx_hal_lptim.o
 .debug_info    0x0000000000007eae      0x889 Drivers/STM32L0xx_HAL_Driver/Src/stm32l0xx_hal_rcc.o
 .debug_info    0x0000000000008737      0x4d9 Drivers/STM32L0xx_HAL_Driver/Src/stm32l0xx_hal_rcc_ex.o
 .debug_info    0x0000000000008c10     0x23bf Drivers/STM32L0xx_HAL_Driver/Src/stm32l0xx_hal_tim.o
 .debug_info    0x000000000000afcf      0x689 Drivers/STM32L0xx_HAL_Driver/Src/stm32l0xx_hal_tim_ex.o

.debug_abbrev   0x0000000000000000     0x1ff6
 .debug_abbrev  0x0000000000000000      0x1ae Core/Src/adc.o
 .debug_abbrev  0x00000000000001ae      0x107 Core/Src/dma.o
 .debug_abbrev  0x00000000000002b5      0x13d Core/Src/gpio.o
 .debug_abbrev  0x00000000000003f2      0x14a Core/Src/lptim.o
 .debug_abbrev  0x000000000000053c      0x19f Core/Src/main.o
 .debug_abbrev  0x00000000000006db       0xcc Core/Src/stm32l0xx_hal_msp.o
 .debug_abbrev  0x00000000000007a7      0x23e Core/Src/stm32l0xx_it.o
 .debug_abbrev  0x00000000000009e5      0x111 Core/Src/system_stm32l0xx.o
 .debug_abbrev  0x0000000000000af6      0x1b1 Core/Src/tim.o
 .debug_abbrev  0x0000000000000ca7       0x12 Core/Startup/startup_stm32l011d4px.o
 .debug_abbrev  0x0000000000000cb9      0x219 Drivers/STM32L0xx_HAL_Driver/Src/stm32l0xx_hal.o
 .debug_abbrev  0x0000000000000ed2      0x1fa Drivers/STM32L0xx_HAL_Driver/Src/stm32l0xx_hal_adc.o
 .debug_abbrev  0x00000000000010cc      0x23c Drivers/STM32L0xx_HAL_Driver/Src/stm32l0xx_hal_cortex.o
 .debug_abbrev  0x0000000000001308      0x1cc Drivers/STM32L0xx_HAL_Driver/Src/stm32l0xx_hal_dma.o
 .debug_abbrev  0x00000000000014d4      0x1c0 Drivers/STM32L0xx_HAL_Driver/Src/stm32l0xx_hal_gpio.o
 .debug_abbrev  0x0000000000001694      0x1ed Drivers/STM32L0xx_HAL_Driver/Src/stm32l0xx_hal_lptim.o
 .debug_abbrev  0x0000000000001881      0x1ea Drivers/STM32L0xx_HAL_Driver/Src/stm32l0xx_hal_rcc.o
 .debug_abbrev  0x0000000000001a6b      0x1d0 Drivers/STM32L0xx_HAL_Driver/Src/stm32l0xx_hal_rcc_ex.o
 .debug_abbrev  0x0000000000001c3b      0x22e Drivers/STM32L0xx_HAL_Driver/Src/stm32l0xx_hal_tim.o
 .debug_abbrev  0x0000000000001e69      0x18d Drivers/STM32L0xx_HAL_Driver/Src/stm32l0xx_hal_tim_ex.o

.debug_aranges  0x0000000000000000      0xb80
 .debug_aranges
                0x0000000000000000       0x30 Core/Src/adc.o
 .debug_aranges
                0x0000000000000030       0x20 Core/Src/dma.o
 .debug_aranges
                0x0000000000000050       0x20 Core/Src/gpio.o
 .debug_aranges
                0x0000000000000070       0x30 Core/Src/lptim.o
 .debug_aranges
                0x00000000000000a0       0x30 Core/Src/main.o
 .debug_aranges
                0x00000000000000d0       0x20 Core/Src/stm32l0xx_hal_msp.o
 .debug_aranges
                0x00000000000000f0       0x70 Core/Src/stm32l0xx_it.o
 .debug_aranges
                0x0000000000000160       0x28 Core/Src/system_stm32l0xx.o
 .debug_aranges
                0x0000000000000188       0x50 Core/Src/tim.o
 .debug_aranges
                0x00000000000001d8       0x28 Core/Startup/startup_stm32l011d4px.o
 .debug_aranges
                0x0000000000000200       0xf8 Drivers/STM32L0xx_HAL_Driver/Src/stm32l0xx_hal.o
 .debug_aranges
                0x00000000000002f8      0x100 Drivers/STM32L0xx_HAL_Driver/Src/stm32l0xx_hal_adc.o
 .debug_aranges
                0x00000000000003f8       0xc0 Drivers/STM32L0xx_HAL_Driver/Src/stm32l0xx_hal_cortex.o
 .debug_aranges
                0x00000000000004b8       0x80 Drivers/STM32L0xx_HAL_Driver/Src/stm32l0xx_hal_dma.o
 .debug_aranges
                0x0000000000000538       0x58 Drivers/STM32L0xx_HAL_Driver/Src/stm32l0xx_hal_gpio.o
 .debug_aranges
                0x0000000000000590      0x160 Drivers/STM32L0xx_HAL_Driver/Src/stm32l0xx_hal_lptim.o
 .debug_aranges
                0x00000000000006f0       0x68 Drivers/STM32L0xx_HAL_Driver/Src/stm32l0xx_hal_rcc.o
 .debug_aranges
                0x0000000000000758       0x58 Drivers/STM32L0xx_HAL_Driver/Src/stm32l0xx_hal_rcc_ex.o
 .debug_aranges
                0x00000000000007b0      0x3a8 Drivers/STM32L0xx_HAL_Driver/Src/stm32l0xx_hal_tim.o
 .debug_aranges
                0x0000000000000b58       0x28 Drivers/STM32L0xx_HAL_Driver/Src/stm32l0xx_hal_tim_ex.o

.debug_ranges   0x0000000000000000      0xa48
 .debug_ranges  0x0000000000000000       0x20 Core/Src/adc.o
 .debug_ranges  0x0000000000000020       0x10 Core/Src/dma.o
 .debug_ranges  0x0000000000000030       0x10 Core/Src/gpio.o
 .debug_ranges  0x0000000000000040       0x20 Core/Src/lptim.o
 .debug_ranges  0x0000000000000060       0x20 Core/Src/main.o
 .debug_ranges  0x0000000000000080       0x10 Core/Src/stm32l0xx_hal_msp.o
 .debug_ranges  0x0000000000000090       0x60 Core/Src/stm32l0xx_it.o
 .debug_ranges  0x00000000000000f0       0x18 Core/Src/system_stm32l0xx.o
 .debug_ranges  0x0000000000000108       0x40 Core/Src/tim.o
 .debug_ranges  0x0000000000000148       0x20 Core/Startup/startup_stm32l011d4px.o
 .debug_ranges  0x0000000000000168       0xe8 Drivers/STM32L0xx_HAL_Driver/Src/stm32l0xx_hal.o
 .debug_ranges  0x0000000000000250       0xf0 Drivers/STM32L0xx_HAL_Driver/Src/stm32l0xx_hal_adc.o
 .debug_ranges  0x0000000000000340       0xb0 Drivers/STM32L0xx_HAL_Driver/Src/stm32l0xx_hal_cortex.o
 .debug_ranges  0x00000000000003f0       0x70 Drivers/STM32L0xx_HAL_Driver/Src/stm32l0xx_hal_dma.o
 .debug_ranges  0x0000000000000460       0x48 Drivers/STM32L0xx_HAL_Driver/Src/stm32l0xx_hal_gpio.o
 .debug_ranges  0x00000000000004a8      0x150 Drivers/STM32L0xx_HAL_Driver/Src/stm32l0xx_hal_lptim.o
 .debug_ranges  0x00000000000005f8       0x58 Drivers/STM32L0xx_HAL_Driver/Src/stm32l0xx_hal_rcc.o
 .debug_ranges  0x0000000000000650       0x48 Drivers/STM32L0xx_HAL_Driver/Src/stm32l0xx_hal_rcc_ex.o
 .debug_ranges  0x0000000000000698      0x398 Drivers/STM32L0xx_HAL_Driver/Src/stm32l0xx_hal_tim.o
 .debug_ranges  0x0000000000000a30       0x18 Drivers/STM32L0xx_HAL_Driver/Src/stm32l0xx_hal_tim_ex.o

.debug_macro    0x0000000000000000    0x11c5f
 .debug_macro   0x0000000000000000      0x1db Core/Src/adc.o
 .debug_macro   0x00000000000001db      0xa48 Core/Src/adc.o
 .debug_macro   0x0000000000000c23       0xa7 Core/Src/adc.o
 .debug_macro   0x0000000000000cca       0x2e Core/Src/adc.o
 .debug_macro   0x0000000000000cf8       0x28 Core/Src/adc.o
 .debug_macro   0x0000000000000d20       0x22 Core/Src/adc.o
 .debug_macro   0x0000000000000d42       0x8e Core/Src/adc.o
 .debug_macro   0x0000000000000dd0       0x51 Core/Src/adc.o
 .debug_macro   0x0000000000000e21       0xef Core/Src/adc.o
 .debug_macro   0x0000000000000f10       0x6a Core/Src/adc.o
 .debug_macro   0x0000000000000f7a      0x1df Core/Src/adc.o
 .debug_macro   0x0000000000001159       0x34 Core/Src/adc.o
 .debug_macro   0x000000000000118d       0x26 Core/Src/adc.o
 .debug_macro   0x00000000000011b3      0x329 Core/Src/adc.o
 .debug_macro   0x00000000000014dc     0x7ba3 Core/Src/adc.o
 .debug_macro   0x000000000000907f       0x3c Core/Src/adc.o
 .debug_macro   0x00000000000090bb     0x352c Core/Src/adc.o
 .debug_macro   0x000000000000c5e7      0x174 Core/Src/adc.o
 .debug_macro   0x000000000000c75b       0x5b Core/Src/adc.o
 .debug_macro   0x000000000000c7b6      0x899 Core/Src/adc.o
 .debug_macro   0x000000000000d04f      0x42e Core/Src/adc.o
 .debug_macro   0x000000000000d47d      0x13f Core/Src/adc.o
 .debug_macro   0x000000000000d5bc       0xf1 Core/Src/adc.o
 .debug_macro   0x000000000000d6ad      0x28e Core/Src/adc.o
 .debug_macro   0x000000000000d93b       0x28 Core/Src/adc.o
 .debug_macro   0x000000000000d963      0x4e1 Core/Src/adc.o
 .debug_macro   0x000000000000de44       0x65 Core/Src/adc.o
 .debug_macro   0x000000000000dea9      0x129 Core/Src/adc.o
 .debug_macro   0x000000000000dfd2      0x244 Core/Src/adc.o
 .debug_macro   0x000000000000e216      0x22c Core/Src/adc.o
 .debug_macro   0x000000000000e442       0x5b Core/Src/adc.o
 .debug_macro   0x000000000000e49d       0xa5 Core/Src/adc.o
 .debug_macro   0x000000000000e542      0x25c Core/Src/adc.o
 .debug_macro   0x000000000000e79e      0x187 Core/Src/adc.o
 .debug_macro   0x000000000000e925       0x16 Core/Src/adc.o
 .debug_macro   0x000000000000e93b      0x734 Core/Src/adc.o
 .debug_macro   0x000000000000f06f       0x9c Core/Src/adc.o
 .debug_macro   0x000000000000f10b      0x113 Core/Src/adc.o
 .debug_macro   0x000000000000f21e       0x3a Core/Src/adc.o
 .debug_macro   0x000000000000f258      0x1db Core/Src/dma.o
 .debug_macro   0x000000000000f433      0x1db Core/Src/gpio.o
 .debug_macro   0x000000000000f60e      0x1db Core/Src/lptim.o
 .debug_macro   0x000000000000f7e9      0x207 Core/Src/main.o
 .debug_macro   0x000000000000f9f0      0x1d1 Core/Src/stm32l0xx_hal_msp.o
 .debug_macro   0x000000000000fbc1      0x279 Core/Src/stm32l0xx_it.o
 .debug_macro   0x000000000000fe3a       0x46 Core/Src/stm32l0xx_it.o
 .debug_macro   0x000000000000fe80       0x18 Core/Src/stm32l0xx_it.o
 .debug_macro   0x000000000000fe98       0x3c Core/Src/stm32l0xx_it.o
 .debug_macro   0x000000000000fed4       0x34 Core/Src/stm32l0xx_it.o
 .debug_macro   0x000000000000ff08       0x52 Core/Src/stm32l0xx_it.o
 .debug_macro   0x000000000000ff5a       0x1f Core/Src/stm32l0xx_it.o
 .debug_macro   0x000000000000ff79       0x43 Core/Src/stm32l0xx_it.o
 .debug_macro   0x000000000000ffbc       0x20 Core/Src/stm32l0xx_it.o
 .debug_macro   0x000000000000ffdc      0x1a3 Core/Src/stm32l0xx_it.o
 .debug_macro   0x000000000001017f      0x330 Core/Src/stm32l0xx_it.o
 .debug_macro   0x00000000000104af      0x1e1 Core/Src/stm32l0xx_it.o
 .debug_macro   0x0000000000010690      0x1c8 Core/Src/system_stm32l0xx.o
 .debug_macro   0x0000000000010858      0x1db Core/Src/tim.o
 .debug_macro   0x0000000000010a33      0x1e6 Drivers/STM32L0xx_HAL_Driver/Src/stm32l0xx_hal.o
 .debug_macro   0x0000000000010c19      0x1d1 Drivers/STM32L0xx_HAL_Driver/Src/stm32l0xx_hal_adc.o
 .debug_macro   0x0000000000010dea      0x1c2 Drivers/STM32L0xx_HAL_Driver/Src/stm32l0xx_hal_cortex.o
 .debug_macro   0x0000000000010fac      0x1c2 Drivers/STM32L0xx_HAL_Driver/Src/stm32l0xx_hal_dma.o
 .debug_macro   0x000000000001116e      0x1fa Drivers/STM32L0xx_HAL_Driver/Src/stm32l0xx_hal_gpio.o
 .debug_macro   0x0000000000011368      0x1ca Drivers/STM32L0xx_HAL_Driver/Src/stm32l0xx_hal_lptim.o
 .debug_macro   0x0000000000011532      0x1e6 Drivers/STM32L0xx_HAL_Driver/Src/stm32l0xx_hal_rcc.o
 .debug_macro   0x0000000000011718      0x1c2 Drivers/STM32L0xx_HAL_Driver/Src/stm32l0xx_hal_rcc_ex.o
 .debug_macro   0x00000000000118da      0x1c3 Drivers/STM32L0xx_HAL_Driver/Src/stm32l0xx_hal_tim.o
 .debug_macro   0x0000000000011a9d      0x1c2 Drivers/STM32L0xx_HAL_Driver/Src/stm32l0xx_hal_tim_ex.o

.debug_line     0x0000000000000000     0xabbf
 .debug_line    0x0000000000000000      0x725 Core/Src/adc.o
 .debug_line    0x0000000000000725      0x6d6 Core/Src/dma.o
 .debug_line    0x0000000000000dfb      0x6e4 Core/Src/gpio.o
 .debug_line    0x00000000000014df      0x708 Core/Src/lptim.o
 .debug_line    0x0000000000001be7      0x750 Core/Src/main.o
 .debug_line    0x0000000000002337      0x6db Core/Src/stm32l0xx_hal_msp.o
 .debug_line    0x0000000000002a12      0x8ef Core/Src/stm32l0xx_it.o
 .debug_line    0x0000000000003301      0x70a Core/Src/system_stm32l0xx.o
 .debug_line    0x0000000000003a0b      0x77d Core/Src/tim.o
 .debug_line    0x0000000000004188       0x9e Core/Startup/startup_stm32l011d4px.o
 .debug_line    0x0000000000004226      0x8e6 Drivers/STM32L0xx_HAL_Driver/Src/stm32l0xx_hal.o
 .debug_line    0x0000000000004b0c      0xbbc Drivers/STM32L0xx_HAL_Driver/Src/stm32l0xx_hal_adc.o
 .debug_line    0x00000000000056c8      0x8a1 Drivers/STM32L0xx_HAL_Driver/Src/stm32l0xx_hal_cortex.o
 .debug_line    0x0000000000005f69      0x8e4 Drivers/STM32L0xx_HAL_Driver/Src/stm32l0xx_hal_dma.o
 .debug_line    0x000000000000684d      0x840 Drivers/STM32L0xx_HAL_Driver/Src/stm32l0xx_hal_gpio.o
 .debug_line    0x000000000000708d      0xb4b Drivers/STM32L0xx_HAL_Driver/Src/stm32l0xx_hal_lptim.o
 .debug_line    0x0000000000007bd8      0x94b Drivers/STM32L0xx_HAL_Driver/Src/stm32l0xx_hal_rcc.o
 .debug_line    0x0000000000008523      0x878 Drivers/STM32L0xx_HAL_Driver/Src/stm32l0xx_hal_rcc_ex.o
 .debug_line    0x0000000000008d9b     0x16c2 Drivers/STM32L0xx_HAL_Driver/Src/stm32l0xx_hal_tim.o
 .debug_line    0x000000000000a45d      0x762 Drivers/STM32L0xx_HAL_Driver/Src/stm32l0xx_hal_tim_ex.o

.debug_str      0x0000000000000000    0x6ade2
 .debug_str     0x0000000000000000    0x649c7 Core/Src/adc.o
                                      0x64d26 (size before relaxing)
 .debug_str     0x00000000000649c7      0x116 Core/Src/dma.o
                                      0x6496e (size before relaxing)
 .debug_str     0x0000000000064add       0x46 Core/Src/gpio.o
                                      0x64a0e (size before relaxing)
 .debug_str     0x0000000000064b23      0x1d5 Core/Src/lptim.o
                                      0x64bab (size before relaxing)
 .debug_str     0x0000000000064cf8      0x3a4 Core/Src/main.o
                                      0x65197 (size before relaxing)
 .debug_str     0x000000000006509c       0x2c Core/Src/stm32l0xx_hal_msp.o
                                      0x64835 (size before relaxing)
 .debug_str     0x00000000000650c8     0x3852 Core/Src/stm32l0xx_it.o
                                      0x6866f (size before relaxing)
 .debug_str     0x000000000006891a       0x9c Core/Src/system_stm32l0xx.o
                                      0x647ab (size before relaxing)
 .debug_str     0x00000000000689b6      0x16b Core/Src/tim.o
                                      0x64f5f (size before relaxing)
 .debug_str     0x0000000000068b21       0x36 Core/Startup/startup_stm32l011d4px.o
                                         0x7f (size before relaxing)
 .debug_str     0x0000000000068b57      0x3ca Drivers/STM32L0xx_HAL_Driver/Src/stm32l0xx_hal.o
                                      0x64d4a (size before relaxing)
 .debug_str     0x0000000000068f21      0x35c Drivers/STM32L0xx_HAL_Driver/Src/stm32l0xx_hal_adc.o
                                      0x64e67 (size before relaxing)
 .debug_str     0x000000000006927d      0x1bc Drivers/STM32L0xx_HAL_Driver/Src/stm32l0xx_hal_cortex.o
                                      0x64a8a (size before relaxing)
 .debug_str     0x0000000000069439      0x26c Drivers/STM32L0xx_HAL_Driver/Src/stm32l0xx_hal_dma.o
                                      0x64b18 (size before relaxing)
 .debug_str     0x00000000000696a5      0x242 Drivers/STM32L0xx_HAL_Driver/Src/stm32l0xx_hal_gpio.o
                                      0x64a5b (size before relaxing)
 .debug_str     0x00000000000698e7      0x474 Drivers/STM32L0xx_HAL_Driver/Src/stm32l0xx_hal_lptim.o
                                      0x64de0 (size before relaxing)
 .debug_str     0x0000000000069d5b      0x250 Drivers/STM32L0xx_HAL_Driver/Src/stm32l0xx_hal_rcc.o
                                      0x64b9f (size before relaxing)
 .debug_str     0x0000000000069fab      0x13a Drivers/STM32L0xx_HAL_Driver/Src/stm32l0xx_hal_rcc_ex.o
                                      0x64969 (size before relaxing)
 .debug_str     0x000000000006a0e5      0xc80 Drivers/STM32L0xx_HAL_Driver/Src/stm32l0xx_hal_tim.o
                                      0x658ae (size before relaxing)
 .debug_str     0x000000000006ad65       0x7d Drivers/STM32L0xx_HAL_Driver/Src/stm32l0xx_hal_tim_ex.o
                                      0x64b39 (size before relaxing)

.comment        0x0000000000000000       0x7b
 .comment       0x0000000000000000       0x7b Core/Src/adc.o
                                         0x7c (size before relaxing)
 .comment       0x000000000000007b       0x7c Core/Src/dma.o
 .comment       0x000000000000007b       0x7c Core/Src/gpio.o
 .comment       0x000000000000007b       0x7c Core/Src/lptim.o
 .comment       0x000000000000007b       0x7c Core/Src/main.o
 .comment       0x000000000000007b       0x7c Core/Src/stm32l0xx_hal_msp.o
 .comment       0x000000000000007b       0x7c Core/Src/stm32l0xx_it.o
 .comment       0x000000000000007b       0x7c Core/Src/system_stm32l0xx.o
 .comment       0x000000000000007b       0x7c Core/Src/tim.o
 .comment       0x000000000000007b       0x7c Drivers/STM32L0xx_HAL_Driver/Src/stm32l0xx_hal.o
 .comment       0x000000000000007b       0x7c Drivers/STM32L0xx_HAL_Driver/Src/stm32l0xx_hal_adc.o
 .comment       0x000000000000007b       0x7c Drivers/STM32L0xx_HAL_Driver/Src/stm32l0xx_hal_cortex.o
 .comment       0x000000000000007b       0x7c Drivers/STM32L0xx_HAL_Driver/Src/stm32l0xx_hal_dma.o
 .comment       0x000000000000007b       0x7c Drivers/STM32L0xx_HAL_Driver/Src/stm32l0xx_hal_gpio.o
 .comment       0x000000000000007b       0x7c Drivers/STM32L0xx_HAL_Driver/Src/stm32l0xx_hal_lptim.o
 .comment       0x000000000000007b       0x7c Drivers/STM32L0xx_HAL_Driver/Src/stm32l0xx_hal_rcc.o
 .comment       0x000000000000007b       0x7c Drivers/STM32L0xx_HAL_Driver/Src/stm32l0xx_hal_rcc_ex.o
 .comment       0x000000000000007b       0x7c Drivers/STM32L0xx_HAL_Driver/Src/stm32l0xx_hal_tim.o
 .comment       0x000000000000007b       0x7c Drivers/STM32L0xx_HAL_Driver/Src/stm32l0xx_hal_tim_ex.o

.debug_frame    0x0000000000000000     0x2734
 .debug_frame   0x0000000000000000       0x70 Core/Src/adc.o
 .debug_frame   0x0000000000000070       0x30 Core/Src/dma.o
 .debug_frame   0x00000000000000a0       0x30 Core/Src/gpio.o
 .debug_frame   0x00000000000000d0       0x6c Core/Src/lptim.o
 .debug_frame   0x000000000000013c       0x68 Core/Src/main.o
 .debug_frame   0x00000000000001a4       0x2c Core/Src/stm32l0xx_hal_msp.o
 .debug_frame   0x00000000000001d0      0x148 Core/Src/stm32l0xx_it.o
 .debug_frame   0x0000000000000318       0x4c Core/Src/system_stm32l0xx.o
 .debug_frame   0x0000000000000364       0xf0 Core/Src/tim.o
 .debug_frame   0x0000000000000454      0x338 Drivers/STM32L0xx_HAL_Driver/Src/stm32l0xx_hal.o
 .debug_frame   0x000000000000078c      0x3c0 Drivers/STM32L0xx_HAL_Driver/Src/stm32l0xx_hal_adc.o
 .debug_frame   0x0000000000000b4c      0x2a0 Drivers/STM32L0xx_HAL_Driver/Src/stm32l0xx_hal_cortex.o
 .debug_frame   0x0000000000000dec      0x1b0 Drivers/STM32L0xx_HAL_Driver/Src/stm32l0xx_hal_dma.o
 .debug_frame   0x0000000000000f9c      0x110 Drivers/STM32L0xx_HAL_Driver/Src/stm32l0xx_hal_gpio.o
 .debug_frame   0x00000000000010ac      0x530 Drivers/STM32L0xx_HAL_Driver/Src/stm32l0xx_hal_lptim.o
 .debug_frame   0x00000000000015dc      0x150 Drivers/STM32L0xx_HAL_Driver/Src/stm32l0xx_hal_rcc.o
 .debug_frame   0x000000000000172c       0xfc Drivers/STM32L0xx_HAL_Driver/Src/stm32l0xx_hal_rcc_ex.o
 .debug_frame   0x0000000000001828      0xe50 Drivers/STM32L0xx_HAL_Driver/Src/stm32l0xx_hal_tim.o
 .debug_frame   0x0000000000002678       0x50 Drivers/STM32L0xx_HAL_Driver/Src/stm32l0xx_hal_tim_ex.o
 .debug_frame   0x00000000000026c8       0x2c /home/chris/st/stm32cubeide_1.2.0/plugins/com.st.stm32cube.ide.mcu.externaltools.gnu-tools-for-stm32.7-2018-q2-update.linux64_1.0.0.201904181610/tools/bin/../lib/gcc/arm-none-eabi/7.3.1/../../../../arm-none-eabi/lib/thumb/v6-m/libc_nano.a(lib_a-init.o)
 .debug_frame   0x00000000000026f4       0x20 /home/chris/st/stm32cubeide_1.2.0/plugins/com.st.stm32cube.ide.mcu.externaltools.gnu-tools-for-stm32.7-2018-q2-update.linux64_1.0.0.201904181610/tools/bin/../lib/gcc/arm-none-eabi/7.3.1/../../../../arm-none-eabi/lib/thumb/v6-m/libc_nano.a(lib_a-memset.o)
 .debug_frame   0x0000000000002714       0x20 /home/chris/st/stm32cubeide_1.2.0/plugins/com.st.stm32cube.ide.mcu.externaltools.gnu-tools-for-stm32.7-2018-q2-update.linux64_1.0.0.201904181610/tools/bin/../lib/gcc/arm-none-eabi/7.3.1/thumb/v6-m/libgcc.a(_udivsi3.o)
