16:46:47 **** Incremental Build of configuration Debug for project OverDrivePedal_SW_LL ****
make -j4 all 
arm-none-eabi-gcc "../Drivers/STM32L0xx_HAL_Driver/Src/stm32l0xx_ll_dma.c" -mcpu=cortex-m0plus -std=gnu11 -g3 '-DHSE_VALUE=8000000' '-DHSE_STARTUP_TIMEOUT=100' '-DHSI_VALUE=16000000' -DDEBUG '-DLSE_STARTUP_TIMEOUT=5000' '-DLSE_VALUE=32768' '-DDATA_CACHE_ENABLE=1' '-DLSI_VALUE=37000' '-DMSI_VALUE=2097000' '-DVDD_VALUE=3300' '-DINSTRUCTION_CACHE_ENABLE=1' -DSTM32L011xx -DUSE_FULL_LL_DRIVER '-DPREFETCH_ENABLE=0' -c -I../Drivers/CMSIS/Include -I../Core/Inc -I../Drivers/STM32L0xx_HAL_Driver/Inc -I../Drivers/CMSIS/Device/ST/STM32L0xx/Include -I"/home/chris/Projects/Embedded/OverDrivePedal_sw/LogSequenceGeneration" -O0 -ffunction-sections -fdata-sections -Wall -fstack-usage -MMD -MP -MF"Drivers/STM32L0xx_HAL_Driver/Src/stm32l0xx_ll_dma.d" -MT"Drivers/STM32L0xx_HAL_Driver/Src/stm32l0xx_ll_dma.o" --specs=nano.specs -mfloat-abi=soft -mthumb -o "Drivers/STM32L0xx_HAL_Driver/Src/stm32l0xx_ll_dma.o"
arm-none-eabi-gcc "../Drivers/STM32L0xx_HAL_Driver/Src/stm32l0xx_ll_exti.c" -mcpu=cortex-m0plus -std=gnu11 -g3 '-DHSE_VALUE=8000000' '-DHSE_STARTUP_TIMEOUT=100' '-DHSI_VALUE=16000000' -DDEBUG '-DLSE_STARTUP_TIMEOUT=5000' '-DLSE_VALUE=32768' '-DDATA_CACHE_ENABLE=1' '-DLSI_VALUE=37000' '-DMSI_VALUE=2097000' '-DVDD_VALUE=3300' '-DINSTRUCTION_CACHE_ENABLE=1' -DSTM32L011xx -DUSE_FULL_LL_DRIVER '-DPREFETCH_ENABLE=0' -c -I../Drivers/CMSIS/Include -I../Core/Inc -I../Drivers/STM32L0xx_HAL_Driver/Inc -I../Drivers/CMSIS/Device/ST/STM32L0xx/Include -I"/home/chris/Projects/Embedded/OverDrivePedal_sw/LogSequenceGeneration" -O0 -ffunction-sections -fdata-sections -Wall -fstack-usage -MMD -MP -MF"Drivers/STM32L0xx_HAL_Driver/Src/stm32l0xx_ll_exti.d" -MT"Drivers/STM32L0xx_HAL_Driver/Src/stm32l0xx_ll_exti.o" --specs=nano.specs -mfloat-abi=soft -mthumb -o "Drivers/STM32L0xx_HAL_Driver/Src/stm32l0xx_ll_exti.o"
arm-none-eabi-gcc "../Drivers/STM32L0xx_HAL_Driver/Src/stm32l0xx_ll_gpio.c" -mcpu=cortex-m0plus -std=gnu11 -g3 '-DHSE_VALUE=8000000' '-DHSE_STARTUP_TIMEOUT=100' '-DHSI_VALUE=16000000' -DDEBUG '-DLSE_STARTUP_TIMEOUT=5000' '-DLSE_VALUE=32768' '-DDATA_CACHE_ENABLE=1' '-DLSI_VALUE=37000' '-DMSI_VALUE=2097000' '-DVDD_VALUE=3300' '-DINSTRUCTION_CACHE_ENABLE=1' -DSTM32L011xx -DUSE_FULL_LL_DRIVER '-DPREFETCH_ENABLE=0' -c -I../Drivers/CMSIS/Include -I../Core/Inc -I../Drivers/STM32L0xx_HAL_Driver/Inc -I../Drivers/CMSIS/Device/ST/STM32L0xx/Include -I"/home/chris/Projects/Embedded/OverDrivePedal_sw/LogSequenceGeneration" -O0 -ffunction-sections -fdata-sections -Wall -fstack-usage -MMD -MP -MF"Drivers/STM32L0xx_HAL_Driver/Src/stm32l0xx_ll_gpio.d" -MT"Drivers/STM32L0xx_HAL_Driver/Src/stm32l0xx_ll_gpio.o" --specs=nano.specs -mfloat-abi=soft -mthumb -o "Drivers/STM32L0xx_HAL_Driver/Src/stm32l0xx_ll_gpio.o"
arm-none-eabi-gcc "../Drivers/STM32L0xx_HAL_Driver/Src/stm32l0xx_ll_lptim.c" -mcpu=cortex-m0plus -std=gnu11 -g3 '-DHSE_VALUE=8000000' '-DHSE_STARTUP_TIMEOUT=100' '-DHSI_VALUE=16000000' -DDEBUG '-DLSE_STARTUP_TIMEOUT=5000' '-DLSE_VALUE=32768' '-DDATA_CACHE_ENABLE=1' '-DLSI_VALUE=37000' '-DMSI_VALUE=2097000' '-DVDD_VALUE=3300' '-DINSTRUCTION_CACHE_ENABLE=1' -DSTM32L011xx -DUSE_FULL_LL_DRIVER '-DPREFETCH_ENABLE=0' -c -I../Drivers/CMSIS/Include -I../Core/Inc -I../Drivers/STM32L0xx_HAL_Driver/Inc -I../Drivers/CMSIS/Device/ST/STM32L0xx/Include -I"/home/chris/Projects/Embedded/OverDrivePedal_sw/LogSequenceGeneration" -O0 -ffunction-sections -fdata-sections -Wall -fstack-usage -MMD -MP -MF"Drivers/STM32L0xx_HAL_Driver/Src/stm32l0xx_ll_lptim.d" -MT"Drivers/STM32L0xx_HAL_Driver/Src/stm32l0xx_ll_lptim.o" --specs=nano.specs -mfloat-abi=soft -mthumb -o "Drivers/STM32L0xx_HAL_Driver/Src/stm32l0xx_ll_lptim.o"
arm-none-eabi-gcc "../Drivers/STM32L0xx_HAL_Driver/Src/stm32l0xx_ll_pwr.c" -mcpu=cortex-m0plus -std=gnu11 -g3 '-DHSE_VALUE=8000000' '-DHSE_STARTUP_TIMEOUT=100' '-DHSI_VALUE=16000000' -DDEBUG '-DLSE_STARTUP_TIMEOUT=5000' '-DLSE_VALUE=32768' '-DDATA_CACHE_ENABLE=1' '-DLSI_VALUE=37000' '-DMSI_VALUE=2097000' '-DVDD_VALUE=3300' '-DINSTRUCTION_CACHE_ENABLE=1' -DSTM32L011xx -DUSE_FULL_LL_DRIVER '-DPREFETCH_ENABLE=0' -c -I../Drivers/CMSIS/Include -I../Core/Inc -I../Drivers/STM32L0xx_HAL_Driver/Inc -I../Drivers/CMSIS/Device/ST/STM32L0xx/Include -I"/home/chris/Projects/Embedded/OverDrivePedal_sw/LogSequenceGeneration" -O0 -ffunction-sections -fdata-sections -Wall -fstack-usage -MMD -MP -MF"Drivers/STM32L0xx_HAL_Driver/Src/stm32l0xx_ll_pwr.d" -MT"Drivers/STM32L0xx_HAL_Driver/Src/stm32l0xx_ll_pwr.o" --specs=nano.specs -mfloat-abi=soft -mthumb -o "Drivers/STM32L0xx_HAL_Driver/Src/stm32l0xx_ll_pwr.o"
arm-none-eabi-gcc "../Drivers/STM32L0xx_HAL_Driver/Src/stm32l0xx_ll_rcc.c" -mcpu=cortex-m0plus -std=gnu11 -g3 '-DHSE_VALUE=8000000' '-DHSE_STARTUP_TIMEOUT=100' '-DHSI_VALUE=16000000' -DDEBUG '-DLSE_STARTUP_TIMEOUT=5000' '-DLSE_VALUE=32768' '-DDATA_CACHE_ENABLE=1' '-DLSI_VALUE=37000' '-DMSI_VALUE=2097000' '-DVDD_VALUE=3300' '-DINSTRUCTION_CACHE_ENABLE=1' -DSTM32L011xx -DUSE_FULL_LL_DRIVER '-DPREFETCH_ENABLE=0' -c -I../Drivers/CMSIS/Include -I../Core/Inc -I../Drivers/STM32L0xx_HAL_Driver/Inc -I../Drivers/CMSIS/Device/ST/STM32L0xx/Include -I"/home/chris/Projects/Embedded/OverDrivePedal_sw/LogSequenceGeneration" -O0 -ffunction-sections -fdata-sections -Wall -fstack-usage -MMD -MP -MF"Drivers/STM32L0xx_HAL_Driver/Src/stm32l0xx_ll_rcc.d" -MT"Drivers/STM32L0xx_HAL_Driver/Src/stm32l0xx_ll_rcc.o" --specs=nano.specs -mfloat-abi=soft -mthumb -o "Drivers/STM32L0xx_HAL_Driver/Src/stm32l0xx_ll_rcc.o"
arm-none-eabi-gcc "../Drivers/STM32L0xx_HAL_Driver/Src/stm32l0xx_ll_tim.c" -mcpu=cortex-m0plus -std=gnu11 -g3 '-DHSE_VALUE=8000000' '-DHSE_STARTUP_TIMEOUT=100' '-DHSI_VALUE=16000000' -DDEBUG '-DLSE_STARTUP_TIMEOUT=5000' '-DLSE_VALUE=32768' '-DDATA_CACHE_ENABLE=1' '-DLSI_VALUE=37000' '-DMSI_VALUE=2097000' '-DVDD_VALUE=3300' '-DINSTRUCTION_CACHE_ENABLE=1' -DSTM32L011xx -DUSE_FULL_LL_DRIVER '-DPREFETCH_ENABLE=0' -c -I../Drivers/CMSIS/Include -I../Core/Inc -I../Drivers/STM32L0xx_HAL_Driver/Inc -I../Drivers/CMSIS/Device/ST/STM32L0xx/Include -I"/home/chris/Projects/Embedded/OverDrivePedal_sw/LogSequenceGeneration" -O0 -ffunction-sections -fdata-sections -Wall -fstack-usage -MMD -MP -MF"Drivers/STM32L0xx_HAL_Driver/Src/stm32l0xx_ll_tim.d" -MT"Drivers/STM32L0xx_HAL_Driver/Src/stm32l0xx_ll_tim.o" --specs=nano.specs -mfloat-abi=soft -mthumb -o "Drivers/STM32L0xx_HAL_Driver/Src/stm32l0xx_ll_tim.o"
arm-none-eabi-gcc "../Drivers/STM32L0xx_HAL_Driver/Src/stm32l0xx_ll_utils.c" -mcpu=cortex-m0plus -std=gnu11 -g3 '-DHSE_VALUE=8000000' '-DHSE_STARTUP_TIMEOUT=100' '-DHSI_VALUE=16000000' -DDEBUG '-DLSE_STARTUP_TIMEOUT=5000' '-DLSE_VALUE=32768' '-DDATA_CACHE_ENABLE=1' '-DLSI_VALUE=37000' '-DMSI_VALUE=2097000' '-DVDD_VALUE=3300' '-DINSTRUCTION_CACHE_ENABLE=1' -DSTM32L011xx -DUSE_FULL_LL_DRIVER '-DPREFETCH_ENABLE=0' -c -I../Drivers/CMSIS/Include -I../Core/Inc -I../Drivers/STM32L0xx_HAL_Driver/Inc -I../Drivers/CMSIS/Device/ST/STM32L0xx/Include -I"/home/chris/Projects/Embedded/OverDrivePedal_sw/LogSequenceGeneration" -O0 -ffunction-sections -fdata-sections -Wall -fstack-usage -MMD -MP -MF"Drivers/STM32L0xx_HAL_Driver/Src/stm32l0xx_ll_utils.d" -MT"Drivers/STM32L0xx_HAL_Driver/Src/stm32l0xx_ll_utils.o" --specs=nano.specs -mfloat-abi=soft -mthumb -o "Drivers/STM32L0xx_HAL_Driver/Src/stm32l0xx_ll_utils.o"
arm-none-eabi-gcc -mcpu=cortex-m0plus -g3 -c -x assembler-with-cpp --specs=nano.specs -mfloat-abi=soft -mthumb -o "Core/Startup/startup_stm32l011d4px.o" "../Core/Startup/startup_stm32l011d4px.s"
arm-none-eabi-gcc "../Core/Src/gpio.c" -mcpu=cortex-m0plus -std=gnu11 -g3 '-DHSE_VALUE=8000000' '-DHSE_STARTUP_TIMEOUT=100' '-DHSI_VALUE=16000000' -DDEBUG '-DLSE_STARTUP_TIMEOUT=5000' '-DLSE_VALUE=32768' '-DDATA_CACHE_ENABLE=1' '-DLSI_VALUE=37000' '-DMSI_VALUE=2097000' '-DVDD_VALUE=3300' '-DINSTRUCTION_CACHE_ENABLE=1' -DSTM32L011xx -DUSE_FULL_LL_DRIVER '-DPREFETCH_ENABLE=0' -c -I../Drivers/CMSIS/Include -I../Core/Inc -I../Drivers/STM32L0xx_HAL_Driver/Inc -I../Drivers/CMSIS/Device/ST/STM32L0xx/Include -I"/home/chris/Projects/Embedded/OverDrivePedal_sw/LogSequenceGeneration" -O0 -ffunction-sections -fdata-sections -Wall -fstack-usage -MMD -MP -MF"Core/Src/gpio.d" -MT"Core/Src/gpio.o" --specs=nano.specs -mfloat-abi=soft -mthumb -o "Core/Src/gpio.o"
arm-none-eabi-gcc "../Core/Src/ledprograms.c" -mcpu=cortex-m0plus -std=gnu11 -g3 '-DHSE_VALUE=8000000' '-DHSE_STARTUP_TIMEOUT=100' '-DHSI_VALUE=16000000' -DDEBUG '-DLSE_STARTUP_TIMEOUT=5000' '-DLSE_VALUE=32768' '-DDATA_CACHE_ENABLE=1' '-DLSI_VALUE=37000' '-DMSI_VALUE=2097000' '-DVDD_VALUE=3300' '-DINSTRUCTION_CACHE_ENABLE=1' -DSTM32L011xx -DUSE_FULL_LL_DRIVER '-DPREFETCH_ENABLE=0' -c -I../Drivers/CMSIS/Include -I../Core/Inc -I../Drivers/STM32L0xx_HAL_Driver/Inc -I../Drivers/CMSIS/Device/ST/STM32L0xx/Include -I"/home/chris/Projects/Embedded/OverDrivePedal_sw/LogSequenceGeneration" -O0 -ffunction-sections -fdata-sections -Wall -fstack-usage -MMD -MP -MF"Core/Src/ledprograms.d" -MT"Core/Src/ledprograms.o" --specs=nano.specs -mfloat-abi=soft -mthumb -o "Core/Src/ledprograms.o"
arm-none-eabi-gcc "../Core/Src/lptim.c" -mcpu=cortex-m0plus -std=gnu11 -g3 '-DHSE_VALUE=8000000' '-DHSE_STARTUP_TIMEOUT=100' '-DHSI_VALUE=16000000' -DDEBUG '-DLSE_STARTUP_TIMEOUT=5000' '-DLSE_VALUE=32768' '-DDATA_CACHE_ENABLE=1' '-DLSI_VALUE=37000' '-DMSI_VALUE=2097000' '-DVDD_VALUE=3300' '-DINSTRUCTION_CACHE_ENABLE=1' -DSTM32L011xx -DUSE_FULL_LL_DRIVER '-DPREFETCH_ENABLE=0' -c -I../Drivers/CMSIS/Include -I../Core/Inc -I../Drivers/STM32L0xx_HAL_Driver/Inc -I../Drivers/CMSIS/Device/ST/STM32L0xx/Include -I"/home/chris/Projects/Embedded/OverDrivePedal_sw/LogSequenceGeneration" -O0 -ffunction-sections -fdata-sections -Wall -fstack-usage -MMD -MP -MF"Core/Src/lptim.d" -MT"Core/Src/lptim.o" --specs=nano.specs -mfloat-abi=soft -mthumb -o "Core/Src/lptim.o"
arm-none-eabi-gcc "../Core/Src/main.c" -mcpu=cortex-m0plus -std=gnu11 -g3 '-DHSE_VALUE=8000000' '-DHSE_STARTUP_TIMEOUT=100' '-DHSI_VALUE=16000000' -DDEBUG '-DLSE_STARTUP_TIMEOUT=5000' '-DLSE_VALUE=32768' '-DDATA_CACHE_ENABLE=1' '-DLSI_VALUE=37000' '-DMSI_VALUE=2097000' '-DVDD_VALUE=3300' '-DINSTRUCTION_CACHE_ENABLE=1' -DSTM32L011xx -DUSE_FULL_LL_DRIVER '-DPREFETCH_ENABLE=0' -c -I../Drivers/CMSIS/Include -I../Core/Inc -I../Drivers/STM32L0xx_HAL_Driver/Inc -I../Drivers/CMSIS/Device/ST/STM32L0xx/Include -I"/home/chris/Projects/Embedded/OverDrivePedal_sw/LogSequenceGeneration" -O0 -ffunction-sections -fdata-sections -Wall -fstack-usage -MMD -MP -MF"Core/Src/main.d" -MT"Core/Src/main.o" --specs=nano.specs -mfloat-abi=soft -mthumb -o "Core/Src/main.o"
arm-none-eabi-gcc "../Core/Src/stm32l0xx_it.c" -mcpu=cortex-m0plus -std=gnu11 -g3 '-DHSE_VALUE=8000000' '-DHSE_STARTUP_TIMEOUT=100' '-DHSI_VALUE=16000000' -DDEBUG '-DLSE_STARTUP_TIMEOUT=5000' '-DLSE_VALUE=32768' '-DDATA_CACHE_ENABLE=1' '-DLSI_VALUE=37000' '-DMSI_VALUE=2097000' '-DVDD_VALUE=3300' '-DINSTRUCTION_CACHE_ENABLE=1' -DSTM32L011xx -DUSE_FULL_LL_DRIVER '-DPREFETCH_ENABLE=0' -c -I../Drivers/CMSIS/Include -I../Core/Inc -I../Drivers/STM32L0xx_HAL_Driver/Inc -I../Drivers/CMSIS/Device/ST/STM32L0xx/Include -I"/home/chris/Projects/Embedded/OverDrivePedal_sw/LogSequenceGeneration" -O0 -ffunction-sections -fdata-sections -Wall -fstack-usage -MMD -MP -MF"Core/Src/stm32l0xx_it.d" -MT"Core/Src/stm32l0xx_it.o" --specs=nano.specs -mfloat-abi=soft -mthumb -o "Core/Src/stm32l0xx_it.o"
arm-none-eabi-gcc "../Core/Src/syscalls.c" -mcpu=cortex-m0plus -std=gnu11 -g3 '-DHSE_VALUE=8000000' '-DHSE_STARTUP_TIMEOUT=100' '-DHSI_VALUE=16000000' -DDEBUG '-DLSE_STARTUP_TIMEOUT=5000' '-DLSE_VALUE=32768' '-DDATA_CACHE_ENABLE=1' '-DLSI_VALUE=37000' '-DMSI_VALUE=2097000' '-DVDD_VALUE=3300' '-DINSTRUCTION_CACHE_ENABLE=1' -DSTM32L011xx -DUSE_FULL_LL_DRIVER '-DPREFETCH_ENABLE=0' -c -I../Drivers/CMSIS/Include -I../Core/Inc -I../Drivers/STM32L0xx_HAL_Driver/Inc -I../Drivers/CMSIS/Device/ST/STM32L0xx/Include -I"/home/chris/Projects/Embedded/OverDrivePedal_sw/LogSequenceGeneration" -O0 -ffunction-sections -fdata-sections -Wall -fstack-usage -MMD -MP -MF"Core/Src/syscalls.d" -MT"Core/Src/syscalls.o" --specs=nano.specs -mfloat-abi=soft -mthumb -o "Core/Src/syscalls.o"
arm-none-eabi-gcc "../Core/Src/sysmem.c" -mcpu=cortex-m0plus -std=gnu11 -g3 '-DHSE_VALUE=8000000' '-DHSE_STARTUP_TIMEOUT=100' '-DHSI_VALUE=16000000' -DDEBUG '-DLSE_STARTUP_TIMEOUT=5000' '-DLSE_VALUE=32768' '-DDATA_CACHE_ENABLE=1' '-DLSI_VALUE=37000' '-DMSI_VALUE=2097000' '-DVDD_VALUE=3300' '-DINSTRUCTION_CACHE_ENABLE=1' -DSTM32L011xx -DUSE_FULL_LL_DRIVER '-DPREFETCH_ENABLE=0' -c -I../Drivers/CMSIS/Include -I../Core/Inc -I../Drivers/STM32L0xx_HAL_Driver/Inc -I../Drivers/CMSIS/Device/ST/STM32L0xx/Include -I"/home/chris/Projects/Embedded/OverDrivePedal_sw/LogSequenceGeneration" -O0 -ffunction-sections -fdata-sections -Wall -fstack-usage -MMD -MP -MF"Core/Src/sysmem.d" -MT"Core/Src/sysmem.o" --specs=nano.specs -mfloat-abi=soft -mthumb -o "Core/Src/sysmem.o"
arm-none-eabi-gcc "../Core/Src/system_stm32l0xx.c" -mcpu=cortex-m0plus -std=gnu11 -g3 '-DHSE_VALUE=8000000' '-DHSE_STARTUP_TIMEOUT=100' '-DHSI_VALUE=16000000' -DDEBUG '-DLSE_STARTUP_TIMEOUT=5000' '-DLSE_VALUE=32768' '-DDATA_CACHE_ENABLE=1' '-DLSI_VALUE=37000' '-DMSI_VALUE=2097000' '-DVDD_VALUE=3300' '-DINSTRUCTION_CACHE_ENABLE=1' -DSTM32L011xx -DUSE_FULL_LL_DRIVER '-DPREFETCH_ENABLE=0' -c -I../Drivers/CMSIS/Include -I../Core/Inc -I../Drivers/STM32L0xx_HAL_Driver/Inc -I../Drivers/CMSIS/Device/ST/STM32L0xx/Include -I"/home/chris/Projects/Embedded/OverDrivePedal_sw/LogSequenceGeneration" -O0 -ffunction-sections -fdata-sections -Wall -fstack-usage -MMD -MP -MF"Core/Src/system_stm32l0xx.d" -MT"Core/Src/system_stm32l0xx.o" --specs=nano.specs -mfloat-abi=soft -mthumb -o "Core/Src/system_stm32l0xx.o"
arm-none-eabi-gcc "../Core/Src/tim.c" -mcpu=cortex-m0plus -std=gnu11 -g3 '-DHSE_VALUE=8000000' '-DHSE_STARTUP_TIMEOUT=100' '-DHSI_VALUE=16000000' -DDEBUG '-DLSE_STARTUP_TIMEOUT=5000' '-DLSE_VALUE=32768' '-DDATA_CACHE_ENABLE=1' '-DLSI_VALUE=37000' '-DMSI_VALUE=2097000' '-DVDD_VALUE=3300' '-DINSTRUCTION_CACHE_ENABLE=1' -DSTM32L011xx -DUSE_FULL_LL_DRIVER '-DPREFETCH_ENABLE=0' -c -I../Drivers/CMSIS/Include -I../Core/Inc -I../Drivers/STM32L0xx_HAL_Driver/Inc -I../Drivers/CMSIS/Device/ST/STM32L0xx/Include -I"/home/chris/Projects/Embedded/OverDrivePedal_sw/LogSequenceGeneration" -O0 -ffunction-sections -fdata-sections -Wall -fstack-usage -MMD -MP -MF"Core/Src/tim.d" -MT"Core/Src/tim.o" --specs=nano.specs -mfloat-abi=soft -mthumb -o "Core/Src/tim.o"
arm-none-eabi-gcc -o "OverDrivePedal_SW_LL.elf" @"objects.list"   -mcpu=cortex-m0plus -T"/home/chris/Projects/Embedded/OverDrivePedal_sw/OverDrivePedal_SW_LL/STM32L011D4PX_FLASH.ld" --specs=nosys.specs -Wl,-Map="OverDrivePedal_SW_LL.map" -Wl,--gc-sections -static --specs=nano.specs -mfloat-abi=soft -mthumb -Wl,--start-group -lc -lm -Wl,--end-group
Finished building target: OverDrivePedal_SW_LL.elf
 
arm-none-eabi-size   OverDrivePedal_SW_LL.elf 
arm-none-eabi-objdump -h -S  OverDrivePedal_SW_LL.elf  > "OverDrivePedal_SW_LL.list"
arm-none-eabi-objcopy  -O binary  OverDrivePedal_SW_LL.elf  "OverDrivePedal_SW_LL.bin"
   text	   data	    bss	    dec	    hex	filename
   7836	    144	   1568	   9548	   254c	OverDrivePedal_SW_LL.elf
Finished building: default.size.stdout
 
Finished building: OverDrivePedal_SW_LL.bin
 
Finished building: OverDrivePedal_SW_LL.list
 

16:46:48 Build Finished. 0 errors, 0 warnings. (took 1s.72ms)

