00:45:35 **** Incremental Build of configuration Debug for project OverDriverPedal_SW ****
make -j4 all 
arm-none-eabi-gcc "../Core/Src/adc.c" -mcpu=cortex-m0plus -std=gnu11 -g3 -DUSE_HAL_DRIVER -DSTM32L011xx -DDEBUG -c -I../Drivers/CMSIS/Include -I../Core/Inc -I../Drivers/STM32L0xx_HAL_Driver/Inc -I../Drivers/CMSIS/Device/ST/STM32L0xx/Include -I../Drivers/STM32L0xx_HAL_Driver/Inc/Legacy -O0 -ffunction-sections -fdata-sections -Wall -fstack-usage -MMD -MP -MF"Core/Src/adc.d" -MT"Core/Src/adc.o" --specs=nano.specs -mfloat-abi=soft -mthumb -o "Core/Src/adc.o"
arm-none-eabi-gcc "../Core/Src/dma.c" -mcpu=cortex-m0plus -std=gnu11 -g3 -DUSE_HAL_DRIVER -DSTM32L011xx -DDEBUG -c -I../Drivers/CMSIS/Include -I../Core/Inc -I../Drivers/STM32L0xx_HAL_Driver/Inc -I../Drivers/CMSIS/Device/ST/STM32L0xx/Include -I../Drivers/STM32L0xx_HAL_Driver/Inc/Legacy -O0 -ffunction-sections -fdata-sections -Wall -fstack-usage -MMD -MP -MF"Core/Src/dma.d" -MT"Core/Src/dma.o" --specs=nano.specs -mfloat-abi=soft -mthumb -o "Core/Src/dma.o"
arm-none-eabi-gcc "../Core/Src/gpio.c" -mcpu=cortex-m0plus -std=gnu11 -g3 -DUSE_HAL_DRIVER -DSTM32L011xx -DDEBUG -c -I../Drivers/CMSIS/Include -I../Core/Inc -I../Drivers/STM32L0xx_HAL_Driver/Inc -I../Drivers/CMSIS/Device/ST/STM32L0xx/Include -I../Drivers/STM32L0xx_HAL_Driver/Inc/Legacy -O0 -ffunction-sections -fdata-sections -Wall -fstack-usage -MMD -MP -MF"Core/Src/gpio.d" -MT"Core/Src/gpio.o" --specs=nano.specs -mfloat-abi=soft -mthumb -o "Core/Src/gpio.o"
arm-none-eabi-gcc "../Core/Src/lptim.c" -mcpu=cortex-m0plus -std=gnu11 -g3 -DUSE_HAL_DRIVER -DSTM32L011xx -DDEBUG -c -I../Drivers/CMSIS/Include -I../Core/Inc -I../Drivers/STM32L0xx_HAL_Driver/Inc -I../Drivers/CMSIS/Device/ST/STM32L0xx/Include -I../Drivers/STM32L0xx_HAL_Driver/Inc/Legacy -O0 -ffunction-sections -fdata-sections -Wall -fstack-usage -MMD -MP -MF"Core/Src/lptim.d" -MT"Core/Src/lptim.o" --specs=nano.specs -mfloat-abi=soft -mthumb -o "Core/Src/lptim.o"
arm-none-eabi-gcc "../Core/Src/main.c" -mcpu=cortex-m0plus -std=gnu11 -g3 -DUSE_HAL_DRIVER -DSTM32L011xx -DDEBUG -c -I../Drivers/CMSIS/Include -I../Core/Inc -I../Drivers/STM32L0xx_HAL_Driver/Inc -I../Drivers/CMSIS/Device/ST/STM32L0xx/Include -I../Drivers/STM32L0xx_HAL_Driver/Inc/Legacy -O0 -ffunction-sections -fdata-sections -Wall -fstack-usage -MMD -MP -MF"Core/Src/main.d" -MT"Core/Src/main.o" --specs=nano.specs -mfloat-abi=soft -mthumb -o "Core/Src/main.o"
arm-none-eabi-gcc "../Core/Src/stm32l0xx_hal_msp.c" -mcpu=cortex-m0plus -std=gnu11 -g3 -DUSE_HAL_DRIVER -DSTM32L011xx -DDEBUG -c -I../Drivers/CMSIS/Include -I../Core/Inc -I../Drivers/STM32L0xx_HAL_Driver/Inc -I../Drivers/CMSIS/Device/ST/STM32L0xx/Include -I../Drivers/STM32L0xx_HAL_Driver/Inc/Legacy -O0 -ffunction-sections -fdata-sections -Wall -fstack-usage -MMD -MP -MF"Core/Src/stm32l0xx_hal_msp.d" -MT"Core/Src/stm32l0xx_hal_msp.o" --specs=nano.specs -mfloat-abi=soft -mthumb -o "Core/Src/stm32l0xx_hal_msp.o"
arm-none-eabi-gcc "../Core/Src/stm32l0xx_it.c" -mcpu=cortex-m0plus -std=gnu11 -g3 -DUSE_HAL_DRIVER -DSTM32L011xx -DDEBUG -c -I../Drivers/CMSIS/Include -I../Core/Inc -I../Drivers/STM32L0xx_HAL_Driver/Inc -I../Drivers/CMSIS/Device/ST/STM32L0xx/Include -I../Drivers/STM32L0xx_HAL_Driver/Inc/Legacy -O0 -ffunction-sections -fdata-sections -Wall -fstack-usage -MMD -MP -MF"Core/Src/stm32l0xx_it.d" -MT"Core/Src/stm32l0xx_it.o" --specs=nano.specs -mfloat-abi=soft -mthumb -o "Core/Src/stm32l0xx_it.o"
arm-none-eabi-gcc "../Core/Src/tim.c" -mcpu=cortex-m0plus -std=gnu11 -g3 -DUSE_HAL_DRIVER -DSTM32L011xx -DDEBUG -c -I../Drivers/CMSIS/Include -I../Core/Inc -I../Drivers/STM32L0xx_HAL_Driver/Inc -I../Drivers/CMSIS/Device/ST/STM32L0xx/Include -I../Drivers/STM32L0xx_HAL_Driver/Inc/Legacy -O0 -ffunction-sections -fdata-sections -Wall -fstack-usage -MMD -MP -MF"Core/Src/tim.d" -MT"Core/Src/tim.o" --specs=nano.specs -mfloat-abi=soft -mthumb -o "Core/Src/tim.o"
arm-none-eabi-gcc -o "OverDriverPedal_SW.elf" @"objects.list"   -mcpu=cortex-m0plus -T"/home/chris/Projects/Embedded/OverDrivePedal_sw/OverDriverPedal_SW/STM32L011D4PX_FLASH.ld" --specs=nosys.specs -Wl,-Map="OverDriverPedal_SW.map" -Wl,--gc-sections -static --specs=nano.specs -mfloat-abi=soft -mthumb -Wl,--start-group -lc -lm -Wl,--end-group
Finished building target: OverDriverPedal_SW.elf
 
arm-none-eabi-objdump -h -S  OverDriverPedal_SW.elf  > "OverDriverPedal_SW.list"
arm-none-eabi-objcopy  -O binary  OverDriverPedal_SW.elf  "OverDriverPedal_SW.bin"
arm-none-eabi-size   OverDriverPedal_SW.elf 
   text	   data	    bss	    dec	    hex	filename
  14372	     16	   1912	  16300	   3fac	OverDriverPedal_SW.elf
Finished building: OverDriverPedal_SW.bin
Finished building: default.size.stdout
 
 
Finished building: OverDriverPedal_SW.list
 

00:45:36 Build Finished. 0 errors, 0 warnings. (took 946ms)

